Archive member included to satisfy reference by file (symbol)

c:/program files (x86)/atollic/truestudio for stm32 9.0.0/armtools/bin/../lib/gcc/arm-atollic-eabi/6.3.1/../../../../arm-atollic-eabi/lib/armv7e-m/fpu\libc_nano.a(lib_a-init.o)
                              Application\TrueSTUDIO\startup_stm32f407xx.o (__libc_init_array)
c:/program files (x86)/atollic/truestudio for stm32 9.0.0/armtools/bin/../lib/gcc/arm-atollic-eabi/6.3.1/../../../../arm-atollic-eabi/lib/armv7e-m/fpu\libm.a(lib_a-sf_sin.o)
                              Application\User\main.o (sinf)
c:/program files (x86)/atollic/truestudio for stm32 9.0.0/armtools/bin/../lib/gcc/arm-atollic-eabi/6.3.1/../../../../arm-atollic-eabi/lib/armv7e-m/fpu\libm.a(lib_a-ef_rem_pio2.o)
                              c:/program files (x86)/atollic/truestudio for stm32 9.0.0/armtools/bin/../lib/gcc/arm-atollic-eabi/6.3.1/../../../../arm-atollic-eabi/lib/armv7e-m/fpu\libm.a(lib_a-sf_sin.o) (__ieee754_rem_pio2f)
c:/program files (x86)/atollic/truestudio for stm32 9.0.0/armtools/bin/../lib/gcc/arm-atollic-eabi/6.3.1/../../../../arm-atollic-eabi/lib/armv7e-m/fpu\libm.a(lib_a-kf_cos.o)
                              c:/program files (x86)/atollic/truestudio for stm32 9.0.0/armtools/bin/../lib/gcc/arm-atollic-eabi/6.3.1/../../../../arm-atollic-eabi/lib/armv7e-m/fpu\libm.a(lib_a-sf_sin.o) (__kernel_cosf)
c:/program files (x86)/atollic/truestudio for stm32 9.0.0/armtools/bin/../lib/gcc/arm-atollic-eabi/6.3.1/../../../../arm-atollic-eabi/lib/armv7e-m/fpu\libm.a(lib_a-kf_rem_pio2.o)
                              c:/program files (x86)/atollic/truestudio for stm32 9.0.0/armtools/bin/../lib/gcc/arm-atollic-eabi/6.3.1/../../../../arm-atollic-eabi/lib/armv7e-m/fpu\libm.a(lib_a-ef_rem_pio2.o) (__kernel_rem_pio2f)
c:/program files (x86)/atollic/truestudio for stm32 9.0.0/armtools/bin/../lib/gcc/arm-atollic-eabi/6.3.1/../../../../arm-atollic-eabi/lib/armv7e-m/fpu\libm.a(lib_a-kf_sin.o)
                              c:/program files (x86)/atollic/truestudio for stm32 9.0.0/armtools/bin/../lib/gcc/arm-atollic-eabi/6.3.1/../../../../arm-atollic-eabi/lib/armv7e-m/fpu\libm.a(lib_a-sf_sin.o) (__kernel_sinf)
c:/program files (x86)/atollic/truestudio for stm32 9.0.0/armtools/bin/../lib/gcc/arm-atollic-eabi/6.3.1/../../../../arm-atollic-eabi/lib/armv7e-m/fpu\libm.a(lib_a-sf_fabs.o)
                              c:/program files (x86)/atollic/truestudio for stm32 9.0.0/armtools/bin/../lib/gcc/arm-atollic-eabi/6.3.1/../../../../arm-atollic-eabi/lib/armv7e-m/fpu\libm.a(lib_a-ef_rem_pio2.o) (fabsf)
c:/program files (x86)/atollic/truestudio for stm32 9.0.0/armtools/bin/../lib/gcc/arm-atollic-eabi/6.3.1/../../../../arm-atollic-eabi/lib/armv7e-m/fpu\libm.a(lib_a-sf_floor.o)
                              c:/program files (x86)/atollic/truestudio for stm32 9.0.0/armtools/bin/../lib/gcc/arm-atollic-eabi/6.3.1/../../../../arm-atollic-eabi/lib/armv7e-m/fpu\libm.a(lib_a-kf_rem_pio2.o) (floorf)
c:/program files (x86)/atollic/truestudio for stm32 9.0.0/armtools/bin/../lib/gcc/arm-atollic-eabi/6.3.1/../../../../arm-atollic-eabi/lib/armv7e-m/fpu\libm.a(lib_a-sf_scalbn.o)
                              c:/program files (x86)/atollic/truestudio for stm32 9.0.0/armtools/bin/../lib/gcc/arm-atollic-eabi/6.3.1/../../../../arm-atollic-eabi/lib/armv7e-m/fpu\libm.a(lib_a-kf_rem_pio2.o) (scalbnf)
c:/program files (x86)/atollic/truestudio for stm32 9.0.0/armtools/bin/../lib/gcc/arm-atollic-eabi/6.3.1/../../../../arm-atollic-eabi/lib/armv7e-m/fpu\libm.a(lib_a-sf_copysign.o)
                              c:/program files (x86)/atollic/truestudio for stm32 9.0.0/armtools/bin/../lib/gcc/arm-atollic-eabi/6.3.1/../../../../arm-atollic-eabi/lib/armv7e-m/fpu\libm.a(lib_a-sf_scalbn.o) (copysignf)
c:/program files (x86)/atollic/truestudio for stm32 9.0.0/armtools/bin/../lib/gcc/arm-atollic-eabi/6.3.1/armv7e-m/fpu\libgcc.a(_arm_addsubdf3.o)
                              Application\User\main.o (__aeabi_dadd)
c:/program files (x86)/atollic/truestudio for stm32 9.0.0/armtools/bin/../lib/gcc/arm-atollic-eabi/6.3.1/armv7e-m/fpu\libgcc.a(_arm_muldivdf3.o)
                              Application\User\main.o (__aeabi_dmul)
c:/program files (x86)/atollic/truestudio for stm32 9.0.0/armtools/bin/../lib/gcc/arm-atollic-eabi/6.3.1/armv7e-m/fpu\libgcc.a(_arm_fixunsdfsi.o)
                              Application\User\main.o (__aeabi_d2uiz)
c:/program files (x86)/atollic/truestudio for stm32 9.0.0/armtools/bin/../lib/gcc/arm-atollic-eabi/6.3.1/armv7e-m/fpu\libgcc.a(_arm_truncdfsf2.o)
                              Application\User\main.o (__aeabi_d2f)

Allocating common symbols
Common symbol       size              file

senoide             0xbb80            Application\User\main.o
uwTick              0x4               Drivers\STM32F4xx_HAL_Driver\stm32f4xx_hal.o
pFlash              0x20              Drivers\STM32F4xx_HAL_Driver\stm32f4xx_hal_flash.o
hdma_dac1           0x58              Application\User\main.o
[...]
Memory Configuration

Name             Origin             Length             Attributes
FLASH            0x08000000         0x00100000         xr
RAM              0x20000000         0x00020000         xrw
CCMRAM           0x10000000         0x00010000         rw
*default*        0x00000000         0xffffffff

Linker script and memory map

LOAD c:/program files (x86)/atollic/truestudio for stm32 9.0.0/armtools/bin/../lib/gcc/arm-atollic-eabi/6.3.1/armv7e-m/fpu/crti.o
LOAD c:/program files (x86)/atollic/truestudio for stm32 9.0.0/armtools/bin/../lib/gcc/arm-atollic-eabi/6.3.1/armv7e-m/fpu/crtbegin.o
LOAD Application\TrueSTUDIO\startup_stm32f407xx.o
LOAD Application\User\main.o
LOAD Application\User\stm32f4xx_hal_msp.o
LOAD Application\User\stm32f4xx_it.o
LOAD Drivers\CMSIS\system_stm32f4xx.o
LOAD Drivers\STM32F4xx_HAL_Driver\stm32f4xx_hal.o
LOAD Drivers\STM32F4xx_HAL_Driver\stm32f4xx_hal_cortex.o
LOAD Drivers\STM32F4xx_HAL_Driver\stm32f4xx_hal_dac.o
LOAD Drivers\STM32F4xx_HAL_Driver\stm32f4xx_hal_dac_ex.o
LOAD Drivers\STM32F4xx_HAL_Driver\stm32f4xx_hal_dma.o
LOAD Drivers\STM32F4xx_HAL_Driver\stm32f4xx_hal_dma_ex.o
LOAD Drivers\STM32F4xx_HAL_Driver\stm32f4xx_hal_flash.o
LOAD Drivers\STM32F4xx_HAL_Driver\stm32f4xx_hal_flash_ex.o
LOAD Drivers\STM32F4xx_HAL_Driver\stm32f4xx_hal_flash_ramfunc.o
LOAD Drivers\STM32F4xx_HAL_Driver\stm32f4xx_hal_gpio.o
LOAD Drivers\STM32F4xx_HAL_Driver\stm32f4xx_hal_pwr.o
LOAD Drivers\STM32F4xx_HAL_Driver\stm32f4xx_hal_pwr_ex.o
LOAD Drivers\STM32F4xx_HAL_Driver\stm32f4xx_hal_rcc.o
LOAD Drivers\STM32F4xx_HAL_Driver\stm32f4xx_hal_rcc_ex.o
LOAD Drivers\STM32F4xx_HAL_Driver\stm32f4xx_hal_rtc.o
LOAD Drivers\STM32F4xx_HAL_Driver\stm32f4xx_hal_rtc_ex.o
LOAD Drivers\STM32F4xx_HAL_Driver\stm32f4xx_hal_tim.o
LOAD Drivers\STM32F4xx_HAL_Driver\stm32f4xx_hal_tim_ex.o
                0x00000080                malloc_getpagesize_P = 0x80
START GROUP
LOAD c:/program files (x86)/atollic/truestudio for stm32 9.0.0/armtools/bin/../lib/gcc/arm-atollic-eabi/6.3.1/../../../../arm-atollic-eabi/lib/armv7e-m/fpu\libc_nano.a
LOAD c:/program files (x86)/atollic/truestudio for stm32 9.0.0/armtools/bin/../lib/gcc/arm-atollic-eabi/6.3.1/../../../../arm-atollic-eabi/lib/armv7e-m/fpu\libm.a
END GROUP
START GROUP
LOAD c:/program files (x86)/atollic/truestudio for stm32 9.0.0/armtools/bin/../lib/gcc/arm-atollic-eabi/6.3.1/armv7e-m/fpu\libgcc.a
LOAD c:/program files (x86)/atollic/truestudio for stm32 9.0.0/armtools/bin/../lib/gcc/arm-atollic-eabi/6.3.1/../../../../arm-atollic-eabi/lib/armv7e-m/fpu\libc_nano.a
END GROUP
START GROUP
LOAD c:/program files (x86)/atollic/truestudio for stm32 9.0.0/armtools/bin/../lib/gcc/arm-atollic-eabi/6.3.1/armv7e-m/fpu\libgcc.a
LOAD c:/program files (x86)/atollic/truestudio for stm32 9.0.0/armtools/bin/../lib/gcc/arm-atollic-eabi/6.3.1/../../../../arm-atollic-eabi/lib/armv7e-m/fpu\libc_nano.a
LOAD c:/program files (x86)/atollic/truestudio for stm32 9.0.0/armtools/bin/../lib/gcc/arm-atollic-eabi/6.3.1/../../../../arm-atollic-eabi/lib/armv7e-m/fpu\libnosys.a
END GROUP
START GROUP
LOAD c:/program files (x86)/atollic/truestudio for stm32 9.0.0/armtools/bin/../lib/gcc/arm-atollic-eabi/6.3.1/armv7e-m/fpu\libgcc.a
LOAD c:/program files (x86)/atollic/truestudio for stm32 9.0.0/armtools/bin/../lib/gcc/arm-atollic-eabi/6.3.1/../../../../arm-atollic-eabi/lib/armv7e-m/fpu\libc_nano.a
LOAD c:/program files (x86)/atollic/truestudio for stm32 9.0.0/armtools/bin/../lib/gcc/arm-atollic-eabi/6.3.1/../../../../arm-atollic-eabi/lib/armv7e-m/fpu\libnosys.a
END GROUP
LOAD c:/program files (x86)/atollic/truestudio for stm32 9.0.0/armtools/bin/../lib/gcc/arm-atollic-eabi/6.3.1/armv7e-m/fpu/crtend.o
LOAD c:/program files (x86)/atollic/truestudio for stm32 9.0.0/armtools/bin/../lib/gcc/arm-atollic-eabi/6.3.1/armv7e-m/fpu/crtn.o
                0x20020000                _estack = 0x20020000
                0x00000400                _Min_Heap_Size = 0x400
                0x00000200                _Min_Stack_Size = 0x200

.isr_vector     0x08000000      0x188
                0x08000000                . = ALIGN (0x4)
 *(.isr_vector)
 .isr_vector    0x08000000      0x188 Application\TrueSTUDIO\startup_stm32f407xx.o
                0x08000000                g_pfnVectors
                0x08000188                . = ALIGN (0x4)

.text           0x08000188     0x2438
                0x08000188                . = ALIGN (0x4)
 *(.text)
 .text          0x08000188       0x40 c:/program files (x86)/atollic/truestudio for stm32 9.0.0/armtools/bin/../lib/gcc/arm-atollic-eabi/6.3.1/armv7e-m/fpu/crtbegin.o
 .text          0x080001c8      0x370 c:/program files (x86)/atollic/truestudio for stm32 9.0.0/armtools/bin/../lib/gcc/arm-atollic-eabi/6.3.1/armv7e-m/fpu\libgcc.a(_arm_addsubdf3.o)
                0x080001c8                __aeabi_drsub
                0x080001d0                __aeabi_dsub
                0x080001d0                __subdf3
                0x080001d4                __aeabi_dadd
                0x080001d4                __adddf3
                0x0800044c                __floatunsidf
                0x0800044c                __aeabi_ui2d
                0x0800046c                __floatsidf
                0x0800046c                __aeabi_i2d
                0x08000490                __aeabi_f2d
                0x08000490                __extendsfdf2
                0x080004cc                __floatundidf
                0x080004cc                __aeabi_ul2d
                0x080004dc                __floatdidf
                0x080004dc                __aeabi_l2d
 .text          0x08000538      0x424 c:/program files (x86)/atollic/truestudio for stm32 9.0.0/armtools/bin/../lib/gcc/arm-atollic-eabi/6.3.1/armv7e-m/fpu\libgcc.a(_arm_muldivdf3.o)
                0x08000538                __aeabi_dmul
                0x08000538                __muldf3
                0x0800078c                __divdf3
                0x0800078c                __aeabi_ddiv
 .text          0x0800095c       0x40 c:/program files (x86)/atollic/truestudio for stm32 9.0.0/armtools/bin/../lib/gcc/arm-atollic-eabi/6.3.1/armv7e-m/fpu\libgcc.a(_arm_fixunsdfsi.o)
                0x0800095c                __aeabi_d2uiz
                0x0800095c                __fixunsdfsi
 .text          0x0800099c       0xa0 c:/program files (x86)/atollic/truestudio for stm32 9.0.0/armtools/bin/../lib/gcc/arm-atollic-eabi/6.3.1/armv7e-m/fpu\libgcc.a(_arm_truncdfsf2.o)
                0x0800099c                __truncdfsf2
                0x0800099c                __aeabi_d2f
 *(.text*)
 .text.Reset_Handler
                0x08000a3c       0x50 Application\TrueSTUDIO\startup_stm32f407xx.o
                0x08000a3c                Reset_Handler
 .text.Default_Handler
                0x08000a8c        0x2 Application\TrueSTUDIO\startup_stm32f407xx.o
                0x08000a8c                RTC_Alarm_IRQHandler
                0x08000a8c                HASH_RNG_IRQHandler
                0x08000a8c                EXTI2_IRQHandler
                0x08000a8c                TIM8_CC_IRQHandler
                0x08000a8c                DebugMon_Handler
                0x08000a8c                TIM1_CC_IRQHandler
                0x08000a8c                DMA2_Stream5_IRQHandler
                0x08000a8c                HardFault_Handler
                0x08000a8c                PVD_IRQHandler
                0x08000a8c                SDIO_IRQHandler
                0x08000a8c                TAMP_STAMP_IRQHandler
                0x08000a8c                PendSV_Handler
                0x08000a8c                NMI_Handler
                0x08000a8c                CAN2_RX1_IRQHandler
                0x08000a8c                EXTI3_IRQHandler
                0x08000a8c                TIM8_TRG_COM_TIM14_IRQHandler
                0x08000a8c                TIM1_UP_TIM10_IRQHandler
                0x08000a8c                TIM8_UP_TIM13_IRQHandler
                0x08000a8c                I2C3_ER_IRQHandler
                0x08000a8c                EXTI0_IRQHandler
                0x08000a8c                I2C2_EV_IRQHandler
                0x08000a8c                DMA1_Stream2_IRQHandler
                0x08000a8c                CAN1_RX0_IRQHandler
                0x08000a8c                FPU_IRQHandler
                0x08000a8c                OTG_HS_WKUP_IRQHandler
                0x08000a8c                UsageFault_Handler
                0x08000a8c                CAN2_SCE_IRQHandler
                0x08000a8c                DMA2_Stream2_IRQHandler
                0x08000a8c                SPI1_IRQHandler
                0x08000a8c                TIM6_DAC_IRQHandler
                0x08000a8c                TIM1_BRK_TIM9_IRQHandler
                0x08000a8c                DCMI_IRQHandler
                0x08000a8c                CAN2_RX0_IRQHandler
                0x08000a8c                DMA2_Stream3_IRQHandler
                0x08000a8c                USART6_IRQHandler
                0x08000a8c                USART3_IRQHandler
                0x08000a8c                CAN1_RX1_IRQHandler
                0x08000a8c                UART5_IRQHandler
                0x08000a8c                DMA2_Stream0_IRQHandler
                0x08000a8c                TIM4_IRQHandler
                0x08000a8c                I2C1_EV_IRQHandler
                0x08000a8c                DMA1_Stream6_IRQHandler
                0x08000a8c                DMA1_Stream1_IRQHandler
                0x08000a8c                UART4_IRQHandler
                0x08000a8c                TIM3_IRQHandler
                0x08000a8c                RCC_IRQHandler
                0x08000a8c                TIM8_BRK_TIM12_IRQHandler
                0x08000a8c                Default_Handler
                0x08000a8c                EXTI15_10_IRQHandler
                0x08000a8c                ADC_IRQHandler
                0x08000a8c                DMA1_Stream7_IRQHandler
                0x08000a8c                TIM7_IRQHandler
                0x08000a8c                CAN2_TX_IRQHandler
                0x08000a8c                TIM5_IRQHandler
                0x08000a8c                DMA2_Stream7_IRQHandler
                0x08000a8c                I2C3_EV_IRQHandler
                0x08000a8c                EXTI9_5_IRQHandler
                0x08000a8c                RTC_WKUP_IRQHandler
                0x08000a8c                ETH_WKUP_IRQHandler
                0x08000a8c                SPI2_IRQHandler
                0x08000a8c                OTG_HS_EP1_IN_IRQHandler
                0x08000a8c                MemManage_Handler
                0x08000a8c                DMA1_Stream0_IRQHandler
                0x08000a8c                CAN1_TX_IRQHandler
                0x08000a8c                SVC_Handler
                0x08000a8c                EXTI4_IRQHandler
                0x08000a8c                FSMC_IRQHandler
                0x08000a8c                ETH_IRQHandler
                0x08000a8c                OTG_HS_EP1_OUT_IRQHandler
                0x08000a8c                WWDG_IRQHandler
                0x08000a8c                TIM2_IRQHandler
                0x08000a8c                OTG_FS_WKUP_IRQHandler
                0x08000a8c                TIM1_TRG_COM_TIM11_IRQHandler
                0x08000a8c                OTG_HS_IRQHandler
                0x08000a8c                EXTI1_IRQHandler
                0x08000a8c                USART2_IRQHandler
                0x08000a8c                I2C2_ER_IRQHandler
                0x08000a8c                DMA2_Stream1_IRQHandler
                0x08000a8c                CAN1_SCE_IRQHandler
                0x08000a8c                FLASH_IRQHandler
                0x08000a8c                DMA2_Stream4_IRQHandler
                0x08000a8c                BusFault_Handler
                0x08000a8c                USART1_IRQHandler
                0x08000a8c                OTG_FS_IRQHandler
                0x08000a8c                SPI3_IRQHandler
                0x08000a8c                DMA1_Stream4_IRQHandler
                0x08000a8c                I2C1_ER_IRQHandler
                0x08000a8c                DMA2_Stream6_IRQHandler
                0x08000a8c                DMA1_Stream3_IRQHandler
 *fill*         0x08000a8e        0x2 
 .text.SystemClock_Config
                0x08000a90       0x88 Application\User\main.o
                0x08000a90                SystemClock_Config
 .text.TIM6_Config
                0x08000b18       0x3c Application\User\main.o
                0x08000b18                TIM6_Config
 *fill*         0x08000b54        0x4 
 .text.startup.main
                0x08000b58      0x138 Application\User\main.o
                0x08000b58                main
 .text.HAL_TIM_Base_MspInit
                0x08000c90       0x24 Application\User\main.o
                0x08000c90                HAL_TIM_Base_MspInit
 .text.HAL_MspInit
                0x08000cb4       0x18 Application\User\stm32f4xx_hal_msp.o
                0x08000cb4                HAL_MspInit
 .text.HAL_DAC_MspInit
                0x08000ccc       0x84 Application\User\stm32f4xx_hal_msp.o
                0x08000ccc                HAL_DAC_MspInit
 .text.SysTick_Handler
                0x08000d50        0xe Application\User\stm32f4xx_it.o
                0x08000d50                SysTick_Handler
 *fill*         0x08000d5e        0x2 
 .text.DMA1_Stream5_IRQHandler
                0x08000d60        0xc Application\User\stm32f4xx_it.o
                0x08000d60                DMA1_Stream5_IRQHandler
 .text.SystemInit
                0x08000d6c       0x4c Drivers\CMSIS\system_stm32f4xx.o
                0x08000d6c                SystemInit
 .text.HAL_InitTick
                0x08000db8       0x24 Drivers\STM32F4xx_HAL_Driver\stm32f4xx_hal.o
                0x08000db8                HAL_InitTick
 .text.HAL_Init
                0x08000ddc       0x34 Drivers\STM32F4xx_HAL_Driver\stm32f4xx_hal.o
                0x08000ddc                HAL_Init
 .text.HAL_IncTick
                0x08000e10       0x10 Drivers\STM32F4xx_HAL_Driver\stm32f4xx_hal.o
                0x08000e10                HAL_IncTick
 .text.HAL_GetTick
                0x08000e20        0xc Drivers\STM32F4xx_HAL_Driver\stm32f4xx_hal.o
                0x08000e20                HAL_GetTick
 .text.HAL_NVIC_SetPriorityGrouping
                0x08000e2c       0x24 Drivers\STM32F4xx_HAL_Driver\stm32f4xx_hal_cortex.o
                0x08000e2c                HAL_NVIC_SetPriorityGrouping
 .text.HAL_NVIC_SetPriority
                0x08000e50       0x68 Drivers\STM32F4xx_HAL_Driver\stm32f4xx_hal_cortex.o
                0x08000e50                HAL_NVIC_SetPriority
 .text.HAL_NVIC_EnableIRQ
                0x08000eb8       0x18 Drivers\STM32F4xx_HAL_Driver\stm32f4xx_hal_cortex.o
                0x08000eb8                HAL_NVIC_EnableIRQ
 .text.HAL_SYSTICK_Config
                0x08000ed0       0x2c Drivers\STM32F4xx_HAL_Driver\stm32f4xx_hal_cortex.o
                0x08000ed0                HAL_SYSTICK_Config
 .text.HAL_SYSTICK_CLKSourceConfig
                0x08000efc       0x18 Drivers\STM32F4xx_HAL_Driver\stm32f4xx_hal_cortex.o
                0x08000efc                HAL_SYSTICK_CLKSourceConfig
 .text.HAL_SYSTICK_Callback
                0x08000f14        0x2 Drivers\STM32F4xx_HAL_Driver\stm32f4xx_hal_cortex.o
                0x08000f14                HAL_SYSTICK_Callback
 .text.HAL_SYSTICK_IRQHandler
                0x08000f16        0x8 Drivers\STM32F4xx_HAL_Driver\stm32f4xx_hal_cortex.o
                0x08000f16                HAL_SYSTICK_IRQHandler
 .text.HAL_DAC_Init
                0x08000f1e       0x26 Drivers\STM32F4xx_HAL_Driver\stm32f4xx_hal_dac.o
                0x08000f1e                HAL_DAC_Init
 .text.HAL_DAC_Start_DMA
                0x08000f44       0xc8 Drivers\STM32F4xx_HAL_Driver\stm32f4xx_hal_dac.o
                0x08000f44                HAL_DAC_Start_DMA
 .text.HAL_DAC_ConvCpltCallbackCh1
                0x0800100c        0x2 Drivers\STM32F4xx_HAL_Driver\stm32f4xx_hal_dac.o
                0x0800100c                HAL_DAC_ConvCpltCallbackCh1
 .text.DAC_DMAConvCpltCh1
                0x0800100e       0x10 Drivers\STM32F4xx_HAL_Driver\stm32f4xx_hal_dac.o
 .text.HAL_DAC_ConvHalfCpltCallbackCh1
                0x0800101e        0x2 Drivers\STM32F4xx_HAL_Driver\stm32f4xx_hal_dac.o
                0x0800101e                HAL_DAC_ConvHalfCpltCallbackCh1
 .text.DAC_DMAHalfConvCpltCh1
                0x08001020        0xa Drivers\STM32F4xx_HAL_Driver\stm32f4xx_hal_dac.o
 .text.HAL_DAC_ErrorCallbackCh1
                0x0800102a        0x2 Drivers\STM32F4xx_HAL_Driver\stm32f4xx_hal_dac.o
                0x0800102a                HAL_DAC_ErrorCallbackCh1
 .text.DAC_DMAErrorCh1
                0x0800102c       0x18 Drivers\STM32F4xx_HAL_Driver\stm32f4xx_hal_dac.o
 .text.HAL_DAC_ConfigChannel
                0x08001044       0x40 Drivers\STM32F4xx_HAL_Driver\stm32f4xx_hal_dac.o
                0x08001044                HAL_DAC_ConfigChannel
 .text.HAL_DACEx_ConvCpltCallbackCh2
                0x08001084        0x2 Drivers\STM32F4xx_HAL_Driver\stm32f4xx_hal_dac_ex.o
                0x08001084                HAL_DACEx_ConvCpltCallbackCh2
 .text.HAL_DACEx_ConvHalfCpltCallbackCh2
                0x08001086        0x2 Drivers\STM32F4xx_HAL_Driver\stm32f4xx_hal_dac_ex.o
                0x08001086                HAL_DACEx_ConvHalfCpltCallbackCh2
 .text.HAL_DACEx_ErrorCallbackCh2
                0x08001088        0x2 Drivers\STM32F4xx_HAL_Driver\stm32f4xx_hal_dac_ex.o
                0x08001088                HAL_DACEx_ErrorCallbackCh2
 .text.DAC_DMAConvCpltCh2
                0x0800108a       0x10 Drivers\STM32F4xx_HAL_Driver\stm32f4xx_hal_dac_ex.o
                0x0800108a                DAC_DMAConvCpltCh2
 .text.DAC_DMAHalfConvCpltCh2
                0x0800109a        0xa Drivers\STM32F4xx_HAL_Driver\stm32f4xx_hal_dac_ex.o
                0x0800109a                DAC_DMAHalfConvCpltCh2
 .text.DAC_DMAErrorCh2
                0x080010a4       0x18 Drivers\STM32F4xx_HAL_Driver\stm32f4xx_hal_dac_ex.o
                0x080010a4                DAC_DMAErrorCh2
 .text.DMA_CalcBaseAndBitshift
                0x080010bc       0x2c Drivers\STM32F4xx_HAL_Driver\stm32f4xx_hal_dma.o
 .text.HAL_DMA_Init
                0x080010e8       0x7c Drivers\STM32F4xx_HAL_Driver\stm32f4xx_hal_dma.o
                0x080010e8                HAL_DMA_Init
 .text.HAL_DMA_Start_IT
                0x08001164       0x5a Drivers\STM32F4xx_HAL_Driver\stm32f4xx_hal_dma.o
                0x08001164                HAL_DMA_Start_IT
 *fill*         0x080011be        0x2 
 .text.HAL_DMA_IRQHandler
                0x080011c0      0x164 Drivers\STM32F4xx_HAL_Driver\stm32f4xx_hal_dma.o
                0x080011c0                HAL_DMA_IRQHandler
 .text.HAL_GPIO_Init
                0x08001324      0x1cc Drivers\STM32F4xx_HAL_Driver\stm32f4xx_hal_gpio.o
                0x08001324                HAL_GPIO_Init
 .text.HAL_RCC_OscConfig
                0x080014f0      0x2d8 Drivers\STM32F4xx_HAL_Driver\stm32f4xx_hal_rcc.o
                0x080014f0                HAL_RCC_OscConfig
 .text.HAL_RCC_ClockConfig
                0x080017c8      0x144 Drivers\STM32F4xx_HAL_Driver\stm32f4xx_hal_rcc.o
                0x080017c8                HAL_RCC_ClockConfig
 .text.HAL_RCC_GetSysClockFreq
                0x0800190c       0x74 Drivers\STM32F4xx_HAL_Driver\stm32f4xx_hal_rcc.o
                0x0800190c                HAL_RCC_GetSysClockFreq
 .text.HAL_RCC_GetHCLKFreq
                0x08001980       0x34 Drivers\STM32F4xx_HAL_Driver\stm32f4xx_hal_rcc.o
                0x08001980                HAL_RCC_GetHCLKFreq
 .text.HAL_TIM_Base_Start
                0x080019b4       0x1a Drivers\STM32F4xx_HAL_Driver\stm32f4xx_hal_tim.o
                0x080019b4                HAL_TIM_Base_Start
 *fill*         0x080019ce        0x2 
 .text.TIM_Base_SetConfig
                0x080019d0       0xc8 Drivers\STM32F4xx_HAL_Driver\stm32f4xx_hal_tim.o
                0x080019d0                TIM_Base_SetConfig
 .text.HAL_TIM_Base_Init
                0x08001a98       0x34 Drivers\STM32F4xx_HAL_Driver\stm32f4xx_hal_tim.o
                0x08001a98                HAL_TIM_Base_Init
 .text.HAL_TIMEx_MasterConfigSynchronization
                0x08001acc       0x44 Drivers\STM32F4xx_HAL_Driver\stm32f4xx_hal_tim_ex.o
                0x08001acc                HAL_TIMEx_MasterConfigSynchronization
 .text.__libc_init_array
                0x08001b10       0x48 c:/program files (x86)/atollic/truestudio for stm32 9.0.0/armtools/bin/../lib/gcc/arm-atollic-eabi/6.3.1/../../../../arm-atollic-eabi/lib/armv7e-m/fpu\libc_nano.a(lib_a-init.o)
                0x08001b10                __libc_init_array
 .text.sinf     0x08001b58       0x84 c:/program files (x86)/atollic/truestudio for stm32 9.0.0/armtools/bin/../lib/gcc/arm-atollic-eabi/6.3.1/../../../../arm-atollic-eabi/lib/armv7e-m/fpu\libm.a(lib_a-sf_sin.o)
                0x08001b58                sinf
 .text.__ieee754_rem_pio2f
                0x08001bdc      0x258 c:/program files (x86)/atollic/truestudio for stm32 9.0.0/armtools/bin/../lib/gcc/arm-atollic-eabi/6.3.1/../../../../arm-atollic-eabi/lib/armv7e-m/fpu\libm.a(lib_a-ef_rem_pio2.o)
                0x08001bdc                __ieee754_rem_pio2f
 .text.__kernel_cosf
                0x08001e34       0xbc c:/program files (x86)/atollic/truestudio for stm32 9.0.0/armtools/bin/../lib/gcc/arm-atollic-eabi/6.3.1/../../../../arm-atollic-eabi/lib/armv7e-m/fpu\libm.a(lib_a-kf_cos.o)
                0x08001e34                __kernel_cosf
 .text.__kernel_rem_pio2f
                0x08001ef0      0x4bc c:/program files (x86)/atollic/truestudio for stm32 9.0.0/armtools/bin/../lib/gcc/arm-atollic-eabi/6.3.1/../../../../arm-atollic-eabi/lib/armv7e-m/fpu\libm.a(lib_a-kf_rem_pio2.o)
                0x08001ef0                __kernel_rem_pio2f
 .text.__kernel_sinf
                0x080023ac       0x90 c:/program files (x86)/atollic/truestudio for stm32 9.0.0/armtools/bin/../lib/gcc/arm-atollic-eabi/6.3.1/../../../../arm-atollic-eabi/lib/armv7e-m/fpu\libm.a(lib_a-kf_sin.o)
                0x080023ac                __kernel_sinf
 .text.fabsf    0x0800243c        0xe c:/program files (x86)/atollic/truestudio for stm32 9.0.0/armtools/bin/../lib/gcc/arm-atollic-eabi/6.3.1/../../../../arm-atollic-eabi/lib/armv7e-m/fpu\libm.a(lib_a-sf_fabs.o)
                0x0800243c                fabsf
 *fill*         0x0800244a        0x2 
 .text.floorf   0x0800244c       0x84 c:/program files (x86)/atollic/truestudio for stm32 9.0.0/armtools/bin/../lib/gcc/arm-atollic-eabi/6.3.1/../../../../arm-atollic-eabi/lib/armv7e-m/fpu\libm.a(lib_a-sf_floor.o)
                0x0800244c                floorf
 .text.scalbnf  0x080024d0       0xc0 c:/program files (x86)/atollic/truestudio for stm32 9.0.0/armtools/bin/../lib/gcc/arm-atollic-eabi/6.3.1/../../../../arm-atollic-eabi/lib/armv7e-m/fpu\libm.a(lib_a-sf_scalbn.o)
                0x080024d0                scalbnf
 .text.copysignf
                0x08002590       0x18 c:/program files (x86)/atollic/truestudio for stm32 9.0.0/armtools/bin/../lib/gcc/arm-atollic-eabi/6.3.1/../../../../arm-atollic-eabi/lib/armv7e-m/fpu\libm.a(lib_a-sf_copysign.o)
                0x08002590                copysignf
 *(.glue_7)
 .glue_7        0x080025a8        0x0 linker stubs
 *(.glue_7t)
 .glue_7t       0x080025a8        0x0 linker stubs
 *(.eh_frame)
 .eh_frame      0x080025a8        0x0 c:/program files (x86)/atollic/truestudio for stm32 9.0.0/armtools/bin/../lib/gcc/arm-atollic-eabi/6.3.1/armv7e-m/fpu/crtbegin.o
 *(.init)
 .init          0x080025a8        0x4 c:/program files (x86)/atollic/truestudio for stm32 9.0.0/armtools/bin/../lib/gcc/arm-atollic-eabi/6.3.1/armv7e-m/fpu/crti.o
                0x080025a8                _init
 .init          0x080025ac        0x8 c:/program files (x86)/atollic/truestudio for stm32 9.0.0/armtools/bin/../lib/gcc/arm-atollic-eabi/6.3.1/armv7e-m/fpu/crtn.o
 *(.fini)
 .fini          0x080025b4        0x4 c:/program files (x86)/atollic/truestudio for stm32 9.0.0/armtools/bin/../lib/gcc/arm-atollic-eabi/6.3.1/armv7e-m/fpu/crti.o
                0x080025b4                _fini
 .fini          0x080025b8        0x8 c:/program files (x86)/atollic/truestudio for stm32 9.0.0/armtools/bin/../lib/gcc/arm-atollic-eabi/6.3.1/armv7e-m/fpu/crtn.o
                0x080025c0                . = ALIGN (0x4)
                0x080025c0                _etext = .

.vfp11_veneer   0x080025c0        0x0
 .vfp11_veneer  0x080025c0        0x0 linker stubs

.v4_bx          0x080025c0        0x0
 .v4_bx         0x080025c0        0x0 linker stubs

.iplt           0x080025c0        0x0
 .iplt          0x080025c0        0x0 c:/program files (x86)/atollic/truestudio for stm32 9.0.0/armtools/bin/../lib/gcc/arm-atollic-eabi/6.3.1/armv7e-m/fpu/crtbegin.o

.rodata         0x080025c0      0x3e8
                0x080025c0                . = ALIGN (0x4)
 *(.rodata)
 *(.rodata*)
 .rodata.flagBitshiftOffset.8704
                0x080025c0        0x8 Drivers\STM32F4xx_HAL_Driver\stm32f4xx_hal_dma.o
 .rodata.APBAHBPrescTable
                0x080025c8       0x10 Drivers\STM32F4xx_HAL_Driver\stm32f4xx_hal_rcc.o
                0x080025c8                APBAHBPrescTable
 .rodata.npio2_hw
                0x080025d8       0x80 c:/program files (x86)/atollic/truestudio for stm32 9.0.0/armtools/bin/../lib/gcc/arm-atollic-eabi/6.3.1/../../../../arm-atollic-eabi/lib/armv7e-m/fpu\libm.a(lib_a-ef_rem_pio2.o)
 .rodata.two_over_pi
                0x08002658      0x318 c:/program files (x86)/atollic/truestudio for stm32 9.0.0/armtools/bin/../lib/gcc/arm-atollic-eabi/6.3.1/../../../../arm-atollic-eabi/lib/armv7e-m/fpu\libm.a(lib_a-ef_rem_pio2.o)
 .rodata.PIo2   0x08002970       0x2c c:/program files (x86)/atollic/truestudio for stm32 9.0.0/armtools/bin/../lib/gcc/arm-atollic-eabi/6.3.1/../../../../arm-atollic-eabi/lib/armv7e-m/fpu\libm.a(lib_a-kf_rem_pio2.o)
 .rodata.init_jk
                0x0800299c        0xc c:/program files (x86)/atollic/truestudio for stm32 9.0.0/armtools/bin/../lib/gcc/arm-atollic-eabi/6.3.1/../../../../arm-atollic-eabi/lib/armv7e-m/fpu\libm.a(lib_a-kf_rem_pio2.o)
                0x080029a8                . = ALIGN (0x4)

.rel.dyn        0x080029a8        0x0
 .rel.iplt      0x080029a8        0x0 c:/program files (x86)/atollic/truestudio for stm32 9.0.0/armtools/bin/../lib/gcc/arm-atollic-eabi/6.3.1/armv7e-m/fpu/crtbegin.o

.ARM.extab
 *(.ARM.extab* .gnu.linkonce.armextab.*)

.ARM            0x080029a8        0x0
                0x080029a8                __exidx_start = .
 *(.ARM.exidx*)
                0x080029a8                __exidx_end = .

.preinit_array  0x080029a8        0x0
                0x080029a8                PROVIDE (__preinit_array_start, .)
 *(.preinit_array*)
                0x080029a8                PROVIDE (__preinit_array_end, .)

.init_array     0x080029a8        0x4
                0x080029a8                PROVIDE (__init_array_start, .)
 *(SORT(.init_array.*))
 *(.init_array*)
 .init_array    0x080029a8        0x4 c:/program files (x86)/atollic/truestudio for stm32 9.0.0/armtools/bin/../lib/gcc/arm-atollic-eabi/6.3.1/armv7e-m/fpu/crtbegin.o
                0x080029ac                PROVIDE (__init_array_end, .)

.fini_array     0x080029ac        0x4
                [!provide]                PROVIDE (__fini_array_start, .)
 *(SORT(.fini_array.*))
 *(.fini_array*)
 .fini_array    0x080029ac        0x4 c:/program files (x86)/atollic/truestudio for stm32 9.0.0/armtools/bin/../lib/gcc/arm-atollic-eabi/6.3.1/armv7e-m/fpu/crtbegin.o
                [!provide]                PROVIDE (__fini_array_end, .)
                0x080029b0                _sidata = LOADADDR (.data)

.data           0x20000000        0x4 load address 0x080029b0
                0x20000000                . = ALIGN (0x4)
                0x20000000                _sdata = .
 *(.data)
 *(.data*)
 .data.SystemCoreClock
                0x20000000        0x4 Drivers\CMSIS\system_stm32f4xx.o
                0x20000000                SystemCoreClock
                0x20000004                . = ALIGN (0x4)
                0x20000004                _edata = .
                0x080029b4                _siccmram = LOADADDR (.ccmram)

.igot.plt       0x20000004        0x0 load address 0x080029b4
 .igot.plt      0x20000004        0x0 c:/program files (x86)/atollic/truestudio for stm32 9.0.0/armtools/bin/../lib/gcc/arm-atollic-eabi/6.3.1/armv7e-m/fpu/crtbegin.o

.ccmram         0x10000000        0x0 load address 0x080029b4
                0x10000000                . = ALIGN (0x4)
                0x10000000                _sccmram = .
 *(.ccmram)
 *(.ccmram*)
                0x10000000                . = ALIGN (0x4)
                0x10000000                _eccmram = .
                0x10000000                . = ALIGN (0x4)

.bss            0x20000004     0xbc48
                0x20000004                _sbss = .
                0x20000004                __bss_start__ = _sbss
 *(.bss)
 .bss           0x20000004       0x1c c:/program files (x86)/atollic/truestudio for stm32 9.0.0/armtools/bin/../lib/gcc/arm-atollic-eabi/6.3.1/armv7e-m/fpu/crtbegin.o
 *(.bss*)
 .bss.htim.9182
                0x20000020       0x3c Application\User\main.o
 *(COMMON)
 COMMON         0x2000005c     0xbbec Application\User\main.o
                0x2000005c                senoide
                0x2000bbdc                hdma_dac1
                0x2000bc34                hdac
 COMMON         0x2000bc48        0x4 Drivers\STM32F4xx_HAL_Driver\stm32f4xx_hal.o
                0x2000bc48                uwTick
                0x2000bc4c                . = ALIGN (0x4)
                0x2000bc4c                _ebss = .
                0x2000bc4c                __bss_end__ = _ebss

._user_heap_stack
                0x2000bc4c      0x600
                0x2000bc4c                . = ALIGN (0x4)
                [!provide]                PROVIDE (end, .)
                [!provide]                PROVIDE (_end, .)
                0x2000c04c                . = (. + _Min_Heap_Size)
 *fill*         0x2000bc4c      0x400 
                0x2000c24c                . = (. + _Min_Stack_Size)
 *fill*         0x2000c04c      0x200 
                0x2000c24c                . = ALIGN (0x4)

/DISCARD/
 libc.a(*)
 libm.a(*)
 libgcc.a(*)

.ARM.attributes
                0x00000000       0x30
 *(.ARM.attributes)
 .ARM.attributes
                0x00000000       0x22 c:/program files (x86)/atollic/truestudio for stm32 9.0.0/armtools/bin/../lib/gcc/arm-atollic-eabi/6.3.1/armv7e-m/fpu/crti.o
 .ARM.attributes
                0x00000022       0x34 c:/program files (x86)/atollic/truestudio for stm32 9.0.0/armtools/bin/../lib/gcc/arm-atollic-eabi/6.3.1/armv7e-m/fpu/crtbegin.o
 .ARM.attributes
                0x00000056       0x21 Application\TrueSTUDIO\startup_stm32f407xx.o
 .ARM.attributes
                0x00000077       0x39 Application\User\main.o
 .ARM.attributes
                0x000000b0       0x39 Application\User\stm32f4xx_hal_msp.o
 .ARM.attributes
                0x000000e9       0x39 Application\User\stm32f4xx_it.o
 .ARM.attributes
                0x00000122       0x39 Drivers\CMSIS\system_stm32f4xx.o
 .ARM.attributes
                0x0000015b       0x39 Drivers\STM32F4xx_HAL_Driver\stm32f4xx_hal.o
 .ARM.attributes
                0x00000194       0x39 Drivers\STM32F4xx_HAL_Driver\stm32f4xx_hal_cortex.o
 .ARM.attributes
                0x000001cd       0x39 Drivers\STM32F4xx_HAL_Driver\stm32f4xx_hal_dac.o
 .ARM.attributes
                0x00000206       0x39 Drivers\STM32F4xx_HAL_Driver\stm32f4xx_hal_dac_ex.o
 .ARM.attributes
                0x0000023f       0x39 Drivers\STM32F4xx_HAL_Driver\stm32f4xx_hal_dma.o
 .ARM.attributes
                0x00000278       0x39 Drivers\STM32F4xx_HAL_Driver\stm32f4xx_hal_gpio.o
 .ARM.attributes
                0x000002b1       0x39 Drivers\STM32F4xx_HAL_Driver\stm32f4xx_hal_rcc.o
 .ARM.attributes
                0x000002ea       0x39 Drivers\STM32F4xx_HAL_Driver\stm32f4xx_hal_tim.o
 .ARM.attributes
                0x00000323       0x39 Drivers\STM32F4xx_HAL_Driver\stm32f4xx_hal_tim_ex.o
 .ARM.attributes
                0x0000035c       0x34 c:/program files (x86)/atollic/truestudio for stm32 9.0.0/armtools/bin/../lib/gcc/arm-atollic-eabi/6.3.1/../../../../arm-atollic-eabi/lib/armv7e-m/fpu\libc_nano.a(lib_a-init.o)
 .ARM.attributes
                0x00000390       0x34 c:/program files (x86)/atollic/truestudio for stm32 9.0.0/armtools/bin/../lib/gcc/arm-atollic-eabi/6.3.1/../../../../arm-atollic-eabi/lib/armv7e-m/fpu\libm.a(lib_a-sf_sin.o)
 .ARM.attributes
                0x000003c4       0x34 c:/program files (x86)/atollic/truestudio for stm32 9.0.0/armtools/bin/../lib/gcc/arm-atollic-eabi/6.3.1/../../../../arm-atollic-eabi/lib/armv7e-m/fpu\libm.a(lib_a-ef_rem_pio2.o)
 .ARM.attributes
                0x000003f8       0x34 c:/program files (x86)/atollic/truestudio for stm32 9.0.0/armtools/bin/../lib/gcc/arm-atollic-eabi/6.3.1/../../../../arm-atollic-eabi/lib/armv7e-m/fpu\libm.a(lib_a-kf_cos.o)
 .ARM.attributes
                0x0000042c       0x34 c:/program files (x86)/atollic/truestudio for stm32 9.0.0/armtools/bin/../lib/gcc/arm-atollic-eabi/6.3.1/../../../../arm-atollic-eabi/lib/armv7e-m/fpu\libm.a(lib_a-kf_rem_pio2.o)
 .ARM.attributes
                0x00000460       0x34 c:/program files (x86)/atollic/truestudio for stm32 9.0.0/armtools/bin/../lib/gcc/arm-atollic-eabi/6.3.1/../../../../arm-atollic-eabi/lib/armv7e-m/fpu\libm.a(lib_a-kf_sin.o)
 .ARM.attributes
                0x00000494       0x34 c:/program files (x86)/atollic/truestudio for stm32 9.0.0/armtools/bin/../lib/gcc/arm-atollic-eabi/6.3.1/../../../../arm-atollic-eabi/lib/armv7e-m/fpu\libm.a(lib_a-sf_fabs.o)
 .ARM.attributes
                0x000004c8       0x34 c:/program files (x86)/atollic/truestudio for stm32 9.0.0/armtools/bin/../lib/gcc/arm-atollic-eabi/6.3.1/../../../../arm-atollic-eabi/lib/armv7e-m/fpu\libm.a(lib_a-sf_floor.o)
 .ARM.attributes
                0x000004fc       0x34 c:/program files (x86)/atollic/truestudio for stm32 9.0.0/armtools/bin/../lib/gcc/arm-atollic-eabi/6.3.1/../../../../arm-atollic-eabi/lib/armv7e-m/fpu\libm.a(lib_a-sf_scalbn.o)
 .ARM.attributes
                0x00000530       0x34 c:/program files (x86)/atollic/truestudio for stm32 9.0.0/armtools/bin/../lib/gcc/arm-atollic-eabi/6.3.1/../../../../arm-atollic-eabi/lib/armv7e-m/fpu\libm.a(lib_a-sf_copysign.o)
 .ARM.attributes
                0x00000564       0x22 c:/program files (x86)/atollic/truestudio for stm32 9.0.0/armtools/bin/../lib/gcc/arm-atollic-eabi/6.3.1/armv7e-m/fpu\libgcc.a(_arm_addsubdf3.o)
 .ARM.attributes
                0x00000586       0x22 c:/program files (x86)/atollic/truestudio for stm32 9.0.0/armtools/bin/../lib/gcc/arm-atollic-eabi/6.3.1/armv7e-m/fpu\libgcc.a(_arm_muldivdf3.o)
 .ARM.attributes
                0x000005a8       0x22 c:/program files (x86)/atollic/truestudio for stm32 9.0.0/armtools/bin/../lib/gcc/arm-atollic-eabi/6.3.1/armv7e-m/fpu\libgcc.a(_arm_fixunsdfsi.o)
 .ARM.attributes
                0x000005ca       0x22 c:/program files (x86)/atollic/truestudio for stm32 9.0.0/armtools/bin/../lib/gcc/arm-atollic-eabi/6.3.1/armv7e-m/fpu\libgcc.a(_arm_truncdfsf2.o)
 .ARM.attributes
                0x000005ec       0x22 c:/program files (x86)/atollic/truestudio for stm32 9.0.0/armtools/bin/../lib/gcc/arm-atollic-eabi/6.3.1/armv7e-m/fpu/crtn.o
OUTPUT(DAC_Roger.elf elf32-littlearm)

.debug_line     0x00000000     0x490c
 .debug_line    0x00000000       0xb4 Application\TrueSTUDIO\startup_stm32f407xx.o
 .debug_line    0x000000b4      0x45c Application\User\main.o
 .debug_line    0x00000510      0x346 Application\User\stm32f4xx_hal_msp.o
 .debug_line    0x00000856      0x2e7 Application\User\stm32f4xx_it.o
 .debug_line    0x00000b3d      0x2b6 Drivers\CMSIS\system_stm32f4xx.o
 .debug_line    0x00000df3      0x474 Drivers\STM32F4xx_HAL_Driver\stm32f4xx_hal.o
 .debug_line    0x00001267      0x4ba Drivers\STM32F4xx_HAL_Driver\stm32f4xx_hal_cortex.o
 .debug_line    0x00001721      0x546 Drivers\STM32F4xx_HAL_Driver\stm32f4xx_hal_dac.o
 .debug_line    0x00001c67      0x3c5 Drivers\STM32F4xx_HAL_Driver\stm32f4xx_hal_dac_ex.o
 .debug_line    0x0000202c      0x567 Drivers\STM32F4xx_HAL_Driver\stm32f4xx_hal_dma.o
 .debug_line    0x00002593      0x49c Drivers\STM32F4xx_HAL_Driver\stm32f4xx_hal_gpio.o
 .debug_line    0x00002a2f      0x64b Drivers\STM32F4xx_HAL_Driver\stm32f4xx_hal_rcc.o
 .debug_line    0x0000307a     0x1195 Drivers\STM32F4xx_HAL_Driver\stm32f4xx_hal_tim.o
 .debug_line    0x0000420f      0x6fd Drivers\STM32F4xx_HAL_Driver\stm32f4xx_hal_tim_ex.o

.debug_info     0x00000000    0x116e8
 .debug_info    0x00000000       0xd1 Application\TrueSTUDIO\startup_stm32f407xx.o
 .debug_info    0x000000d1     0x1922 Application\User\main.o
 .debug_info    0x000019f3     0x12c5 Application\User\stm32f4xx_hal_msp.o
 .debug_info    0x00002cb8      0xb9d Application\User\stm32f4xx_it.o
 .debug_info    0x00003855      0xce8 Drivers\CMSIS\system_stm32f4xx.o
 .debug_info    0x0000453d     0x1107 Drivers\STM32F4xx_HAL_Driver\stm32f4xx_hal.o
 .debug_info    0x00005644     0x167f Drivers\STM32F4xx_HAL_Driver\stm32f4xx_hal_cortex.o
 .debug_info    0x00006cc3     0x1232 Drivers\STM32F4xx_HAL_Driver\stm32f4xx_hal_dac.o
 .debug_info    0x00007ef5      0xf49 Drivers\STM32F4xx_HAL_Driver\stm32f4xx_hal_dac_ex.o
 .debug_info    0x00008e3e     0x1021 Drivers\STM32F4xx_HAL_Driver\stm32f4xx_hal_dma.o
 .debug_info    0x00009e5f      0xf43 Drivers\STM32F4xx_HAL_Driver\stm32f4xx_hal_gpio.o
 .debug_info    0x0000ada2     0x14b6 Drivers\STM32F4xx_HAL_Driver\stm32f4xx_hal_rcc.o
 .debug_info    0x0000c258     0x3b4e Drivers\STM32F4xx_HAL_Driver\stm32f4xx_hal_tim.o
 .debug_info    0x0000fda6     0x1942 Drivers\STM32F4xx_HAL_Driver\stm32f4xx_hal_tim_ex.o

.debug_abbrev   0x00000000     0x249e
 .debug_abbrev  0x00000000       0x12 Application\TrueSTUDIO\startup_stm32f407xx.o
 .debug_abbrev  0x00000012      0x2ea Application\User\main.o
 .debug_abbrev  0x000002fc      0x231 Application\User\stm32f4xx_hal_msp.o
 .debug_abbrev  0x0000052d      0x1da Application\User\stm32f4xx_it.o
 .debug_abbrev  0x00000707      0x1db Drivers\CMSIS\system_stm32f4xx.o
 .debug_abbrev  0x000008e2      0x306 Drivers\STM32F4xx_HAL_Driver\stm32f4xx_hal.o
 .debug_abbrev  0x00000be8      0x399 Drivers\STM32F4xx_HAL_Driver\stm32f4xx_hal_cortex.o
 .debug_abbrev  0x00000f81      0x2f4 Drivers\STM32F4xx_HAL_Driver\stm32f4xx_hal_dac.o
 .debug_abbrev  0x00001275      0x290 Drivers\STM32F4xx_HAL_Driver\stm32f4xx_hal_dac_ex.o
 .debug_abbrev  0x00001505      0x2e3 Drivers\STM32F4xx_HAL_Driver\stm32f4xx_hal_dma.o
 .debug_abbrev  0x000017e8      0x268 Drivers\STM32F4xx_HAL_Driver\stm32f4xx_hal_gpio.o
 .debug_abbrev  0x00001a50      0x3a2 Drivers\STM32F4xx_HAL_Driver\stm32f4xx_hal_rcc.o
 .debug_abbrev  0x00001df2      0x3ac Drivers\STM32F4xx_HAL_Driver\stm32f4xx_hal_tim.o
 .debug_abbrev  0x0000219e      0x300 Drivers\STM32F4xx_HAL_Driver\stm32f4xx_hal_tim_ex.o

.debug_aranges  0x00000000      0x7a8
 .debug_aranges
                0x00000000       0x28 Application\TrueSTUDIO\startup_stm32f407xx.o
 .debug_aranges
                0x00000028       0x40 Application\User\main.o
 .debug_aranges
                0x00000068       0x30 Application\User\stm32f4xx_hal_msp.o
 .debug_aranges
                0x00000098       0x28 Application\User\stm32f4xx_it.o
 .debug_aranges
                0x000000c0       0x28 Drivers\CMSIS\system_stm32f4xx.o
 .debug_aranges
                0x000000e8       0xb8 Drivers\STM32F4xx_HAL_Driver\stm32f4xx_hal.o
 .debug_aranges
                0x000001a0       0x98 Drivers\STM32F4xx_HAL_Driver\stm32f4xx_hal_cortex.o
 .debug_aranges
                0x00000238       0x98 Drivers\STM32F4xx_HAL_Driver\stm32f4xx_hal_dac.o
 .debug_aranges
                0x000002d0       0x58 Drivers\STM32F4xx_HAL_Driver\stm32f4xx_hal_dac_ex.o
 .debug_aranges
                0x00000328       0x68 Drivers\STM32F4xx_HAL_Driver\stm32f4xx_hal_dma.o
 .debug_aranges
                0x00000390       0x58 Drivers\STM32F4xx_HAL_Driver\stm32f4xx_hal_gpio.o
 .debug_aranges
                0x000003e8       0x80 Drivers\STM32F4xx_HAL_Driver\stm32f4xx_hal_rcc.o
 .debug_aranges
                0x00000468      0x250 Drivers\STM32F4xx_HAL_Driver\stm32f4xx_hal_tim.o
 .debug_aranges
                0x000006b8       0xf0 Drivers\STM32F4xx_HAL_Driver\stm32f4xx_hal_tim_ex.o

.debug_ranges   0x00000000      0xa30
 .debug_ranges  0x00000000       0x20 Application\TrueSTUDIO\startup_stm32f407xx.o
 .debug_ranges  0x00000020       0xc8 Application\User\main.o
 .debug_ranges  0x000000e8       0x40 Application\User\stm32f4xx_hal_msp.o
 .debug_ranges  0x00000128       0x18 Application\User\stm32f4xx_it.o
 .debug_ranges  0x00000140       0x18 Drivers\CMSIS\system_stm32f4xx.o
 .debug_ranges  0x00000158       0xa8 Drivers\STM32F4xx_HAL_Driver\stm32f4xx_hal.o
 .debug_ranges  0x00000200      0x128 Drivers\STM32F4xx_HAL_Driver\stm32f4xx_hal_cortex.o
 .debug_ranges  0x00000328       0x88 Drivers\STM32F4xx_HAL_Driver\stm32f4xx_hal_dac.o
 .debug_ranges  0x000003b0       0x48 Drivers\STM32F4xx_HAL_Driver\stm32f4xx_hal_dac_ex.o
 .debug_ranges  0x000003f8       0x58 Drivers\STM32F4xx_HAL_Driver\stm32f4xx_hal_dma.o
 .debug_ranges  0x00000450       0x68 Drivers\STM32F4xx_HAL_Driver\stm32f4xx_hal_gpio.o
 .debug_ranges  0x000004b8      0x168 Drivers\STM32F4xx_HAL_Driver\stm32f4xx_hal_rcc.o
 .debug_ranges  0x00000620      0x330 Drivers\STM32F4xx_HAL_Driver\stm32f4xx_hal_tim.o
 .debug_ranges  0x00000950       0xe0 Drivers\STM32F4xx_HAL_Driver\stm32f4xx_hal_tim_ex.o

.debug_loc      0x00000000     0x563b
 .debug_loc     0x00000000       0x1f Application\User\main.o
 .debug_loc     0x0000001f       0x63 Application\User\stm32f4xx_hal_msp.o
 .debug_loc     0x00000082      0x11c Drivers\CMSIS\system_stm32f4xx.o
 .debug_loc     0x0000019e       0x84 Drivers\STM32F4xx_HAL_Driver\stm32f4xx_hal.o
 .debug_loc     0x00000222      0x4da Drivers\STM32F4xx_HAL_Driver\stm32f4xx_hal_cortex.o
 .debug_loc     0x000006fc      0x6bf Drivers\STM32F4xx_HAL_Driver\stm32f4xx_hal_dac.o
 .debug_loc     0x00000dbb      0x25b Drivers\STM32F4xx_HAL_Driver\stm32f4xx_hal_dac_ex.o
 .debug_loc     0x00001016      0x588 Drivers\STM32F4xx_HAL_Driver\stm32f4xx_hal_dma.o
 .debug_loc     0x0000159e      0x3cd Drivers\STM32F4xx_HAL_Driver\stm32f4xx_hal_gpio.o
 .debug_loc     0x0000196b      0x4e2 Drivers\STM32F4xx_HAL_Driver\stm32f4xx_hal_rcc.o
 .debug_loc     0x00001e4d     0x30b2 Drivers\STM32F4xx_HAL_Driver\stm32f4xx_hal_tim.o
 .debug_loc     0x00004eff      0x73c Drivers\STM32F4xx_HAL_Driver\stm32f4xx_hal_tim_ex.o

.debug_str      0x00000000     0x3561
 .debug_str     0x00000000     0x14a0 Application\User\main.o
                               0x1573 (size before relaxing)
 .debug_str     0x000014a0      0x119 Application\User\stm32f4xx_hal_msp.o
                               0x110b (size before relaxing)
 .debug_str     0x000015b9       0x7a Application\User\stm32f4xx_it.o
                                0x94c (size before relaxing)
 .debug_str     0x00001633       0xdf Drivers\CMSIS\system_stm32f4xx.o
                                0x816 (size before relaxing)
 .debug_str     0x00001712      0x281 Drivers\STM32F4xx_HAL_Driver\stm32f4xx_hal.o
                                0xf1d (size before relaxing)
 .debug_str     0x00001993      0x30b Drivers\STM32F4xx_HAL_Driver\stm32f4xx_hal_cortex.o
                               0x106d (size before relaxing)
 .debug_str     0x00001c9e      0x1de Drivers\STM32F4xx_HAL_Driver\stm32f4xx_hal_dac.o
                                0xca6 (size before relaxing)
 .debug_str     0x00001e7c      0x149 Drivers\STM32F4xx_HAL_Driver\stm32f4xx_hal_dac_ex.o
                                0xb96 (size before relaxing)
 .debug_str     0x00001fc5      0x15c Drivers\STM32F4xx_HAL_Driver\stm32f4xx_hal_dma.o
                                0xae7 (size before relaxing)
 .debug_str     0x00002121      0x157 Drivers\STM32F4xx_HAL_Driver\stm32f4xx_hal_gpio.o
                                0x975 (size before relaxing)
 .debug_str     0x00002278      0x167 Drivers\STM32F4xx_HAL_Driver\stm32f4xx_hal_rcc.o
                                0xb40 (size before relaxing)
 .debug_str     0x000023df      0xce7 Drivers\STM32F4xx_HAL_Driver\stm32f4xx_hal_tim.o
                               0x1889 (size before relaxing)
 .debug_str     0x000030c6      0x49b Drivers\STM32F4xx_HAL_Driver\stm32f4xx_hal_tim_ex.o
                               0x1141 (size before relaxing)

.comment        0x00000000       0x7c
 .comment       0x00000000       0x7c Application\User\main.o
                                 0x7d (size before relaxing)
 .comment       0x0000007c       0x7d Application\User\stm32f4xx_hal_msp.o
 .comment       0x0000007c       0x7d Application\User\stm32f4xx_it.o
 .comment       0x0000007c       0x7d Drivers\CMSIS\system_stm32f4xx.o
 .comment       0x0000007c       0x7d Drivers\STM32F4xx_HAL_Driver\stm32f4xx_hal.o
 .comment       0x0000007c       0x7d Drivers\STM32F4xx_HAL_Driver\stm32f4xx_hal_cortex.o
 .comment       0x0000007c       0x7d Drivers\STM32F4xx_HAL_Driver\stm32f4xx_hal_dac.o
 .comment       0x0000007c       0x7d Drivers\STM32F4xx_HAL_Driver\stm32f4xx_hal_dac_ex.o
 .comment       0x0000007c       0x7d Drivers\STM32F4xx_HAL_Driver\stm32f4xx_hal_dma.o
 .comment       0x0000007c       0x7d Drivers\STM32F4xx_HAL_Driver\stm32f4xx_hal_gpio.o
 .comment       0x0000007c       0x7d Drivers\STM32F4xx_HAL_Driver\stm32f4xx_hal_rcc.o
 .comment       0x0000007c       0x7d Drivers\STM32F4xx_HAL_Driver\stm32f4xx_hal_tim.o
 .comment       0x0000007c       0x7d Drivers\STM32F4xx_HAL_Driver\stm32f4xx_hal_tim_ex.o

.debug_frame    0x00000000     0x18fc
 .debug_frame   0x00000000       0xa8 Application\User\main.o
 .debug_frame   0x000000a8       0x70 Application\User\stm32f4xx_hal_msp.o
 .debug_frame   0x00000118       0x3c Application\User\stm32f4xx_it.o
 .debug_frame   0x00000154       0x38 Drivers\CMSIS\system_stm32f4xx.o
 .debug_frame   0x0000018c      0x184 Drivers\STM32F4xx_HAL_Driver\stm32f4xx_hal.o
 .debug_frame   0x00000310      0x138 Drivers\STM32F4xx_HAL_Driver\stm32f4xx_hal_cortex.o
 .debug_frame   0x00000448      0x1dc Drivers\STM32F4xx_HAL_Driver\stm32f4xx_hal_dac.o
 .debug_frame   0x00000624       0xf0 Drivers\STM32F4xx_HAL_Driver\stm32f4xx_hal_dac_ex.o
 .debug_frame   0x00000714      0x120 Drivers\STM32F4xx_HAL_Driver\stm32f4xx_hal_dma.o
 .debug_frame   0x00000834       0xd8 Drivers\STM32F4xx_HAL_Driver\stm32f4xx_hal_gpio.o
 .debug_frame   0x0000090c      0x158 Drivers\STM32F4xx_HAL_Driver\stm32f4xx_hal_rcc.o
 .debug_frame   0x00000a64      0x854 Drivers\STM32F4xx_HAL_Driver\stm32f4xx_hal_tim.o
 .debug_frame   0x000012b8      0x338 Drivers\STM32F4xx_HAL_Driver\stm32f4xx_hal_tim_ex.o
 .debug_frame   0x000015f0       0x2c c:/program files (x86)/atollic/truestudio for stm32 9.0.0/armtools/bin/../lib/gcc/arm-atollic-eabi/6.3.1/../../../../arm-atollic-eabi/lib/armv7e-m/fpu\libc_nano.a(lib_a-init.o)
 .debug_frame   0x0000161c       0x2c c:/program files (x86)/atollic/truestudio for stm32 9.0.0/armtools/bin/../lib/gcc/arm-atollic-eabi/6.3.1/../../../../arm-atollic-eabi/lib/armv7e-m/fpu\libm.a(lib_a-sf_sin.o)
 .debug_frame   0x00001648       0x38 c:/program files (x86)/atollic/truestudio for stm32 9.0.0/armtools/bin/../lib/gcc/arm-atollic-eabi/6.3.1/../../../../arm-atollic-eabi/lib/armv7e-m/fpu\libm.a(lib_a-ef_rem_pio2.o)
 .debug_frame   0x00001680       0x20 c:/program files (x86)/atollic/truestudio for stm32 9.0.0/armtools/bin/../lib/gcc/arm-atollic-eabi/6.3.1/../../../../arm-atollic-eabi/lib/armv7e-m/fpu\libm.a(lib_a-kf_cos.o)
 .debug_frame   0x000016a0       0x5c c:/program files (x86)/atollic/truestudio for stm32 9.0.0/armtools/bin/../lib/gcc/arm-atollic-eabi/6.3.1/../../../../arm-atollic-eabi/lib/armv7e-m/fpu\libm.a(lib_a-kf_rem_pio2.o)
 .debug_frame   0x000016fc       0x20 c:/program files (x86)/atollic/truestudio for stm32 9.0.0/armtools/bin/../lib/gcc/arm-atollic-eabi/6.3.1/../../../../arm-atollic-eabi/lib/armv7e-m/fpu\libm.a(lib_a-kf_sin.o)
 .debug_frame   0x0000171c       0x20 c:/program files (x86)/atollic/truestudio for stm32 9.0.0/armtools/bin/../lib/gcc/arm-atollic-eabi/6.3.1/../../../../arm-atollic-eabi/lib/armv7e-m/fpu\libm.a(lib_a-sf_fabs.o)
 .debug_frame   0x0000173c       0x20 c:/program files (x86)/atollic/truestudio for stm32 9.0.0/armtools/bin/../lib/gcc/arm-atollic-eabi/6.3.1/../../../../arm-atollic-eabi/lib/armv7e-m/fpu\libm.a(lib_a-sf_floor.o)
 .debug_frame   0x0000175c       0x3c c:/program files (x86)/atollic/truestudio for stm32 9.0.0/armtools/bin/../lib/gcc/arm-atollic-eabi/6.3.1/../../../../arm-atollic-eabi/lib/armv7e-m/fpu\libm.a(lib_a-sf_scalbn.o)
 .debug_frame   0x00001798       0x20 c:/program files (x86)/atollic/truestudio for stm32 9.0.0/armtools/bin/../lib/gcc/arm-atollic-eabi/6.3.1/../../../../arm-atollic-eabi/lib/armv7e-m/fpu\libm.a(lib_a-sf_copysign.o)
 .debug_frame   0x000017b8       0xac c:/program files (x86)/atollic/truestudio for stm32 9.0.0/armtools/bin/../lib/gcc/arm-atollic-eabi/6.3.1/armv7e-m/fpu\libgcc.a(_arm_addsubdf3.o)
 .debug_frame   0x00001864       0x50 c:/program files (x86)/atollic/truestudio for stm32 9.0.0/armtools/bin/../lib/gcc/arm-atollic-eabi/6.3.1/armv7e-m/fpu\libgcc.a(_arm_muldivdf3.o)
 .debug_frame   0x000018b4       0x24 c:/program files (x86)/atollic/truestudio for stm32 9.0.0/armtools/bin/../lib/gcc/arm-atollic-eabi/6.3.1/armv7e-m/fpu\libgcc.a(_arm_fixunsdfsi.o)
 .debug_frame   0x000018d8       0x24 c:/program files (x86)/atollic/truestudio for stm32 9.0.0/armtools/bin/../lib/gcc/arm-atollic-eabi/6.3.1/armv7e-m/fpu\libgcc.a(_arm_truncdfsf2.o)

Cross Reference Table

Symbol                                            File
ADC_IRQHandler                                    Application\TrueSTUDIO\startup_stm32f407xx.o
AHBPrescTable                                     Drivers\CMSIS\system_stm32f4xx.o
APBAHBPrescTable                                  Drivers\STM32F4xx_HAL_Driver\stm32f4xx_hal_rcc.o
BusFault_Handler                                  Application\TrueSTUDIO\startup_stm32f407xx.o
CAN1_RX0_IRQHandler                               Application\TrueSTUDIO\startup_stm32f407xx.o
CAN1_RX1_IRQHandler                               Application\TrueSTUDIO\startup_stm32f407xx.o
CAN1_SCE_IRQHandler                               Application\TrueSTUDIO\startup_stm32f407xx.o
CAN1_TX_IRQHandler                                Application\TrueSTUDIO\startup_stm32f407xx.o
CAN2_RX0_IRQHandler                               Application\TrueSTUDIO\startup_stm32f407xx.o
CAN2_RX1_IRQHandler                               Application\TrueSTUDIO\startup_stm32f407xx.o
CAN2_SCE_IRQHandler                               Application\TrueSTUDIO\startup_stm32f407xx.o
CAN2_TX_IRQHandler                                Application\TrueSTUDIO\startup_stm32f407xx.o
DAC_DMAConvCpltCh2                                Drivers\STM32F4xx_HAL_Driver\stm32f4xx_hal_dac_ex.o
                                                  Drivers\STM32F4xx_HAL_Driver\stm32f4xx_hal_dac.o
DAC_DMAErrorCh2                                   Drivers\STM32F4xx_HAL_Driver\stm32f4xx_hal_dac_ex.o
                                                  Drivers\STM32F4xx_HAL_Driver\stm32f4xx_hal_dac.o
DAC_DMAHalfConvCpltCh2                            Drivers\STM32F4xx_HAL_Driver\stm32f4xx_hal_dac_ex.o
                                                  Drivers\STM32F4xx_HAL_Driver\stm32f4xx_hal_dac.o
DCMI_IRQHandler                                   Application\TrueSTUDIO\startup_stm32f407xx.o
DMA1_Stream0_IRQHandler                           Application\TrueSTUDIO\startup_stm32f407xx.o
DMA1_Stream1_IRQHandler                           Application\TrueSTUDIO\startup_stm32f407xx.o
DMA1_Stream2_IRQHandler                           Application\TrueSTUDIO\startup_stm32f407xx.o
DMA1_Stream3_IRQHandler                           Application\TrueSTUDIO\startup_stm32f407xx.o
DMA1_Stream4_IRQHandler                           Application\TrueSTUDIO\startup_stm32f407xx.o
DMA1_Stream5_IRQHandler                           Application\User\stm32f4xx_it.o
                                                  Application\TrueSTUDIO\startup_stm32f407xx.o
DMA1_Stream6_IRQHandler                           Application\TrueSTUDIO\startup_stm32f407xx.o
DMA1_Stream7_IRQHandler                           Application\TrueSTUDIO\startup_stm32f407xx.o
DMA2_Stream0_IRQHandler                           Application\TrueSTUDIO\startup_stm32f407xx.o
DMA2_Stream1_IRQHandler                           Application\TrueSTUDIO\startup_stm32f407xx.o
DMA2_Stream2_IRQHandler                           Application\TrueSTUDIO\startup_stm32f407xx.o
DMA2_Stream3_IRQHandler                           Application\TrueSTUDIO\startup_stm32f407xx.o
DMA2_Stream4_IRQHandler                           Application\TrueSTUDIO\startup_stm32f407xx.o
DMA2_Stream5_IRQHandler                           Application\TrueSTUDIO\startup_stm32f407xx.o
DMA2_Stream6_IRQHandler                           Application\TrueSTUDIO\startup_stm32f407xx.o
DMA2_Stream7_IRQHandler                           Application\TrueSTUDIO\startup_stm32f407xx.o
DebugMon_Handler                                  Application\TrueSTUDIO\startup_stm32f407xx.o
Default_Handler                                   Application\TrueSTUDIO\startup_stm32f407xx.o
ETH_IRQHandler                                    Application\TrueSTUDIO\startup_stm32f407xx.o
ETH_WKUP_IRQHandler                               Application\TrueSTUDIO\startup_stm32f407xx.o
EXTI0_IRQHandler                                  Application\TrueSTUDIO\startup_stm32f407xx.o
EXTI15_10_IRQHandler                              Application\TrueSTUDIO\startup_stm32f407xx.o
EXTI1_IRQHandler                                  Application\TrueSTUDIO\startup_stm32f407xx.o
EXTI2_IRQHandler                                  Application\TrueSTUDIO\startup_stm32f407xx.o
EXTI3_IRQHandler                                  Application\TrueSTUDIO\startup_stm32f407xx.o
EXTI4_IRQHandler                                  Application\TrueSTUDIO\startup_stm32f407xx.o
EXTI9_5_IRQHandler                                Application\TrueSTUDIO\startup_stm32f407xx.o
FLASH_Erase_Sector                                Drivers\STM32F4xx_HAL_Driver\stm32f4xx_hal_flash_ex.o
                                                  Drivers\STM32F4xx_HAL_Driver\stm32f4xx_hal_flash.o
FLASH_FlushCaches                                 Drivers\STM32F4xx_HAL_Driver\stm32f4xx_hal_flash_ex.o
                                                  Drivers\STM32F4xx_HAL_Driver\stm32f4xx_hal_flash.o
FLASH_IRQHandler                                  Application\TrueSTUDIO\startup_stm32f407xx.o
FLASH_WaitForLastOperation                        Drivers\STM32F4xx_HAL_Driver\stm32f4xx_hal_flash.o
                                                  Drivers\STM32F4xx_HAL_Driver\stm32f4xx_hal_flash_ex.o
FPU_IRQHandler                                    Application\TrueSTUDIO\startup_stm32f407xx.o
FSMC_IRQHandler                                   Application\TrueSTUDIO\startup_stm32f407xx.o
HAL_DACEx_ConvCpltCallbackCh2                     Drivers\STM32F4xx_HAL_Driver\stm32f4xx_hal_dac_ex.o
HAL_DACEx_ConvHalfCpltCallbackCh2                 Drivers\STM32F4xx_HAL_Driver\stm32f4xx_hal_dac_ex.o
HAL_DACEx_DMAUnderrunCallbackCh2                  Drivers\STM32F4xx_HAL_Driver\stm32f4xx_hal_dac_ex.o
                                                  Drivers\STM32F4xx_HAL_Driver\stm32f4xx_hal_dac.o
HAL_DACEx_DualGetValue                            Drivers\STM32F4xx_HAL_Driver\stm32f4xx_hal_dac_ex.o
HAL_DACEx_DualSetValue                            Drivers\STM32F4xx_HAL_Driver\stm32f4xx_hal_dac_ex.o
HAL_DACEx_ErrorCallbackCh2                        Drivers\STM32F4xx_HAL_Driver\stm32f4xx_hal_dac_ex.o
HAL_DACEx_NoiseWaveGenerate                       Drivers\STM32F4xx_HAL_Driver\stm32f4xx_hal_dac_ex.o
HAL_DACEx_TriangleWaveGenerate                    Drivers\STM32F4xx_HAL_Driver\stm32f4xx_hal_dac_ex.o
HAL_DAC_ConfigChannel                             Drivers\STM32F4xx_HAL_Driver\stm32f4xx_hal_dac.o
                                                  Application\User\main.o
HAL_DAC_ConvCpltCallbackCh1                       Drivers\STM32F4xx_HAL_Driver\stm32f4xx_hal_dac.o
HAL_DAC_ConvHalfCpltCallbackCh1                   Drivers\STM32F4xx_HAL_Driver\stm32f4xx_hal_dac.o
HAL_DAC_DMAUnderrunCallbackCh1                    Drivers\STM32F4xx_HAL_Driver\stm32f4xx_hal_dac.o
HAL_DAC_DeInit                                    Drivers\STM32F4xx_HAL_Driver\stm32f4xx_hal_dac.o
HAL_DAC_ErrorCallbackCh1                          Drivers\STM32F4xx_HAL_Driver\stm32f4xx_hal_dac.o
HAL_DAC_GetError                                  Drivers\STM32F4xx_HAL_Driver\stm32f4xx_hal_dac.o
HAL_DAC_GetState                                  Drivers\STM32F4xx_HAL_Driver\stm32f4xx_hal_dac.o
HAL_DAC_GetValue                                  Drivers\STM32F4xx_HAL_Driver\stm32f4xx_hal_dac.o
HAL_DAC_IRQHandler                                Drivers\STM32F4xx_HAL_Driver\stm32f4xx_hal_dac.o
HAL_DAC_Init                                      Drivers\STM32F4xx_HAL_Driver\stm32f4xx_hal_dac.o
                                                  Application\User\main.o
HAL_DAC_MspDeInit                                 Application\User\stm32f4xx_hal_msp.o
HAL_DAC_MspInit                                   Application\User\stm32f4xx_hal_msp.o
HAL_DAC_SetValue                                  Drivers\STM32F4xx_HAL_Driver\stm32f4xx_hal_dac.o
HAL_DAC_Start                                     Drivers\STM32F4xx_HAL_Driver\stm32f4xx_hal_dac.o
HAL_DAC_Start_DMA                                 Drivers\STM32F4xx_HAL_Driver\stm32f4xx_hal_dac.o
                                                  Application\User\main.o
HAL_DAC_Stop                                      Drivers\STM32F4xx_HAL_Driver\stm32f4xx_hal_dac.o
HAL_DAC_Stop_DMA                                  Drivers\STM32F4xx_HAL_Driver\stm32f4xx_hal_dac.o
HAL_DBGMCU_DisableDBGSleepMode                    Drivers\STM32F4xx_HAL_Driver\stm32f4xx_hal.o
HAL_DBGMCU_DisableDBGStandbyMode                  Drivers\STM32F4xx_HAL_Driver\stm32f4xx_hal.o
HAL_DBGMCU_DisableDBGStopMode                     Drivers\STM32F4xx_HAL_Driver\stm32f4xx_hal.o
HAL_DBGMCU_EnableDBGSleepMode                     Drivers\STM32F4xx_HAL_Driver\stm32f4xx_hal.o
HAL_DBGMCU_EnableDBGStandbyMode                   Drivers\STM32F4xx_HAL_Driver\stm32f4xx_hal.o
HAL_DBGMCU_EnableDBGStopMode                      Drivers\STM32F4xx_HAL_Driver\stm32f4xx_hal.o
HAL_DMAEx_ChangeMemory                            Drivers\STM32F4xx_HAL_Driver\stm32f4xx_hal_dma_ex.o
HAL_DMAEx_MultiBufferStart                        Drivers\STM32F4xx_HAL_Driver\stm32f4xx_hal_dma_ex.o
HAL_DMAEx_MultiBufferStart_IT                     Drivers\STM32F4xx_HAL_Driver\stm32f4xx_hal_dma_ex.o
HAL_DMA_Abort                                     Drivers\STM32F4xx_HAL_Driver\stm32f4xx_hal_dma.o
                                                  Drivers\STM32F4xx_HAL_Driver\stm32f4xx_hal_tim.o
                                                  Drivers\STM32F4xx_HAL_Driver\stm32f4xx_hal_dac.o
HAL_DMA_DeInit                                    Drivers\STM32F4xx_HAL_Driver\stm32f4xx_hal_dma.o
                                                  Application\User\stm32f4xx_hal_msp.o
HAL_DMA_GetError                                  Drivers\STM32F4xx_HAL_Driver\stm32f4xx_hal_dma.o
HAL_DMA_GetState                                  Drivers\STM32F4xx_HAL_Driver\stm32f4xx_hal_dma.o
HAL_DMA_IRQHandler                                Drivers\STM32F4xx_HAL_Driver\stm32f4xx_hal_dma.o
                                                  Application\User\stm32f4xx_it.o
HAL_DMA_Init                                      Drivers\STM32F4xx_HAL_Driver\stm32f4xx_hal_dma.o
                                                  Application\User\stm32f4xx_hal_msp.o
HAL_DMA_PollForTransfer                           Drivers\STM32F4xx_HAL_Driver\stm32f4xx_hal_dma.o
HAL_DMA_Start                                     Drivers\STM32F4xx_HAL_Driver\stm32f4xx_hal_dma.o
HAL_DMA_Start_IT                                  Drivers\STM32F4xx_HAL_Driver\stm32f4xx_hal_dma.o
                                                  Drivers\STM32F4xx_HAL_Driver\stm32f4xx_hal_tim_ex.o
                                                  Drivers\STM32F4xx_HAL_Driver\stm32f4xx_hal_tim.o
                                                  Drivers\STM32F4xx_HAL_Driver\stm32f4xx_hal_dac.o
HAL_DeInit                                        Drivers\STM32F4xx_HAL_Driver\stm32f4xx_hal.o
HAL_Delay                                         Drivers\STM32F4xx_HAL_Driver\stm32f4xx_hal.o
HAL_DisableCompensationCell                       Drivers\STM32F4xx_HAL_Driver\stm32f4xx_hal.o
HAL_EnableCompensationCell                        Drivers\STM32F4xx_HAL_Driver\stm32f4xx_hal.o
HAL_FLASHEx_Erase                                 Drivers\STM32F4xx_HAL_Driver\stm32f4xx_hal_flash_ex.o
HAL_FLASHEx_Erase_IT                              Drivers\STM32F4xx_HAL_Driver\stm32f4xx_hal_flash_ex.o
HAL_FLASHEx_OBGetConfig                           Drivers\STM32F4xx_HAL_Driver\stm32f4xx_hal_flash_ex.o
HAL_FLASHEx_OBProgram                             Drivers\STM32F4xx_HAL_Driver\stm32f4xx_hal_flash_ex.o
HAL_FLASH_EndOfOperationCallback                  Drivers\STM32F4xx_HAL_Driver\stm32f4xx_hal_flash.o
HAL_FLASH_GetError                                Drivers\STM32F4xx_HAL_Driver\stm32f4xx_hal_flash.o
HAL_FLASH_IRQHandler                              Drivers\STM32F4xx_HAL_Driver\stm32f4xx_hal_flash.o
HAL_FLASH_Lock                                    Drivers\STM32F4xx_HAL_Driver\stm32f4xx_hal_flash.o
HAL_FLASH_OB_Launch                               Drivers\STM32F4xx_HAL_Driver\stm32f4xx_hal_flash.o
HAL_FLASH_OB_Lock                                 Drivers\STM32F4xx_HAL_Driver\stm32f4xx_hal_flash.o
HAL_FLASH_OB_Unlock                               Drivers\STM32F4xx_HAL_Driver\stm32f4xx_hal_flash.o
HAL_FLASH_OperationErrorCallback                  Drivers\STM32F4xx_HAL_Driver\stm32f4xx_hal_flash.o
HAL_FLASH_Program                                 Drivers\STM32F4xx_HAL_Driver\stm32f4xx_hal_flash.o
HAL_FLASH_Program_IT                              Drivers\STM32F4xx_HAL_Driver\stm32f4xx_hal_flash.o
HAL_FLASH_Unlock                                  Drivers\STM32F4xx_HAL_Driver\stm32f4xx_hal_flash.o
HAL_GPIO_DeInit                                   Drivers\STM32F4xx_HAL_Driver\stm32f4xx_hal_gpio.o
                                                  Application\User\stm32f4xx_hal_msp.o
HAL_GPIO_EXTI_Callback                            Drivers\STM32F4xx_HAL_Driver\stm32f4xx_hal_gpio.o
HAL_GPIO_EXTI_IRQHandler                          Drivers\STM32F4xx_HAL_Driver\stm32f4xx_hal_gpio.o
HAL_GPIO_Init                                     Drivers\STM32F4xx_HAL_Driver\stm32f4xx_hal_gpio.o
                                                  Drivers\STM32F4xx_HAL_Driver\stm32f4xx_hal_rcc.o
                                                  Application\User\stm32f4xx_hal_msp.o
HAL_GPIO_LockPin                                  Drivers\STM32F4xx_HAL_Driver\stm32f4xx_hal_gpio.o
HAL_GPIO_ReadPin                                  Drivers\STM32F4xx_HAL_Driver\stm32f4xx_hal_gpio.o
HAL_GPIO_TogglePin                                Drivers\STM32F4xx_HAL_Driver\stm32f4xx_hal_gpio.o
HAL_GPIO_WritePin                                 Drivers\STM32F4xx_HAL_Driver\stm32f4xx_hal_gpio.o
HAL_GetDEVID                                      Drivers\STM32F4xx_HAL_Driver\stm32f4xx_hal.o
HAL_GetHalVersion                                 Drivers\STM32F4xx_HAL_Driver\stm32f4xx_hal.o
HAL_GetREVID                                      Drivers\STM32F4xx_HAL_Driver\stm32f4xx_hal.o
HAL_GetTick                                       Drivers\STM32F4xx_HAL_Driver\stm32f4xx_hal.o
                                                  Drivers\STM32F4xx_HAL_Driver\stm32f4xx_hal_rcc_ex.o
                                                  Drivers\STM32F4xx_HAL_Driver\stm32f4xx_hal_rcc.o
                                                  Drivers\STM32F4xx_HAL_Driver\stm32f4xx_hal_pwr_ex.o
                                                  Drivers\STM32F4xx_HAL_Driver\stm32f4xx_hal_flash.o
                                                  Drivers\STM32F4xx_HAL_Driver\stm32f4xx_hal_dma.o
HAL_IncTick                                       Drivers\STM32F4xx_HAL_Driver\stm32f4xx_hal.o
                                                  Application\User\stm32f4xx_it.o
HAL_Init                                          Drivers\STM32F4xx_HAL_Driver\stm32f4xx_hal.o
                                                  Application\User\main.o
HAL_InitTick                                      Drivers\STM32F4xx_HAL_Driver\stm32f4xx_hal.o
                                                  Drivers\STM32F4xx_HAL_Driver\stm32f4xx_hal_rcc.o
HAL_MPU_ConfigRegion                              Drivers\STM32F4xx_HAL_Driver\stm32f4xx_hal_cortex.o
HAL_MspDeInit                                     Drivers\STM32F4xx_HAL_Driver\stm32f4xx_hal.o
HAL_MspInit                                       Application\User\stm32f4xx_hal_msp.o
HAL_NVIC_ClearPendingIRQ                          Drivers\STM32F4xx_HAL_Driver\stm32f4xx_hal_cortex.o
HAL_NVIC_DisableIRQ                               Drivers\STM32F4xx_HAL_Driver\stm32f4xx_hal_cortex.o
HAL_NVIC_EnableIRQ                                Drivers\STM32F4xx_HAL_Driver\stm32f4xx_hal_cortex.o
                                                  Application\User\main.o
HAL_NVIC_GetActive                                Drivers\STM32F4xx_HAL_Driver\stm32f4xx_hal_cortex.o
HAL_NVIC_GetPendingIRQ                            Drivers\STM32F4xx_HAL_Driver\stm32f4xx_hal_cortex.o
HAL_NVIC_GetPriority                              Drivers\STM32F4xx_HAL_Driver\stm32f4xx_hal_cortex.o
HAL_NVIC_GetPriorityGrouping                      Drivers\STM32F4xx_HAL_Driver\stm32f4xx_hal_cortex.o
HAL_NVIC_SetPendingIRQ                            Drivers\STM32F4xx_HAL_Driver\stm32f4xx_hal_cortex.o
HAL_NVIC_SetPriority                              Drivers\STM32F4xx_HAL_Driver\stm32f4xx_hal_cortex.o
                                                  Drivers\STM32F4xx_HAL_Driver\stm32f4xx_hal.o
                                                  Application\User\stm32f4xx_hal_msp.o
                                                  Application\User\main.o
HAL_NVIC_SetPriorityGrouping                      Drivers\STM32F4xx_HAL_Driver\stm32f4xx_hal_cortex.o
                                                  Drivers\STM32F4xx_HAL_Driver\stm32f4xx_hal.o
                                                  Application\User\stm32f4xx_hal_msp.o
HAL_NVIC_SystemReset                              Drivers\STM32F4xx_HAL_Driver\stm32f4xx_hal_cortex.o
HAL_PWREx_ControlVoltageScaling                   Drivers\STM32F4xx_HAL_Driver\stm32f4xx_hal_pwr_ex.o
HAL_PWREx_DisableBkUpReg                          Drivers\STM32F4xx_HAL_Driver\stm32f4xx_hal_pwr_ex.o
HAL_PWREx_DisableFlashPowerDown                   Drivers\STM32F4xx_HAL_Driver\stm32f4xx_hal_pwr_ex.o
HAL_PWREx_EnableBkUpReg                           Drivers\STM32F4xx_HAL_Driver\stm32f4xx_hal_pwr_ex.o
HAL_PWREx_EnableFlashPowerDown                    Drivers\STM32F4xx_HAL_Driver\stm32f4xx_hal_pwr_ex.o
HAL_PWREx_GetVoltageRange                         Drivers\STM32F4xx_HAL_Driver\stm32f4xx_hal_pwr_ex.o
HAL_PWR_ConfigPVD                                 Drivers\STM32F4xx_HAL_Driver\stm32f4xx_hal_pwr.o
HAL_PWR_DeInit                                    Drivers\STM32F4xx_HAL_Driver\stm32f4xx_hal_pwr.o
HAL_PWR_DisableBkUpAccess                         Drivers\STM32F4xx_HAL_Driver\stm32f4xx_hal_pwr.o
HAL_PWR_DisablePVD                                Drivers\STM32F4xx_HAL_Driver\stm32f4xx_hal_pwr.o
HAL_PWR_DisableSEVOnPend                          Drivers\STM32F4xx_HAL_Driver\stm32f4xx_hal_pwr.o
HAL_PWR_DisableSleepOnExit                        Drivers\STM32F4xx_HAL_Driver\stm32f4xx_hal_pwr.o
HAL_PWR_DisableWakeUpPin                          Drivers\STM32F4xx_HAL_Driver\stm32f4xx_hal_pwr.o
HAL_PWR_EnableBkUpAccess                          Drivers\STM32F4xx_HAL_Driver\stm32f4xx_hal_pwr.o
HAL_PWR_EnablePVD                                 Drivers\STM32F4xx_HAL_Driver\stm32f4xx_hal_pwr.o
HAL_PWR_EnableSEVOnPend                           Drivers\STM32F4xx_HAL_Driver\stm32f4xx_hal_pwr.o
HAL_PWR_EnableSleepOnExit                         Drivers\STM32F4xx_HAL_Driver\stm32f4xx_hal_pwr.o
HAL_PWR_EnableWakeUpPin                           Drivers\STM32F4xx_HAL_Driver\stm32f4xx_hal_pwr.o
HAL_PWR_EnterSLEEPMode                            Drivers\STM32F4xx_HAL_Driver\stm32f4xx_hal_pwr.o
HAL_PWR_EnterSTANDBYMode                          Drivers\STM32F4xx_HAL_Driver\stm32f4xx_hal_pwr.o
HAL_PWR_EnterSTOPMode                             Drivers\STM32F4xx_HAL_Driver\stm32f4xx_hal_pwr.o
HAL_PWR_PVDCallback                               Drivers\STM32F4xx_HAL_Driver\stm32f4xx_hal_pwr.o
HAL_PWR_PVD_IRQHandler                            Drivers\STM32F4xx_HAL_Driver\stm32f4xx_hal_pwr.o
HAL_RCCEx_GetPeriphCLKConfig                      Drivers\STM32F4xx_HAL_Driver\stm32f4xx_hal_rcc_ex.o
HAL_RCCEx_PeriphCLKConfig                         Drivers\STM32F4xx_HAL_Driver\stm32f4xx_hal_rcc_ex.o
HAL_RCC_CSSCallback                               Drivers\STM32F4xx_HAL_Driver\stm32f4xx_hal_rcc.o
HAL_RCC_ClockConfig                               Drivers\STM32F4xx_HAL_Driver\stm32f4xx_hal_rcc.o
                                                  Application\User\main.o
HAL_RCC_DeInit                                    Drivers\STM32F4xx_HAL_Driver\stm32f4xx_hal_rcc_ex.o
                                                  Drivers\STM32F4xx_HAL_Driver\stm32f4xx_hal_rcc.o
HAL_RCC_DisableCSS                                Drivers\STM32F4xx_HAL_Driver\stm32f4xx_hal_rcc.o
HAL_RCC_EnableCSS                                 Drivers\STM32F4xx_HAL_Driver\stm32f4xx_hal_rcc.o
HAL_RCC_GetClockConfig                            Drivers\STM32F4xx_HAL_Driver\stm32f4xx_hal_rcc.o
HAL_RCC_GetHCLKFreq                               Drivers\STM32F4xx_HAL_Driver\stm32f4xx_hal_rcc.o
                                                  Drivers\STM32F4xx_HAL_Driver\stm32f4xx_hal.o
                                                  Application\User\main.o
HAL_RCC_GetOscConfig                              Drivers\STM32F4xx_HAL_Driver\stm32f4xx_hal_rcc.o
HAL_RCC_GetPCLK1Freq                              Drivers\STM32F4xx_HAL_Driver\stm32f4xx_hal_rcc.o
HAL_RCC_GetPCLK2Freq                              Drivers\STM32F4xx_HAL_Driver\stm32f4xx_hal_rcc.o
HAL_RCC_GetSysClockFreq                           Drivers\STM32F4xx_HAL_Driver\stm32f4xx_hal_rcc.o
HAL_RCC_MCOConfig                                 Drivers\STM32F4xx_HAL_Driver\stm32f4xx_hal_rcc.o
HAL_RCC_NMI_IRQHandler                            Drivers\STM32F4xx_HAL_Driver\stm32f4xx_hal_rcc.o
HAL_RCC_OscConfig                                 Drivers\STM32F4xx_HAL_Driver\stm32f4xx_hal_rcc.o
                                                  Application\User\main.o
HAL_ResumeTick                                    Drivers\STM32F4xx_HAL_Driver\stm32f4xx_hal.o
HAL_SYSTICK_CLKSourceConfig                       Drivers\STM32F4xx_HAL_Driver\stm32f4xx_hal_cortex.o
                                                  Application\User\main.o
HAL_SYSTICK_Callback                              Drivers\STM32F4xx_HAL_Driver\stm32f4xx_hal_cortex.o
HAL_SYSTICK_Config                                Drivers\STM32F4xx_HAL_Driver\stm32f4xx_hal_cortex.o
                                                  Drivers\STM32F4xx_HAL_Driver\stm32f4xx_hal.o
                                                  Application\User\main.o
HAL_SYSTICK_IRQHandler                            Drivers\STM32F4xx_HAL_Driver\stm32f4xx_hal_cortex.o
                                                  Application\User\stm32f4xx_it.o
HAL_SuspendTick                                   Drivers\STM32F4xx_HAL_Driver\stm32f4xx_hal.o
HAL_TIMEx_BreakCallback                           Drivers\STM32F4xx_HAL_Driver\stm32f4xx_hal_tim_ex.o
                                                  Drivers\STM32F4xx_HAL_Driver\stm32f4xx_hal_tim.o
HAL_TIMEx_CommutationCallback                     Drivers\STM32F4xx_HAL_Driver\stm32f4xx_hal_tim_ex.o
                                                  Drivers\STM32F4xx_HAL_Driver\stm32f4xx_hal_tim.o
HAL_TIMEx_ConfigBreakDeadTime                     Drivers\STM32F4xx_HAL_Driver\stm32f4xx_hal_tim_ex.o
HAL_TIMEx_ConfigCommutationEvent                  Drivers\STM32F4xx_HAL_Driver\stm32f4xx_hal_tim_ex.o
HAL_TIMEx_ConfigCommutationEvent_DMA              Drivers\STM32F4xx_HAL_Driver\stm32f4xx_hal_tim_ex.o
HAL_TIMEx_ConfigCommutationEvent_IT               Drivers\STM32F4xx_HAL_Driver\stm32f4xx_hal_tim_ex.o
HAL_TIMEx_HallSensor_DeInit                       Drivers\STM32F4xx_HAL_Driver\stm32f4xx_hal_tim_ex.o
HAL_TIMEx_HallSensor_GetState                     Drivers\STM32F4xx_HAL_Driver\stm32f4xx_hal_tim_ex.o
HAL_TIMEx_HallSensor_Init                         Drivers\STM32F4xx_HAL_Driver\stm32f4xx_hal_tim_ex.o
HAL_TIMEx_HallSensor_MspDeInit                    Drivers\STM32F4xx_HAL_Driver\stm32f4xx_hal_tim_ex.o
HAL_TIMEx_HallSensor_MspInit                      Drivers\STM32F4xx_HAL_Driver\stm32f4xx_hal_tim_ex.o
HAL_TIMEx_HallSensor_Start                        Drivers\STM32F4xx_HAL_Driver\stm32f4xx_hal_tim_ex.o
HAL_TIMEx_HallSensor_Start_DMA                    Drivers\STM32F4xx_HAL_Driver\stm32f4xx_hal_tim_ex.o
HAL_TIMEx_HallSensor_Start_IT                     Drivers\STM32F4xx_HAL_Driver\stm32f4xx_hal_tim_ex.o
HAL_TIMEx_HallSensor_Stop                         Drivers\STM32F4xx_HAL_Driver\stm32f4xx_hal_tim_ex.o
HAL_TIMEx_HallSensor_Stop_DMA                     Drivers\STM32F4xx_HAL_Driver\stm32f4xx_hal_tim_ex.o
HAL_TIMEx_HallSensor_Stop_IT                      Drivers\STM32F4xx_HAL_Driver\stm32f4xx_hal_tim_ex.o
HAL_TIMEx_MasterConfigSynchronization             Drivers\STM32F4xx_HAL_Driver\stm32f4xx_hal_tim_ex.o
                                                  Application\User\main.o
HAL_TIMEx_OCN_Start                               Drivers\STM32F4xx_HAL_Driver\stm32f4xx_hal_tim_ex.o
HAL_TIMEx_OCN_Start_DMA                           Drivers\STM32F4xx_HAL_Driver\stm32f4xx_hal_tim_ex.o
HAL_TIMEx_OCN_Start_IT                            Drivers\STM32F4xx_HAL_Driver\stm32f4xx_hal_tim_ex.o
HAL_TIMEx_OCN_Stop                                Drivers\STM32F4xx_HAL_Driver\stm32f4xx_hal_tim_ex.o
HAL_TIMEx_OCN_Stop_DMA                            Drivers\STM32F4xx_HAL_Driver\stm32f4xx_hal_tim_ex.o
HAL_TIMEx_OCN_Stop_IT                             Drivers\STM32F4xx_HAL_Driver\stm32f4xx_hal_tim_ex.o
HAL_TIMEx_OnePulseN_Start                         Drivers\STM32F4xx_HAL_Driver\stm32f4xx_hal_tim_ex.o
HAL_TIMEx_OnePulseN_Start_IT                      Drivers\STM32F4xx_HAL_Driver\stm32f4xx_hal_tim_ex.o
HAL_TIMEx_OnePulseN_Stop                          Drivers\STM32F4xx_HAL_Driver\stm32f4xx_hal_tim_ex.o
HAL_TIMEx_OnePulseN_Stop_IT                       Drivers\STM32F4xx_HAL_Driver\stm32f4xx_hal_tim_ex.o
HAL_TIMEx_PWMN_Start                              Drivers\STM32F4xx_HAL_Driver\stm32f4xx_hal_tim_ex.o
HAL_TIMEx_PWMN_Start_DMA                          Drivers\STM32F4xx_HAL_Driver\stm32f4xx_hal_tim_ex.o
HAL_TIMEx_PWMN_Start_IT                           Drivers\STM32F4xx_HAL_Driver\stm32f4xx_hal_tim_ex.o
HAL_TIMEx_PWMN_Stop                               Drivers\STM32F4xx_HAL_Driver\stm32f4xx_hal_tim_ex.o
HAL_TIMEx_PWMN_Stop_DMA                           Drivers\STM32F4xx_HAL_Driver\stm32f4xx_hal_tim_ex.o
HAL_TIMEx_PWMN_Stop_IT                            Drivers\STM32F4xx_HAL_Driver\stm32f4xx_hal_tim_ex.o
HAL_TIMEx_RemapConfig                             Drivers\STM32F4xx_HAL_Driver\stm32f4xx_hal_tim_ex.o
HAL_TIM_Base_DeInit                               Drivers\STM32F4xx_HAL_Driver\stm32f4xx_hal_tim.o
HAL_TIM_Base_GetState                             Drivers\STM32F4xx_HAL_Driver\stm32f4xx_hal_tim.o
HAL_TIM_Base_Init                                 Drivers\STM32F4xx_HAL_Driver\stm32f4xx_hal_tim.o
                                                  Application\User\main.o
HAL_TIM_Base_MspDeInit                            Application\User\main.o
HAL_TIM_Base_MspInit                              Application\User\main.o
HAL_TIM_Base_Start                                Drivers\STM32F4xx_HAL_Driver\stm32f4xx_hal_tim.o
                                                  Application\User\main.o
HAL_TIM_Base_Start_DMA                            Drivers\STM32F4xx_HAL_Driver\stm32f4xx_hal_tim.o
HAL_TIM_Base_Start_IT                             Drivers\STM32F4xx_HAL_Driver\stm32f4xx_hal_tim.o
HAL_TIM_Base_Stop                                 Drivers\STM32F4xx_HAL_Driver\stm32f4xx_hal_tim.o
HAL_TIM_Base_Stop_DMA                             Drivers\STM32F4xx_HAL_Driver\stm32f4xx_hal_tim.o
HAL_TIM_Base_Stop_IT                              Drivers\STM32F4xx_HAL_Driver\stm32f4xx_hal_tim.o
HAL_TIM_ConfigClockSource                         Drivers\STM32F4xx_HAL_Driver\stm32f4xx_hal_tim.o
HAL_TIM_ConfigOCrefClear                          Drivers\STM32F4xx_HAL_Driver\stm32f4xx_hal_tim.o
HAL_TIM_ConfigTI1Input                            Drivers\STM32F4xx_HAL_Driver\stm32f4xx_hal_tim.o
HAL_TIM_DMABurst_ReadStart                        Drivers\STM32F4xx_HAL_Driver\stm32f4xx_hal_tim.o
HAL_TIM_DMABurst_ReadStop                         Drivers\STM32F4xx_HAL_Driver\stm32f4xx_hal_tim.o
HAL_TIM_DMABurst_WriteStart                       Drivers\STM32F4xx_HAL_Driver\stm32f4xx_hal_tim.o
HAL_TIM_DMABurst_WriteStop                        Drivers\STM32F4xx_HAL_Driver\stm32f4xx_hal_tim.o
HAL_TIM_Encoder_DeInit                            Drivers\STM32F4xx_HAL_Driver\stm32f4xx_hal_tim.o
HAL_TIM_Encoder_GetState                          Drivers\STM32F4xx_HAL_Driver\stm32f4xx_hal_tim.o
HAL_TIM_Encoder_Init                              Drivers\STM32F4xx_HAL_Driver\stm32f4xx_hal_tim.o
HAL_TIM_Encoder_MspDeInit                         Drivers\STM32F4xx_HAL_Driver\stm32f4xx_hal_tim.o
HAL_TIM_Encoder_MspInit                           Drivers\STM32F4xx_HAL_Driver\stm32f4xx_hal_tim.o
HAL_TIM_Encoder_Start                             Drivers\STM32F4xx_HAL_Driver\stm32f4xx_hal_tim.o
HAL_TIM_Encoder_Start_DMA                         Drivers\STM32F4xx_HAL_Driver\stm32f4xx_hal_tim.o
HAL_TIM_Encoder_Start_IT                          Drivers\STM32F4xx_HAL_Driver\stm32f4xx_hal_tim.o
HAL_TIM_Encoder_Stop                              Drivers\STM32F4xx_HAL_Driver\stm32f4xx_hal_tim.o
HAL_TIM_Encoder_Stop_DMA                          Drivers\STM32F4xx_HAL_Driver\stm32f4xx_hal_tim.o
HAL_TIM_Encoder_Stop_IT                           Drivers\STM32F4xx_HAL_Driver\stm32f4xx_hal_tim.o
HAL_TIM_ErrorCallback                             Drivers\STM32F4xx_HAL_Driver\stm32f4xx_hal_tim.o
HAL_TIM_GenerateEvent                             Drivers\STM32F4xx_HAL_Driver\stm32f4xx_hal_tim.o
HAL_TIM_IC_CaptureCallback                        Drivers\STM32F4xx_HAL_Driver\stm32f4xx_hal_tim.o
HAL_TIM_IC_ConfigChannel                          Drivers\STM32F4xx_HAL_Driver\stm32f4xx_hal_tim.o
HAL_TIM_IC_DeInit                                 Drivers\STM32F4xx_HAL_Driver\stm32f4xx_hal_tim.o
HAL_TIM_IC_GetState                               Drivers\STM32F4xx_HAL_Driver\stm32f4xx_hal_tim.o
HAL_TIM_IC_Init                                   Drivers\STM32F4xx_HAL_Driver\stm32f4xx_hal_tim.o
HAL_TIM_IC_MspDeInit                              Drivers\STM32F4xx_HAL_Driver\stm32f4xx_hal_tim.o
HAL_TIM_IC_MspInit                                Drivers\STM32F4xx_HAL_Driver\stm32f4xx_hal_tim.o
HAL_TIM_IC_Start                                  Drivers\STM32F4xx_HAL_Driver\stm32f4xx_hal_tim.o
HAL_TIM_IC_Start_DMA                              Drivers\STM32F4xx_HAL_Driver\stm32f4xx_hal_tim.o
HAL_TIM_IC_Start_IT                               Drivers\STM32F4xx_HAL_Driver\stm32f4xx_hal_tim.o
HAL_TIM_IC_Stop                                   Drivers\STM32F4xx_HAL_Driver\stm32f4xx_hal_tim.o
HAL_TIM_IC_Stop_DMA                               Drivers\STM32F4xx_HAL_Driver\stm32f4xx_hal_tim.o
HAL_TIM_IC_Stop_IT                                Drivers\STM32F4xx_HAL_Driver\stm32f4xx_hal_tim.o
HAL_TIM_IRQHandler                                Drivers\STM32F4xx_HAL_Driver\stm32f4xx_hal_tim.o
HAL_TIM_OC_ConfigChannel                          Drivers\STM32F4xx_HAL_Driver\stm32f4xx_hal_tim.o
HAL_TIM_OC_DeInit                                 Drivers\STM32F4xx_HAL_Driver\stm32f4xx_hal_tim.o
HAL_TIM_OC_DelayElapsedCallback                   Drivers\STM32F4xx_HAL_Driver\stm32f4xx_hal_tim.o
HAL_TIM_OC_GetState                               Drivers\STM32F4xx_HAL_Driver\stm32f4xx_hal_tim.o
HAL_TIM_OC_Init                                   Drivers\STM32F4xx_HAL_Driver\stm32f4xx_hal_tim.o
HAL_TIM_OC_MspDeInit                              Drivers\STM32F4xx_HAL_Driver\stm32f4xx_hal_tim.o
HAL_TIM_OC_MspInit                                Drivers\STM32F4xx_HAL_Driver\stm32f4xx_hal_tim.o
HAL_TIM_OC_Start                                  Drivers\STM32F4xx_HAL_Driver\stm32f4xx_hal_tim.o
HAL_TIM_OC_Start_DMA                              Drivers\STM32F4xx_HAL_Driver\stm32f4xx_hal_tim.o
HAL_TIM_OC_Start_IT                               Drivers\STM32F4xx_HAL_Driver\stm32f4xx_hal_tim.o
HAL_TIM_OC_Stop                                   Drivers\STM32F4xx_HAL_Driver\stm32f4xx_hal_tim.o
HAL_TIM_OC_Stop_DMA                               Drivers\STM32F4xx_HAL_Driver\stm32f4xx_hal_tim.o
HAL_TIM_OC_Stop_IT                                Drivers\STM32F4xx_HAL_Driver\stm32f4xx_hal_tim.o
HAL_TIM_OnePulse_ConfigChannel                    Drivers\STM32F4xx_HAL_Driver\stm32f4xx_hal_tim.o
HAL_TIM_OnePulse_DeInit                           Drivers\STM32F4xx_HAL_Driver\stm32f4xx_hal_tim.o
HAL_TIM_OnePulse_GetState                         Drivers\STM32F4xx_HAL_Driver\stm32f4xx_hal_tim.o
HAL_TIM_OnePulse_Init                             Drivers\STM32F4xx_HAL_Driver\stm32f4xx_hal_tim.o
HAL_TIM_OnePulse_MspDeInit                        Drivers\STM32F4xx_HAL_Driver\stm32f4xx_hal_tim.o
HAL_TIM_OnePulse_MspInit                          Drivers\STM32F4xx_HAL_Driver\stm32f4xx_hal_tim.o
HAL_TIM_OnePulse_Start                            Drivers\STM32F4xx_HAL_Driver\stm32f4xx_hal_tim.o
HAL_TIM_OnePulse_Start_IT                         Drivers\STM32F4xx_HAL_Driver\stm32f4xx_hal_tim.o
HAL_TIM_OnePulse_Stop                             Drivers\STM32F4xx_HAL_Driver\stm32f4xx_hal_tim.o
HAL_TIM_OnePulse_Stop_IT                          Drivers\STM32F4xx_HAL_Driver\stm32f4xx_hal_tim.o
HAL_TIM_PWM_ConfigChannel                         Drivers\STM32F4xx_HAL_Driver\stm32f4xx_hal_tim.o
HAL_TIM_PWM_DeInit                                Drivers\STM32F4xx_HAL_Driver\stm32f4xx_hal_tim.o
HAL_TIM_PWM_GetState                              Drivers\STM32F4xx_HAL_Driver\stm32f4xx_hal_tim.o
HAL_TIM_PWM_Init                                  Drivers\STM32F4xx_HAL_Driver\stm32f4xx_hal_tim.o
HAL_TIM_PWM_MspDeInit                             Drivers\STM32F4xx_HAL_Driver\stm32f4xx_hal_tim.o
HAL_TIM_PWM_MspInit                               Drivers\STM32F4xx_HAL_Driver\stm32f4xx_hal_tim.o
HAL_TIM_PWM_PulseFinishedCallback                 Drivers\STM32F4xx_HAL_Driver\stm32f4xx_hal_tim.o
HAL_TIM_PWM_Start                                 Drivers\STM32F4xx_HAL_Driver\stm32f4xx_hal_tim.o
HAL_TIM_PWM_Start_DMA                             Drivers\STM32F4xx_HAL_Driver\stm32f4xx_hal_tim.o
HAL_TIM_PWM_Start_IT                              Drivers\STM32F4xx_HAL_Driver\stm32f4xx_hal_tim.o
HAL_TIM_PWM_Stop                                  Drivers\STM32F4xx_HAL_Driver\stm32f4xx_hal_tim.o
HAL_TIM_PWM_Stop_DMA                              Drivers\STM32F4xx_HAL_Driver\stm32f4xx_hal_tim.o
HAL_TIM_PWM_Stop_IT                               Drivers\STM32F4xx_HAL_Driver\stm32f4xx_hal_tim.o
HAL_TIM_PeriodElapsedCallback                     Drivers\STM32F4xx_HAL_Driver\stm32f4xx_hal_tim.o
HAL_TIM_ReadCapturedValue                         Drivers\STM32F4xx_HAL_Driver\stm32f4xx_hal_tim.o
HAL_TIM_SlaveConfigSynchronization                Drivers\STM32F4xx_HAL_Driver\stm32f4xx_hal_tim.o
HAL_TIM_SlaveConfigSynchronization_IT             Drivers\STM32F4xx_HAL_Driver\stm32f4xx_hal_tim.o
HAL_TIM_TriggerCallback                           Drivers\STM32F4xx_HAL_Driver\stm32f4xx_hal_tim.o
HASH_RNG_IRQHandler                               Application\TrueSTUDIO\startup_stm32f407xx.o
HardFault_Handler                                 Application\TrueSTUDIO\startup_stm32f407xx.o
I2C1_ER_IRQHandler                                Application\TrueSTUDIO\startup_stm32f407xx.o
I2C1_EV_IRQHandler                                Application\TrueSTUDIO\startup_stm32f407xx.o
I2C2_ER_IRQHandler                                Application\TrueSTUDIO\startup_stm32f407xx.o
I2C2_EV_IRQHandler                                Application\TrueSTUDIO\startup_stm32f407xx.o
I2C3_ER_IRQHandler                                Application\TrueSTUDIO\startup_stm32f407xx.o
I2C3_EV_IRQHandler                                Application\TrueSTUDIO\startup_stm32f407xx.o
MemManage_Handler                                 Application\TrueSTUDIO\startup_stm32f407xx.o
NMI_Handler                                       Application\TrueSTUDIO\startup_stm32f407xx.o
OTG_FS_IRQHandler                                 Application\TrueSTUDIO\startup_stm32f407xx.o
OTG_FS_WKUP_IRQHandler                            Application\TrueSTUDIO\startup_stm32f407xx.o
OTG_HS_EP1_IN_IRQHandler                          Application\TrueSTUDIO\startup_stm32f407xx.o
OTG_HS_EP1_OUT_IRQHandler                         Application\TrueSTUDIO\startup_stm32f407xx.o
OTG_HS_IRQHandler                                 Application\TrueSTUDIO\startup_stm32f407xx.o
OTG_HS_WKUP_IRQHandler                            Application\TrueSTUDIO\startup_stm32f407xx.o
PVD_IRQHandler                                    Application\TrueSTUDIO\startup_stm32f407xx.o
PendSV_Handler                                    Application\TrueSTUDIO\startup_stm32f407xx.o
RCC_IRQHandler                                    Application\TrueSTUDIO\startup_stm32f407xx.o
RTC_Alarm_IRQHandler                              Application\TrueSTUDIO\startup_stm32f407xx.o
RTC_WKUP_IRQHandler                               Application\TrueSTUDIO\startup_stm32f407xx.o
Reset_Handler                                     Application\TrueSTUDIO\startup_stm32f407xx.o
SDIO_IRQHandler                                   Application\TrueSTUDIO\startup_stm32f407xx.o
SPI1_IRQHandler                                   Application\TrueSTUDIO\startup_stm32f407xx.o
SPI2_IRQHandler                                   Application\TrueSTUDIO\startup_stm32f407xx.o
SPI3_IRQHandler                                   Application\TrueSTUDIO\startup_stm32f407xx.o
SVC_Handler                                       Application\TrueSTUDIO\startup_stm32f407xx.o
SysTick_Handler                                   Application\User\stm32f4xx_it.o
                                                  Application\TrueSTUDIO\startup_stm32f407xx.o
SystemClock_Config                                Application\User\main.o
SystemCoreClock                                   Drivers\CMSIS\system_stm32f4xx.o
                                                  Drivers\STM32F4xx_HAL_Driver\stm32f4xx_hal_rcc.o
SystemCoreClockUpdate                             Drivers\CMSIS\system_stm32f4xx.o
SystemInit                                        Drivers\CMSIS\system_stm32f4xx.o
                                                  Application\TrueSTUDIO\startup_stm32f407xx.o
TAMP_STAMP_IRQHandler                             Application\TrueSTUDIO\startup_stm32f407xx.o
TIM1_BRK_TIM9_IRQHandler                          Application\TrueSTUDIO\startup_stm32f407xx.o
TIM1_CC_IRQHandler                                Application\TrueSTUDIO\startup_stm32f407xx.o
TIM1_TRG_COM_TIM11_IRQHandler                     Application\TrueSTUDIO\startup_stm32f407xx.o
TIM1_UP_TIM10_IRQHandler                          Application\TrueSTUDIO\startup_stm32f407xx.o
TIM2_IRQHandler                                   Application\TrueSTUDIO\startup_stm32f407xx.o
TIM3_IRQHandler                                   Application\TrueSTUDIO\startup_stm32f407xx.o
TIM4_IRQHandler                                   Application\TrueSTUDIO\startup_stm32f407xx.o
TIM5_IRQHandler                                   Application\TrueSTUDIO\startup_stm32f407xx.o
TIM6_Config                                       Application\User\main.o
TIM6_DAC_IRQHandler                               Application\TrueSTUDIO\startup_stm32f407xx.o
TIM7_IRQHandler                                   Application\TrueSTUDIO\startup_stm32f407xx.o
TIM8_BRK_TIM12_IRQHandler                         Application\TrueSTUDIO\startup_stm32f407xx.o
TIM8_CC_IRQHandler                                Application\TrueSTUDIO\startup_stm32f407xx.o
TIM8_TRG_COM_TIM14_IRQHandler                     Application\TrueSTUDIO\startup_stm32f407xx.o
TIM8_UP_TIM13_IRQHandler                          Application\TrueSTUDIO\startup_stm32f407xx.o
TIMEx_DMACommutationCplt                          Drivers\STM32F4xx_HAL_Driver\stm32f4xx_hal_tim_ex.o
                                                  Drivers\STM32F4xx_HAL_Driver\stm32f4xx_hal_tim.o
TIM_Base_SetConfig                                Drivers\STM32F4xx_HAL_Driver\stm32f4xx_hal_tim.o
                                                  Drivers\STM32F4xx_HAL_Driver\stm32f4xx_hal_tim_ex.o
TIM_CCxChannelCmd                                 Drivers\STM32F4xx_HAL_Driver\stm32f4xx_hal_tim.o
                                                  Drivers\STM32F4xx_HAL_Driver\stm32f4xx_hal_tim_ex.o
TIM_DMACaptureCplt                                Drivers\STM32F4xx_HAL_Driver\stm32f4xx_hal_tim.o
                                                  Drivers\STM32F4xx_HAL_Driver\stm32f4xx_hal_tim_ex.o
TIM_DMADelayPulseCplt                             Drivers\STM32F4xx_HAL_Driver\stm32f4xx_hal_tim.o
                                                  Drivers\STM32F4xx_HAL_Driver\stm32f4xx_hal_tim_ex.o
TIM_DMAError                                      Drivers\STM32F4xx_HAL_Driver\stm32f4xx_hal_tim.o
                                                  Drivers\STM32F4xx_HAL_Driver\stm32f4xx_hal_tim_ex.o
TIM_OC2_SetConfig                                 Drivers\STM32F4xx_HAL_Driver\stm32f4xx_hal_tim.o
                                                  Drivers\STM32F4xx_HAL_Driver\stm32f4xx_hal_tim_ex.o
TIM_TI1_SetConfig                                 Drivers\STM32F4xx_HAL_Driver\stm32f4xx_hal_tim.o
                                                  Drivers\STM32F4xx_HAL_Driver\stm32f4xx_hal_tim_ex.o
UART4_IRQHandler                                  Application\TrueSTUDIO\startup_stm32f407xx.o
UART5_IRQHandler                                  Application\TrueSTUDIO\startup_stm32f407xx.o
USART1_IRQHandler                                 Application\TrueSTUDIO\startup_stm32f407xx.o
USART2_IRQHandler                                 Application\TrueSTUDIO\startup_stm32f407xx.o
USART3_IRQHandler                                 Application\TrueSTUDIO\startup_stm32f407xx.o
USART6_IRQHandler                                 Application\TrueSTUDIO\startup_stm32f407xx.o
UsageFault_Handler                                Application\TrueSTUDIO\startup_stm32f407xx.o
WWDG_IRQHandler                                   Application\TrueSTUDIO\startup_stm32f407xx.o
__adddf3                                          c:/program files (x86)/atollic/truestudio for stm32 9.0.0/armtools/bin/../lib/gcc/arm-atollic-eabi/6.3.1/armv7e-m/fpu\libgcc.a(_arm_addsubdf3.o)
__aeabi_d2f                                       c:/program files (x86)/atollic/truestudio for stm32 9.0.0/armtools/bin/../lib/gcc/arm-atollic-eabi/6.3.1/armv7e-m/fpu\libgcc.a(_arm_truncdfsf2.o)
                                                  Application\User\main.o
__aeabi_d2uiz                                     c:/program files (x86)/atollic/truestudio for stm32 9.0.0/armtools/bin/../lib/gcc/arm-atollic-eabi/6.3.1/armv7e-m/fpu\libgcc.a(_arm_fixunsdfsi.o)
                                                  Application\User\main.o
__aeabi_dadd                                      c:/program files (x86)/atollic/truestudio for stm32 9.0.0/armtools/bin/../lib/gcc/arm-atollic-eabi/6.3.1/armv7e-m/fpu\libgcc.a(_arm_addsubdf3.o)
                                                  Application\User\main.o
__aeabi_ddiv                                      c:/program files (x86)/atollic/truestudio for stm32 9.0.0/armtools/bin/../lib/gcc/arm-atollic-eabi/6.3.1/armv7e-m/fpu\libgcc.a(_arm_muldivdf3.o)
__aeabi_dmul                                      c:/program files (x86)/atollic/truestudio for stm32 9.0.0/armtools/bin/../lib/gcc/arm-atollic-eabi/6.3.1/armv7e-m/fpu\libgcc.a(_arm_muldivdf3.o)
                                                  Application\User\main.o
__aeabi_drsub                                     c:/program files (x86)/atollic/truestudio for stm32 9.0.0/armtools/bin/../lib/gcc/arm-atollic-eabi/6.3.1/armv7e-m/fpu\libgcc.a(_arm_addsubdf3.o)
__aeabi_dsub                                      c:/program files (x86)/atollic/truestudio for stm32 9.0.0/armtools/bin/../lib/gcc/arm-atollic-eabi/6.3.1/armv7e-m/fpu\libgcc.a(_arm_addsubdf3.o)
__aeabi_f2d                                       c:/program files (x86)/atollic/truestudio for stm32 9.0.0/armtools/bin/../lib/gcc/arm-atollic-eabi/6.3.1/armv7e-m/fpu\libgcc.a(_arm_addsubdf3.o)
                                                  Application\User\main.o
__aeabi_i2d                                       c:/program files (x86)/atollic/truestudio for stm32 9.0.0/armtools/bin/../lib/gcc/arm-atollic-eabi/6.3.1/armv7e-m/fpu\libgcc.a(_arm_addsubdf3.o)
__aeabi_l2d                                       c:/program files (x86)/atollic/truestudio for stm32 9.0.0/armtools/bin/../lib/gcc/arm-atollic-eabi/6.3.1/armv7e-m/fpu\libgcc.a(_arm_addsubdf3.o)
__aeabi_ui2d                                      c:/program files (x86)/atollic/truestudio for stm32 9.0.0/armtools/bin/../lib/gcc/arm-atollic-eabi/6.3.1/armv7e-m/fpu\libgcc.a(_arm_addsubdf3.o)
__aeabi_ul2d                                      c:/program files (x86)/atollic/truestudio for stm32 9.0.0/armtools/bin/../lib/gcc/arm-atollic-eabi/6.3.1/armv7e-m/fpu\libgcc.a(_arm_addsubdf3.o)