Archive member included to satisfy reference by file (symbol)

c:/program files (x86)/atollic/truestudio for stm32 9.0.0/armtools/bin/../lib/gcc/arm-atollic-eabi/6.3.1/../../../../arm-atollic-eabi/lib/armv7e-m/fpu\libc_nano.a(lib_a-init.o)
                              Application\TrueSTUDIO\startup_stm32f407xx.o (__libc_init_array)

Allocating common symbols
Common symbol       size              file

uwTick              0x4               Drivers\STM32F4xx_HAL_Driver\stm32f4xx_hal.o
pFlash              0x20              Drivers\STM32F4xx_HAL_Driver\stm32f4xx_hal_flash.o
hadc1               0x48              Application\User\main.o

Discarded input sections

 .text          0x00000000        0x0 c:/program files (x86)/atollic/truestudio for stm32 9.0.0/armtools/bin/../lib/gcc/arm-atollic-eabi/6.3.1/armv7e-m/fpu/crti.o
 .data          0x00000000        0x0 c:/program files (x86)/atollic/truestudio for stm32 9.0.0/armtools/bin/../lib/gcc/arm-atollic-eabi/6.3.1/armv7e-m/fpu/crti.o
 .bss           0x00000000        0x0 c:/program files (x86)/atollic/truestudio for stm32 9.0.0/armtools/bin/../lib/gcc/arm-atollic-eabi/6.3.1/armv7e-m/fpu/crti.o
 .data          0x00000000        0x4 c:/program files (x86)/atollic/truestudio for stm32 9.0.0/armtools/bin/../lib/gcc/arm-atollic-eabi/6.3.1/armv7e-m/fpu/crtbegin.o
 .text          0x00000000       0x14 Application\TrueSTUDIO\startup_stm32f407xx.o
 .data          0x00000000        0x0 Application\TrueSTUDIO\startup_stm32f407xx.o
 .bss           0x00000000        0x0 Application\TrueSTUDIO\startup_stm32f407xx.o
 .text          0x00000000        0x0 Application\User\main.o
 .data          0x00000000        0x0 Application\User\main.o
 .bss           0x00000000        0x0 Application\User\main.o
 .text          0x00000000        0x0 Application\User\stm32f4xx_hal_msp.o
 .data          0x00000000        0x0 Application\User\stm32f4xx_hal_msp.o
 .bss           0x00000000        0x0 Application\User\stm32f4xx_hal_msp.o
 .text.HAL_ADC_MspDeInit
                0x00000000       0x28 Application\User\stm32f4xx_hal_msp.o
 .text          0x00000000        0x0 Application\User\stm32f4xx_it.o
 .data          0x00000000        0x0 Application\User\stm32f4xx_it.o
 .bss           0x00000000        0x0 Application\User\stm32f4xx_it.o
 .text          0x00000000        0x0 Drivers\CMSIS\system_stm32f4xx.o
 .data          0x00000000        0x0 Drivers\CMSIS\system_stm32f4xx.o
 .bss           0x00000000        0x0 Drivers\CMSIS\system_stm32f4xx.o
 .text.SystemCoreClockUpdate
                0x00000000       0x74 Drivers\CMSIS\system_stm32f4xx.o
 .rodata.AHBPrescTable
                0x00000000       0x10 Drivers\CMSIS\system_stm32f4xx.o
 .text          0x00000000        0x0 Drivers\STM32F4xx_HAL_Driver\stm32f4xx_hal.o
 .data          0x00000000        0x0 Drivers\STM32F4xx_HAL_Driver\stm32f4xx_hal.o
 .bss           0x00000000        0x0 Drivers\STM32F4xx_HAL_Driver\stm32f4xx_hal.o
 .text.HAL_MspInit
                0x00000000        0x2 Drivers\STM32F4xx_HAL_Driver\stm32f4xx_hal.o
 .text.HAL_MspDeInit
                0x00000000        0x2 Drivers\STM32F4xx_HAL_Driver\stm32f4xx_hal.o
 .text.HAL_DeInit
                0x00000000       0x2c Drivers\STM32F4xx_HAL_Driver\stm32f4xx_hal.o
 .text.HAL_SuspendTick
                0x00000000       0x10 Drivers\STM32F4xx_HAL_Driver\stm32f4xx_hal.o
 .text.HAL_ResumeTick
                0x00000000       0x10 Drivers\STM32F4xx_HAL_Driver\stm32f4xx_hal.o
 .text.HAL_GetHalVersion
                0x00000000        0x8 Drivers\STM32F4xx_HAL_Driver\stm32f4xx_hal.o
 .text.HAL_GetREVID
                0x00000000        0xc Drivers\STM32F4xx_HAL_Driver\stm32f4xx_hal.o
 .text.HAL_GetDEVID
                0x00000000       0x10 Drivers\STM32F4xx_HAL_Driver\stm32f4xx_hal.o
 .text.HAL_DBGMCU_EnableDBGSleepMode
                0x00000000       0x10 Drivers\STM32F4xx_HAL_Driver\stm32f4xx_hal.o
 .text.HAL_DBGMCU_DisableDBGSleepMode
                0x00000000       0x10 Drivers\STM32F4xx_HAL_Driver\stm32f4xx_hal.o
 .text.HAL_DBGMCU_EnableDBGStopMode
                0x00000000       0x10 Drivers\STM32F4xx_HAL_Driver\stm32f4xx_hal.o
 .text.HAL_DBGMCU_DisableDBGStopMode
                0x00000000       0x10 Drivers\STM32F4xx_HAL_Driver\stm32f4xx_hal.o
 .text.HAL_DBGMCU_EnableDBGStandbyMode
                0x00000000       0x10 Drivers\STM32F4xx_HAL_Driver\stm32f4xx_hal.o
 .text.HAL_DBGMCU_DisableDBGStandbyMode
                0x00000000       0x10 Drivers\STM32F4xx_HAL_Driver\stm32f4xx_hal.o
 .text.HAL_EnableCompensationCell
                0x00000000       0x18 Drivers\STM32F4xx_HAL_Driver\stm32f4xx_hal.o
 .text.HAL_DisableCompensationCell
                0x00000000       0x1c Drivers\STM32F4xx_HAL_Driver\stm32f4xx_hal.o
 .text          0x00000000        0x0 Drivers\STM32F4xx_HAL_Driver\stm32f4xx_hal_adc.o
 .data          0x00000000        0x0 Drivers\STM32F4xx_HAL_Driver\stm32f4xx_hal_adc.o
[...]
Memory Configuration

Name             Origin             Length             Attributes
FLASH            0x08000000         0x00100000         xr
RAM              0x20000000         0x00020000         xrw
CCMRAM           0x10000000         0x00010000         rw
*default*        0x00000000         0xffffffff

Linker script and memory map

LOAD c:/program files (x86)/atollic/truestudio for stm32 9.0.0/armtools/bin/../lib/gcc/arm-atollic-eabi/6.3.1/armv7e-m/fpu/crti.o
LOAD c:/program files (x86)/atollic/truestudio for stm32 9.0.0/armtools/bin/../lib/gcc/arm-atollic-eabi/6.3.1/armv7e-m/fpu/crtbegin.o
LOAD Application\TrueSTUDIO\startup_stm32f407xx.o
LOAD Application\User\main.o
LOAD Application\User\stm32f4xx_hal_msp.o
LOAD Application\User\stm32f4xx_it.o
LOAD Drivers\CMSIS\system_stm32f4xx.o
LOAD Drivers\STM32F4xx_HAL_Driver\stm32f4xx_hal.o
LOAD Drivers\STM32F4xx_HAL_Driver\stm32f4xx_hal_adc.o
LOAD Drivers\STM32F4xx_HAL_Driver\stm32f4xx_hal_adc_ex.o
LOAD Drivers\STM32F4xx_HAL_Driver\stm32f4xx_hal_cortex.o
LOAD Drivers\STM32F4xx_HAL_Driver\stm32f4xx_hal_dma.o
LOAD Drivers\STM32F4xx_HAL_Driver\stm32f4xx_hal_dma_ex.o
LOAD Drivers\STM32F4xx_HAL_Driver\stm32f4xx_hal_flash.o
LOAD Drivers\STM32F4xx_HAL_Driver\stm32f4xx_hal_flash_ex.o
LOAD Drivers\STM32F4xx_HAL_Driver\stm32f4xx_hal_flash_ramfunc.o
LOAD Drivers\STM32F4xx_HAL_Driver\stm32f4xx_hal_gpio.o
LOAD Drivers\STM32F4xx_HAL_Driver\stm32f4xx_hal_pwr.o
LOAD Drivers\STM32F4xx_HAL_Driver\stm32f4xx_hal_pwr_ex.o
LOAD Drivers\STM32F4xx_HAL_Driver\stm32f4xx_hal_rcc.o
LOAD Drivers\STM32F4xx_HAL_Driver\stm32f4xx_hal_rcc_ex.o
LOAD Drivers\STM32F4xx_HAL_Driver\stm32f4xx_hal_rtc.o
LOAD Drivers\STM32F4xx_HAL_Driver\stm32f4xx_hal_rtc_ex.o
LOAD Drivers\STM32F4xx_HAL_Driver\stm32f4xx_hal_tim.o
LOAD Drivers\STM32F4xx_HAL_Driver\stm32f4xx_hal_tim_ex.o
                0x00000080                malloc_getpagesize_P = 0x80
START GROUP
LOAD c:/program files (x86)/atollic/truestudio for stm32 9.0.0/armtools/bin/../lib/gcc/arm-atollic-eabi/6.3.1/../../../../arm-atollic-eabi/lib/armv7e-m/fpu\libc_nano.a
LOAD c:/program files (x86)/atollic/truestudio for stm32 9.0.0/armtools/bin/../lib/gcc/arm-atollic-eabi/6.3.1/../../../../arm-atollic-eabi/lib/armv7e-m/fpu\libm.a
END GROUP
START GROUP
LOAD c:/program files (x86)/atollic/truestudio for stm32 9.0.0/armtools/bin/../lib/gcc/arm-atollic-eabi/6.3.1/armv7e-m/fpu\libgcc.a
LOAD c:/program files (x86)/atollic/truestudio for stm32 9.0.0/armtools/bin/../lib/gcc/arm-atollic-eabi/6.3.1/../../../../arm-atollic-eabi/lib/armv7e-m/fpu\libc_nano.a
END GROUP
START GROUP
LOAD c:/program files (x86)/atollic/truestudio for stm32 9.0.0/armtools/bin/../lib/gcc/arm-atollic-eabi/6.3.1/armv7e-m/fpu\libgcc.a
LOAD c:/program files (x86)/atollic/truestudio for stm32 9.0.0/armtools/bin/../lib/gcc/arm-atollic-eabi/6.3.1/../../../../arm-atollic-eabi/lib/armv7e-m/fpu\libc_nano.a
LOAD c:/program files (x86)/atollic/truestudio for stm32 9.0.0/armtools/bin/../lib/gcc/arm-atollic-eabi/6.3.1/../../../../arm-atollic-eabi/lib/armv7e-m/fpu\libnosys.a
END GROUP
START GROUP
LOAD c:/program files (x86)/atollic/truestudio for stm32 9.0.0/armtools/bin/../lib/gcc/arm-atollic-eabi/6.3.1/armv7e-m/fpu\libgcc.a
LOAD c:/program files (x86)/atollic/truestudio for stm32 9.0.0/armtools/bin/../lib/gcc/arm-atollic-eabi/6.3.1/../../../../arm-atollic-eabi/lib/armv7e-m/fpu\libc_nano.a
LOAD c:/program files (x86)/atollic/truestudio for stm32 9.0.0/armtools/bin/../lib/gcc/arm-atollic-eabi/6.3.1/../../../../arm-atollic-eabi/lib/armv7e-m/fpu\libnosys.a
END GROUP
LOAD c:/program files (x86)/atollic/truestudio for stm32 9.0.0/armtools/bin/../lib/gcc/arm-atollic-eabi/6.3.1/armv7e-m/fpu/crtend.o
LOAD c:/program files (x86)/atollic/truestudio for stm32 9.0.0/armtools/bin/../lib/gcc/arm-atollic-eabi/6.3.1/armv7e-m/fpu/crtn.o
                0x20020000                _estack = 0x20020000
                0x00000400                _Min_Heap_Size = 0x400
                0x00000200                _Min_Stack_Size = 0x200

.isr_vector     0x08000000      0x188
                0x08000000                . = ALIGN (0x4)
 *(.isr_vector)
 .isr_vector    0x08000000      0x188 Application\TrueSTUDIO\startup_stm32f407xx.o
                0x08000000                g_pfnVectors
                0x08000188                . = ALIGN (0x4)

.text           0x08000188      0xefc
                0x08000188                . = ALIGN (0x4)
 *(.text)
 .text          0x08000188       0x40 c:/program files (x86)/atollic/truestudio for stm32 9.0.0/armtools/bin/../lib/gcc/arm-atollic-eabi/6.3.1/armv7e-m/fpu/crtbegin.o
 *(.text*)
 .text.Reset_Handler
                0x080001c8       0x50 Application\TrueSTUDIO\startup_stm32f407xx.o
                0x080001c8                Reset_Handler
 .text.Default_Handler
                0x08000218        0x2 Application\TrueSTUDIO\startup_stm32f407xx.o
                0x08000218                RTC_Alarm_IRQHandler
                0x08000218                HASH_RNG_IRQHandler
                0x08000218                EXTI2_IRQHandler
                0x08000218                TIM8_CC_IRQHandler
                0x08000218                DebugMon_Handler
                0x08000218                TIM1_CC_IRQHandler
                0x08000218                DMA2_Stream5_IRQHandler
                0x08000218                HardFault_Handler
                0x08000218                DMA1_Stream5_IRQHandler
                0x08000218                PVD_IRQHandler
                0x08000218                SDIO_IRQHandler
                0x08000218                TAMP_STAMP_IRQHandler
                0x08000218                PendSV_Handler
                0x08000218                NMI_Handler
                0x08000218                CAN2_RX1_IRQHandler
                0x08000218                EXTI3_IRQHandler
                0x08000218                TIM8_TRG_COM_TIM14_IRQHandler
                0x08000218                TIM1_UP_TIM10_IRQHandler
                0x08000218                TIM8_UP_TIM13_IRQHandler
                0x08000218                I2C3_ER_IRQHandler
                0x08000218                EXTI0_IRQHandler
                0x08000218                I2C2_EV_IRQHandler
                0x08000218                DMA1_Stream2_IRQHandler
                0x08000218                CAN1_RX0_IRQHandler
                0x08000218                FPU_IRQHandler
                0x08000218                OTG_HS_WKUP_IRQHandler
                0x08000218                UsageFault_Handler
                0x08000218                CAN2_SCE_IRQHandler
                0x08000218                DMA2_Stream2_IRQHandler
                0x08000218                SPI1_IRQHandler
                0x08000218                TIM6_DAC_IRQHandler
                0x08000218                TIM1_BRK_TIM9_IRQHandler
                0x08000218                DCMI_IRQHandler
                0x08000218                CAN2_RX0_IRQHandler
                0x08000218                DMA2_Stream3_IRQHandler
                0x08000218                USART6_IRQHandler
                0x08000218                USART3_IRQHandler
                0x08000218                CAN1_RX1_IRQHandler
                0x08000218                UART5_IRQHandler
                0x08000218                DMA2_Stream0_IRQHandler
                0x08000218                TIM4_IRQHandler
                0x08000218                I2C1_EV_IRQHandler
                0x08000218                DMA1_Stream6_IRQHandler
                0x08000218                DMA1_Stream1_IRQHandler
                0x08000218                UART4_IRQHandler
                0x08000218                TIM3_IRQHandler
                0x08000218                RCC_IRQHandler
                0x08000218                TIM8_BRK_TIM12_IRQHandler
                0x08000218                Default_Handler
                0x08000218                EXTI15_10_IRQHandler
                0x08000218                ADC_IRQHandler
                0x08000218                DMA1_Stream7_IRQHandler
                0x08000218                TIM7_IRQHandler
                0x08000218                CAN2_TX_IRQHandler
                0x08000218                TIM5_IRQHandler
                0x08000218                DMA2_Stream7_IRQHandler
                0x08000218                I2C3_EV_IRQHandler
                0x08000218                EXTI9_5_IRQHandler
                0x08000218                RTC_WKUP_IRQHandler
                0x08000218                ETH_WKUP_IRQHandler
                0x08000218                SPI2_IRQHandler
                0x08000218                OTG_HS_EP1_IN_IRQHandler
                0x08000218                MemManage_Handler
                0x08000218                DMA1_Stream0_IRQHandler
                0x08000218                CAN1_TX_IRQHandler
                0x08000218                SVC_Handler
                0x08000218                EXTI4_IRQHandler
                0x08000218                FSMC_IRQHandler
                0x08000218                ETH_IRQHandler
                0x08000218                OTG_HS_EP1_OUT_IRQHandler
                0x08000218                WWDG_IRQHandler
                0x08000218                TIM2_IRQHandler
                0x08000218                OTG_FS_WKUP_IRQHandler
                0x08000218                TIM1_TRG_COM_TIM11_IRQHandler
                0x08000218                OTG_HS_IRQHandler
                0x08000218                EXTI1_IRQHandler
                0x08000218                USART2_IRQHandler
                0x08000218                I2C2_ER_IRQHandler
                0x08000218                DMA2_Stream1_IRQHandler
                0x08000218                CAN1_SCE_IRQHandler
                0x08000218                FLASH_IRQHandler
                0x08000218                DMA2_Stream4_IRQHandler
                0x08000218                BusFault_Handler
                0x08000218                USART1_IRQHandler
                0x08000218                OTG_FS_IRQHandler
                0x08000218                SPI3_IRQHandler
                0x08000218                DMA1_Stream4_IRQHandler
                0x08000218                I2C1_ER_IRQHandler
                0x08000218                DMA2_Stream6_IRQHandler
                0x08000218                DMA1_Stream3_IRQHandler
 *fill*         0x0800021a        0x2 
 .text.SystemClock_Config
                0x0800021c       0xa0 Application\User\main.o
                0x0800021c                SystemClock_Config
 .text.startup.main
                0x080002bc       0x90 Application\User\main.o
                0x080002bc                main
 .text.HAL_MspInit
                0x0800034c       0x18 Application\User\stm32f4xx_hal_msp.o
                0x0800034c                HAL_MspInit
 .text.HAL_ADC_MspInit
                0x08000364       0x44 Application\User\stm32f4xx_hal_msp.o
                0x08000364                HAL_ADC_MspInit
 .text.SysTick_Handler
                0x080003a8        0xe Application\User\stm32f4xx_it.o
                0x080003a8                SysTick_Handler
 *fill*         0x080003b6        0x2 
 .text.SystemInit
                0x080003b8       0x4c Drivers\CMSIS\system_stm32f4xx.o
                0x080003b8                SystemInit
 .text.HAL_InitTick
                0x08000404       0x24 Drivers\STM32F4xx_HAL_Driver\stm32f4xx_hal.o
                0x08000404                HAL_InitTick
 .text.HAL_Init
                0x08000428       0x34 Drivers\STM32F4xx_HAL_Driver\stm32f4xx_hal.o
                0x08000428                HAL_Init
 .text.HAL_IncTick
                0x0800045c       0x10 Drivers\STM32F4xx_HAL_Driver\stm32f4xx_hal.o
                0x0800045c                HAL_IncTick
 .text.HAL_GetTick
                0x0800046c        0xc Drivers\STM32F4xx_HAL_Driver\stm32f4xx_hal.o
                0x0800046c                HAL_GetTick
 .text.HAL_Delay
                0x08000478       0x1a Drivers\STM32F4xx_HAL_Driver\stm32f4xx_hal.o
                0x08000478                HAL_Delay
 *fill*         0x08000492        0x2 
 .text.HAL_ADC_Init
                0x08000494      0x154 Drivers\STM32F4xx_HAL_Driver\stm32f4xx_hal_adc.o
                0x08000494                HAL_ADC_Init
 .text.HAL_ADC_Start
                0x080005e8       0xc0 Drivers\STM32F4xx_HAL_Driver\stm32f4xx_hal_adc.o
                0x080005e8                HAL_ADC_Start
 .text.HAL_ADC_Stop
                0x080006a8       0x3c Drivers\STM32F4xx_HAL_Driver\stm32f4xx_hal_adc.o
                0x080006a8                HAL_ADC_Stop
 .text.HAL_ADC_PollForConversion
                0x080006e4       0xa0 Drivers\STM32F4xx_HAL_Driver\stm32f4xx_hal_adc.o
                0x080006e4                HAL_ADC_PollForConversion
 .text.HAL_ADC_GetValue
                0x08000784        0x6 Drivers\STM32F4xx_HAL_Driver\stm32f4xx_hal_adc.o
                0x08000784                HAL_ADC_GetValue
 *fill*         0x0800078a        0x2 
 .text.HAL_ADC_ConfigChannel
                0x0800078c      0x12c Drivers\STM32F4xx_HAL_Driver\stm32f4xx_hal_adc.o
                0x0800078c                HAL_ADC_ConfigChannel
 .text.HAL_NVIC_SetPriorityGrouping
                0x080008b8       0x24 Drivers\STM32F4xx_HAL_Driver\stm32f4xx_hal_cortex.o
                0x080008b8                HAL_NVIC_SetPriorityGrouping
 .text.HAL_NVIC_SetPriority
                0x080008dc       0x68 Drivers\STM32F4xx_HAL_Driver\stm32f4xx_hal_cortex.o
                0x080008dc                HAL_NVIC_SetPriority
 .text.HAL_SYSTICK_Config
                0x08000944       0x2c Drivers\STM32F4xx_HAL_Driver\stm32f4xx_hal_cortex.o
                0x08000944                HAL_SYSTICK_Config
 .text.HAL_SYSTICK_CLKSourceConfig
                0x08000970       0x18 Drivers\STM32F4xx_HAL_Driver\stm32f4xx_hal_cortex.o
                0x08000970                HAL_SYSTICK_CLKSourceConfig
 .text.HAL_SYSTICK_Callback
                0x08000988        0x2 Drivers\STM32F4xx_HAL_Driver\stm32f4xx_hal_cortex.o
                0x08000988                HAL_SYSTICK_Callback
 .text.HAL_SYSTICK_IRQHandler
                0x0800098a        0x8 Drivers\STM32F4xx_HAL_Driver\stm32f4xx_hal_cortex.o
                0x0800098a                HAL_SYSTICK_IRQHandler
 *fill*         0x08000992        0x2 
 .text.HAL_GPIO_Init
                0x08000994      0x1cc Drivers\STM32F4xx_HAL_Driver\stm32f4xx_hal_gpio.o
                0x08000994                HAL_GPIO_Init
 .text.HAL_RCC_OscConfig
                0x08000b60      0x2d8 Drivers\STM32F4xx_HAL_Driver\stm32f4xx_hal_rcc.o
                0x08000b60                HAL_RCC_OscConfig
 .text.HAL_RCC_ClockConfig
                0x08000e38      0x144 Drivers\STM32F4xx_HAL_Driver\stm32f4xx_hal_rcc.o
                0x08000e38                HAL_RCC_ClockConfig
 .text.HAL_RCC_GetSysClockFreq
                0x08000f7c       0x74 Drivers\STM32F4xx_HAL_Driver\stm32f4xx_hal_rcc.o
                0x08000f7c                HAL_RCC_GetSysClockFreq
 .text.HAL_RCC_GetHCLKFreq
                0x08000ff0       0x34 Drivers\STM32F4xx_HAL_Driver\stm32f4xx_hal_rcc.o
                0x08000ff0                HAL_RCC_GetHCLKFreq
 .text.__libc_init_array
                0x08001024       0x48 c:/program files (x86)/atollic/truestudio for stm32 9.0.0/armtools/bin/../lib/gcc/arm-atollic-eabi/6.3.1/../../../../arm-atollic-eabi/lib/armv7e-m/fpu\libc_nano.a(lib_a-init.o)
                0x08001024                __libc_init_array
 *(.glue_7)
 .glue_7        0x0800106c        0x0 linker stubs
 *(.glue_7t)
 .glue_7t       0x0800106c        0x0 linker stubs
 *(.eh_frame)
 .eh_frame      0x0800106c        0x0 c:/program files (x86)/atollic/truestudio for stm32 9.0.0/armtools/bin/../lib/gcc/arm-atollic-eabi/6.3.1/armv7e-m/fpu/crtbegin.o
 *(.init)
 .init          0x0800106c        0x4 c:/program files (x86)/atollic/truestudio for stm32 9.0.0/armtools/bin/../lib/gcc/arm-atollic-eabi/6.3.1/armv7e-m/fpu/crti.o
                0x0800106c                _init
 .init          0x08001070        0x8 c:/program files (x86)/atollic/truestudio for stm32 9.0.0/armtools/bin/../lib/gcc/arm-atollic-eabi/6.3.1/armv7e-m/fpu/crtn.o
 *(.fini)
 .fini          0x08001078        0x4 c:/program files (x86)/atollic/truestudio for stm32 9.0.0/armtools/bin/../lib/gcc/arm-atollic-eabi/6.3.1/armv7e-m/fpu/crti.o
                0x08001078                _fini
 .fini          0x0800107c        0x8 c:/program files (x86)/atollic/truestudio for stm32 9.0.0/armtools/bin/../lib/gcc/arm-atollic-eabi/6.3.1/armv7e-m/fpu/crtn.o
                0x08001084                . = ALIGN (0x4)
                0x08001084                _etext = .

.vfp11_veneer   0x08001084        0x0
 .vfp11_veneer  0x08001084        0x0 linker stubs

.v4_bx          0x08001084        0x0
 .v4_bx         0x08001084        0x0 linker stubs

.iplt           0x08001084        0x0
 .iplt          0x08001084        0x0 c:/program files (x86)/atollic/truestudio for stm32 9.0.0/armtools/bin/../lib/gcc/arm-atollic-eabi/6.3.1/armv7e-m/fpu/crtbegin.o

.rodata         0x08001084       0x10
                0x08001084                . = ALIGN (0x4)
 *(.rodata)
 *(.rodata*)
 .rodata.APBAHBPrescTable
                0x08001084       0x10 Drivers\STM32F4xx_HAL_Driver\stm32f4xx_hal_rcc.o
                0x08001084                APBAHBPrescTable
                0x08001094                . = ALIGN (0x4)

.rel.dyn        0x08001094        0x0
 .rel.iplt      0x08001094        0x0 c:/program files (x86)/atollic/truestudio for stm32 9.0.0/armtools/bin/../lib/gcc/arm-atollic-eabi/6.3.1/armv7e-m/fpu/crtbegin.o

.ARM.extab
 *(.ARM.extab* .gnu.linkonce.armextab.*)

.ARM            0x08001094        0x0
                0x08001094                __exidx_start = .
 *(.ARM.exidx*)
                0x08001094                __exidx_end = .

.preinit_array  0x08001094        0x0
                0x08001094                PROVIDE (__preinit_array_start, .)
 *(.preinit_array*)
                0x08001094                PROVIDE (__preinit_array_end, .)

.init_array     0x08001094        0x4
                0x08001094                PROVIDE (__init_array_start, .)
 *(SORT(.init_array.*))
 *(.init_array*)
 .init_array    0x08001094        0x4 c:/program files (x86)/atollic/truestudio for stm32 9.0.0/armtools/bin/../lib/gcc/arm-atollic-eabi/6.3.1/armv7e-m/fpu/crtbegin.o
                0x08001098                PROVIDE (__init_array_end, .)

.fini_array     0x08001098        0x4
                [!provide]                PROVIDE (__fini_array_start, .)
 *(SORT(.fini_array.*))
 *(.fini_array*)
 .fini_array    0x08001098        0x4 c:/program files (x86)/atollic/truestudio for stm32 9.0.0/armtools/bin/../lib/gcc/arm-atollic-eabi/6.3.1/armv7e-m/fpu/crtbegin.o
                [!provide]                PROVIDE (__fini_array_end, .)
                0x0800109c                _sidata = LOADADDR (.data)

.data           0x20000000        0x4 load address 0x0800109c
                0x20000000                . = ALIGN (0x4)
                0x20000000                _sdata = .
 *(.data)
 *(.data*)
 .data.SystemCoreClock
                0x20000000        0x4 Drivers\CMSIS\system_stm32f4xx.o
                0x20000000                SystemCoreClock
                0x20000004                . = ALIGN (0x4)
                0x20000004                _edata = .
                0x080010a0                _siccmram = LOADADDR (.ccmram)

.igot.plt       0x20000004        0x0 load address 0x080010a0
 .igot.plt      0x20000004        0x0 c:/program files (x86)/atollic/truestudio for stm32 9.0.0/armtools/bin/../lib/gcc/arm-atollic-eabi/6.3.1/armv7e-m/fpu/crtbegin.o

.ccmram         0x10000000        0x0 load address 0x080010a0
                0x10000000                . = ALIGN (0x4)
                0x10000000                _sccmram = .
 *(.ccmram)
 *(.ccmram*)
                0x10000000                . = ALIGN (0x4)
                0x10000000                _eccmram = .
                0x10000000                . = ALIGN (0x4)

.bss            0x20000004       0x6c
                0x20000004                _sbss = .
                0x20000004                __bss_start__ = _sbss
 *(.bss)
 .bss           0x20000004       0x1c c:/program files (x86)/atollic/truestudio for stm32 9.0.0/armtools/bin/../lib/gcc/arm-atollic-eabi/6.3.1/armv7e-m/fpu/crtbegin.o
 *(.bss*)
 .bss.adcValue  0x20000020        0x4 Application\User\main.o
                0x20000020                adcValue
 *(COMMON)
 COMMON         0x20000024       0x48 Application\User\main.o
                0x20000024                hadc1
 COMMON         0x2000006c        0x4 Drivers\STM32F4xx_HAL_Driver\stm32f4xx_hal.o
                0x2000006c                uwTick
                0x20000070                . = ALIGN (0x4)
                0x20000070                _ebss = .
                0x20000070                __bss_end__ = _ebss

._user_heap_stack
                0x20000070      0x600
                0x20000070                . = ALIGN (0x4)
                [!provide]                PROVIDE (end, .)
                [!provide]                PROVIDE (_end, .)
                0x20000470                . = (. + _Min_Heap_Size)
 *fill*         0x20000070      0x400 
                0x20000670                . = (. + _Min_Stack_Size)
 *fill*         0x20000470      0x200 
                0x20000670                . = ALIGN (0x4)

/DISCARD/
 libc.a(*)
 libm.a(*)
 libgcc.a(*)

.ARM.attributes
                0x00000000       0x30
 *(.ARM.attributes)
 .ARM.attributes
                0x00000000       0x22 c:/program files (x86)/atollic/truestudio for stm32 9.0.0/armtools/bin/../lib/gcc/arm-atollic-eabi/6.3.1/armv7e-m/fpu/crti.o
 .ARM.attributes
                0x00000022       0x34 c:/program files (x86)/atollic/truestudio for stm32 9.0.0/armtools/bin/../lib/gcc/arm-atollic-eabi/6.3.1/armv7e-m/fpu/crtbegin.o
 .ARM.attributes
                0x00000056       0x21 Application\TrueSTUDIO\startup_stm32f407xx.o
 .ARM.attributes
                0x00000077       0x39 Application\User\main.o
 .ARM.attributes
                0x000000b0       0x39 Application\User\stm32f4xx_hal_msp.o
 .ARM.attributes
                0x000000e9       0x39 Application\User\stm32f4xx_it.o
 .ARM.attributes
                0x00000122       0x39 Drivers\CMSIS\system_stm32f4xx.o
 .ARM.attributes
                0x0000015b       0x39 Drivers\STM32F4xx_HAL_Driver\stm32f4xx_hal.o
 .ARM.attributes
                0x00000194       0x39 Drivers\STM32F4xx_HAL_Driver\stm32f4xx_hal_adc.o
 .ARM.attributes
                0x000001cd       0x39 Drivers\STM32F4xx_HAL_Driver\stm32f4xx_hal_cortex.o
 .ARM.attributes
                0x00000206       0x39 Drivers\STM32F4xx_HAL_Driver\stm32f4xx_hal_gpio.o
 .ARM.attributes
                0x0000023f       0x39 Drivers\STM32F4xx_HAL_Driver\stm32f4xx_hal_rcc.o
 .ARM.attributes
                0x00000278       0x34 c:/program files (x86)/atollic/truestudio for stm32 9.0.0/armtools/bin/../lib/gcc/arm-atollic-eabi/6.3.1/../../../../arm-atollic-eabi/lib/armv7e-m/fpu\libc_nano.a(lib_a-init.o)
 .ARM.attributes
                0x000002ac       0x22 c:/program files (x86)/atollic/truestudio for stm32 9.0.0/armtools/bin/../lib/gcc/arm-atollic-eabi/6.3.1/armv7e-m/fpu/crtn.o
OUTPUT(Aula03.elf elf32-littlearm)

.debug_line     0x00000000     0x2868
 .debug_line    0x00000000       0xb4 Application\TrueSTUDIO\startup_stm32f407xx.o
 .debug_line    0x000000b4      0x3ac Application\User\main.o
 .debug_line    0x00000460      0x32b Application\User\stm32f4xx_hal_msp.o
 .debug_line    0x0000078b      0x297 Application\User\stm32f4xx_it.o
 .debug_line    0x00000a22      0x2b6 Drivers\CMSIS\system_stm32f4xx.o
 .debug_line    0x00000cd8      0x474 Drivers\STM32F4xx_HAL_Driver\stm32f4xx_hal.o
 .debug_line    0x0000114c      0x77b Drivers\STM32F4xx_HAL_Driver\stm32f4xx_hal_adc.o
 .debug_line    0x000018c7      0x4ba Drivers\STM32F4xx_HAL_Driver\stm32f4xx_hal_cortex.o
 .debug_line    0x00001d81      0x49c Drivers\STM32F4xx_HAL_Driver\stm32f4xx_hal_gpio.o
 .debug_line    0x0000221d      0x64b Drivers\STM32F4xx_HAL_Driver\stm32f4xx_hal_rcc.o

.debug_info     0x00000000     0xa06a
 .debug_info    0x00000000       0xc9 Application\TrueSTUDIO\startup_stm32f407xx.o
 .debug_info    0x000000c9     0x1599 Application\User\main.o
 .debug_info    0x00001662     0x132e Application\User\stm32f4xx_hal_msp.o
 .debug_info    0x00002990      0x913 Application\User\stm32f4xx_it.o
 .debug_info    0x000032a3      0xce8 Drivers\CMSIS\system_stm32f4xx.o
 .debug_info    0x00003f8b     0x1107 Drivers\STM32F4xx_HAL_Driver\stm32f4xx_hal.o
 .debug_info    0x00005092     0x1560 Drivers\STM32F4xx_HAL_Driver\stm32f4xx_hal_adc.o
 .debug_info    0x000065f2     0x167f Drivers\STM32F4xx_HAL_Driver\stm32f4xx_hal_cortex.o
 .debug_info    0x00007c71      0xf43 Drivers\STM32F4xx_HAL_Driver\stm32f4xx_hal_gpio.o
 .debug_info    0x00008bb4     0x14b6 Drivers\STM32F4xx_HAL_Driver\stm32f4xx_hal_rcc.o

.debug_abbrev   0x00000000     0x183e
 .debug_abbrev  0x00000000       0x12 Application\TrueSTUDIO\startup_stm32f407xx.o
 .debug_abbrev  0x00000012      0x28d Application\User\main.o
 .debug_abbrev  0x0000029f      0x223 Application\User\stm32f4xx_hal_msp.o
 .debug_abbrev  0x000004c2      0x1b5 Application\User\stm32f4xx_it.o
 .debug_abbrev  0x00000677      0x1db Drivers\CMSIS\system_stm32f4xx.o
 .debug_abbrev  0x00000852      0x306 Drivers\STM32F4xx_HAL_Driver\stm32f4xx_hal.o
 .debug_abbrev  0x00000b58      0x343 Drivers\STM32F4xx_HAL_Driver\stm32f4xx_hal_adc.o
 .debug_abbrev  0x00000e9b      0x399 Drivers\STM32F4xx_HAL_Driver\stm32f4xx_hal_cortex.o
 .debug_abbrev  0x00001234      0x268 Drivers\STM32F4xx_HAL_Driver\stm32f4xx_hal_gpio.o
 .debug_abbrev  0x0000149c      0x3a2 Drivers\STM32F4xx_HAL_Driver\stm32f4xx_hal_rcc.o

.debug_aranges  0x00000000      0x3a8
 .debug_aranges
                0x00000000       0x28 Application\TrueSTUDIO\startup_stm32f407xx.o
 .debug_aranges
                0x00000028       0x28 Application\User\main.o
 .debug_aranges
                0x00000050       0x30 Application\User\stm32f4xx_hal_msp.o
 .debug_aranges
                0x00000080       0x20 Application\User\stm32f4xx_it.o
 .debug_aranges
                0x000000a0       0x28 Drivers\CMSIS\system_stm32f4xx.o
 .debug_aranges
                0x000000c8       0xb8 Drivers\STM32F4xx_HAL_Driver\stm32f4xx_hal.o
 .debug_aranges
                0x00000180       0xb8 Drivers\STM32F4xx_HAL_Driver\stm32f4xx_hal_adc.o
 .debug_aranges
                0x00000238       0x98 Drivers\STM32F4xx_HAL_Driver\stm32f4xx_hal_cortex.o
 .debug_aranges
                0x000002d0       0x58 Drivers\STM32F4xx_HAL_Driver\stm32f4xx_hal_gpio.o
 .debug_aranges
                0x00000328       0x80 Drivers\STM32F4xx_HAL_Driver\stm32f4xx_hal_rcc.o

.debug_ranges   0x00000000      0x578
 .debug_ranges  0x00000000       0x20 Application\TrueSTUDIO\startup_stm32f407xx.o
 .debug_ranges  0x00000020       0x88 Application\User\main.o
 .debug_ranges  0x000000a8       0x40 Application\User\stm32f4xx_hal_msp.o
 .debug_ranges  0x000000e8       0x10 Application\User\stm32f4xx_it.o
 .debug_ranges  0x000000f8       0x18 Drivers\CMSIS\system_stm32f4xx.o
 .debug_ranges  0x00000110       0xa8 Drivers\STM32F4xx_HAL_Driver\stm32f4xx_hal.o
 .debug_ranges  0x000001b8       0xc8 Drivers\STM32F4xx_HAL_Driver\stm32f4xx_hal_adc.o
 .debug_ranges  0x00000280      0x128 Drivers\STM32F4xx_HAL_Driver\stm32f4xx_hal_cortex.o
 .debug_ranges  0x000003a8       0x68 Drivers\STM32F4xx_HAL_Driver\stm32f4xx_hal_gpio.o
 .debug_ranges  0x00000410      0x168 Drivers\STM32F4xx_HAL_Driver\stm32f4xx_hal_rcc.o

.debug_str      0x00000000     0x1f0c
 .debug_str     0x00000000     0x1218 Application\User\main.o
                               0x12df (size before relaxing)
 .debug_str     0x00001218      0x102 Application\User\stm32f4xx_hal_msp.o
                               0x113d (size before relaxing)
 .debug_str     0x0000131a       0x4f Application\User\stm32f4xx_it.o
                                0x662 (size before relaxing)
 .debug_str     0x00001369       0xdf Drivers\CMSIS\system_stm32f4xx.o
                                0x80e (size before relaxing)
 .debug_str     0x00001448      0x268 Drivers\STM32F4xx_HAL_Driver\stm32f4xx_hal.o
                                0xf15 (size before relaxing)
 .debug_str     0x000016b0      0x282 Drivers\STM32F4xx_HAL_Driver\stm32f4xx_hal_adc.o
                                0xe27 (size before relaxing)
 .debug_str     0x00001932      0x317 Drivers\STM32F4xx_HAL_Driver\stm32f4xx_hal_cortex.o
                               0x1065 (size before relaxing)
 .debug_str     0x00001c49      0x15c Drivers\STM32F4xx_HAL_Driver\stm32f4xx_hal_gpio.o
                                0x96d (size before relaxing)
 .debug_str     0x00001da5      0x167 Drivers\STM32F4xx_HAL_Driver\stm32f4xx_hal_rcc.o
                                0xb38 (size before relaxing)

.comment        0x00000000       0x7c
 .comment       0x00000000       0x7c Application\User\main.o
                                 0x7d (size before relaxing)
 .comment       0x0000007c       0x7d Application\User\stm32f4xx_hal_msp.o
 .comment       0x0000007c       0x7d Application\User\stm32f4xx_it.o
 .comment       0x0000007c       0x7d Drivers\CMSIS\system_stm32f4xx.o
 .comment       0x0000007c       0x7d Drivers\STM32F4xx_HAL_Driver\stm32f4xx_hal.o
 .comment       0x0000007c       0x7d Drivers\STM32F4xx_HAL_Driver\stm32f4xx_hal_adc.o
 .comment       0x0000007c       0x7d Drivers\STM32F4xx_HAL_Driver\stm32f4xx_hal_cortex.o
 .comment       0x0000007c       0x7d Drivers\STM32F4xx_HAL_Driver\stm32f4xx_hal_gpio.o
 .comment       0x0000007c       0x7d Drivers\STM32F4xx_HAL_Driver\stm32f4xx_hal_rcc.o

.debug_frame    0x00000000      0x860
 .debug_frame   0x00000000       0x4c Application\User\main.o
 .debug_frame   0x0000004c       0x54 Application\User\stm32f4xx_hal_msp.o
 .debug_frame   0x000000a0       0x2c Application\User\stm32f4xx_it.o
 .debug_frame   0x000000cc       0x38 Drivers\CMSIS\system_stm32f4xx.o
 .debug_frame   0x00000104      0x184 Drivers\STM32F4xx_HAL_Driver\stm32f4xx_hal.o
 .debug_frame   0x00000288      0x244 Drivers\STM32F4xx_HAL_Driver\stm32f4xx_hal_adc.o
 .debug_frame   0x000004cc      0x138 Drivers\STM32F4xx_HAL_Driver\stm32f4xx_hal_cortex.o
 .debug_frame   0x00000604       0xd8 Drivers\STM32F4xx_HAL_Driver\stm32f4xx_hal_gpio.o
 .debug_frame   0x000006dc      0x158 Drivers\STM32F4xx_HAL_Driver\stm32f4xx_hal_rcc.o
 .debug_frame   0x00000834       0x2c c:/program files (x86)/atollic/truestudio for stm32 9.0.0/armtools/bin/../lib/gcc/arm-atollic-eabi/6.3.1/../../../../arm-atollic-eabi/lib/armv7e-m/fpu\libc_nano.a(lib_a-init.o)

.debug_loc      0x00000000     0x1690
 .debug_loc     0x00000000       0x4d Application\User\stm32f4xx_hal_msp.o
 .debug_loc     0x0000004d      0x11c Drivers\CMSIS\system_stm32f4xx.o
 .debug_loc     0x00000169       0x84 Drivers\STM32F4xx_HAL_Driver\stm32f4xx_hal.o
 .debug_loc     0x000001ed      0x71a Drivers\STM32F4xx_HAL_Driver\stm32f4xx_hal_adc.o
 .debug_loc     0x00000907      0x4da Drivers\STM32F4xx_HAL_Driver\stm32f4xx_hal_cortex.o
 .debug_loc     0x00000de1      0x3cd Drivers\STM32F4xx_HAL_Driver\stm32f4xx_hal_gpio.o
 .debug_loc     0x000011ae      0x4e2 Drivers\STM32F4xx_HAL_Driver\stm32f4xx_hal_rcc.o

Cross Reference Table

Symbol                                            File
ADC_IRQHandler                                    Application\TrueSTUDIO\startup_stm32f407xx.o
AHBPrescTable                                     Drivers\CMSIS\system_stm32f4xx.o
APBAHBPrescTable                                  Drivers\STM32F4xx_HAL_Driver\stm32f4xx_hal_rcc.o
BusFault_Handler                                  Application\TrueSTUDIO\startup_stm32f407xx.o
CAN1_RX0_IRQHandler                               Application\TrueSTUDIO\startup_stm32f407xx.o
CAN1_RX1_IRQHandler                               Application\TrueSTUDIO\startup_stm32f407xx.o
CAN1_SCE_IRQHandler                               Application\TrueSTUDIO\startup_stm32f407xx.o
CAN1_TX_IRQHandler                                Application\TrueSTUDIO\startup_stm32f407xx.o
CAN2_RX0_IRQHandler                               Application\TrueSTUDIO\startup_stm32f407xx.o
CAN2_RX1_IRQHandler                               Application\TrueSTUDIO\startup_stm32f407xx.o
CAN2_SCE_IRQHandler                               Application\TrueSTUDIO\startup_stm32f407xx.o
CAN2_TX_IRQHandler                                Application\TrueSTUDIO\startup_stm32f407xx.o
DCMI_IRQHandler                                   Application\TrueSTUDIO\startup_stm32f407xx.o
DMA1_Stream0_IRQHandler                           Application\TrueSTUDIO\startup_stm32f407xx.o
DMA1_Stream1_IRQHandler                           Application\TrueSTUDIO\startup_stm32f407xx.o
DMA1_Stream2_IRQHandler                           Application\TrueSTUDIO\startup_stm32f407xx.o
DMA1_Stream3_IRQHandler                           Application\TrueSTUDIO\startup_stm32f407xx.o
DMA1_Stream4_IRQHandler                           Application\TrueSTUDIO\startup_stm32f407xx.o
DMA1_Stream5_IRQHandler                           Application\TrueSTUDIO\startup_stm32f407xx.o
DMA1_Stream6_IRQHandler                           Application\TrueSTUDIO\startup_stm32f407xx.o
DMA1_Stream7_IRQHandler                           Application\TrueSTUDIO\startup_stm32f407xx.o
DMA2_Stream0_IRQHandler                           Application\TrueSTUDIO\startup_stm32f407xx.o
DMA2_Stream1_IRQHandler                           Application\TrueSTUDIO\startup_stm32f407xx.o
DMA2_Stream2_IRQHandler                           Application\TrueSTUDIO\startup_stm32f407xx.o
DMA2_Stream3_IRQHandler                           Application\TrueSTUDIO\startup_stm32f407xx.o
DMA2_Stream4_IRQHandler                           Application\TrueSTUDIO\startup_stm32f407xx.o
DMA2_Stream5_IRQHandler                           Application\TrueSTUDIO\startup_stm32f407xx.o
DMA2_Stream6_IRQHandler                           Application\TrueSTUDIO\startup_stm32f407xx.o
DMA2_Stream7_IRQHandler                           Application\TrueSTUDIO\startup_stm32f407xx.o
DebugMon_Handler                                  Application\TrueSTUDIO\startup_stm32f407xx.o
Default_Handler                                   Application\TrueSTUDIO\startup_stm32f407xx.o
ETH_IRQHandler                                    Application\TrueSTUDIO\startup_stm32f407xx.o
ETH_WKUP_IRQHandler                               Application\TrueSTUDIO\startup_stm32f407xx.o
EXTI0_IRQHandler                                  Application\TrueSTUDIO\startup_stm32f407xx.o
EXTI15_10_IRQHandler                              Application\TrueSTUDIO\startup_stm32f407xx.o
EXTI1_IRQHandler                                  Application\TrueSTUDIO\startup_stm32f407xx.o
EXTI2_IRQHandler                                  Application\TrueSTUDIO\startup_stm32f407xx.o
EXTI3_IRQHandler                                  Application\TrueSTUDIO\startup_stm32f407xx.o
EXTI4_IRQHandler                                  Application\TrueSTUDIO\startup_stm32f407xx.o
EXTI9_5_IRQHandler                                Application\TrueSTUDIO\startup_stm32f407xx.o
FLASH_Erase_Sector                                Drivers\STM32F4xx_HAL_Driver\stm32f4xx_hal_flash_ex.o
                                                  Drivers\STM32F4xx_HAL_Driver\stm32f4xx_hal_flash.o
FLASH_FlushCaches                                 Drivers\STM32F4xx_HAL_Driver\stm32f4xx_hal_flash_ex.o
                                                  Drivers\STM32F4xx_HAL_Driver\stm32f4xx_hal_flash.o
FLASH_IRQHandler                                  Application\TrueSTUDIO\startup_stm32f407xx.o
FLASH_WaitForLastOperation                        Drivers\STM32F4xx_HAL_Driver\stm32f4xx_hal_flash.o
                                                  Drivers\STM32F4xx_HAL_Driver\stm32f4xx_hal_flash_ex.o
FPU_IRQHandler                                    Application\TrueSTUDIO\startup_stm32f407xx.o
FSMC_IRQHandler                                   Application\TrueSTUDIO\startup_stm32f407xx.o
HAL_ADCEx_InjectedConfigChannel                   Drivers\STM32F4xx_HAL_Driver\stm32f4xx_hal_adc_ex.o
HAL_ADCEx_InjectedConvCpltCallback                Drivers\STM32F4xx_HAL_Driver\stm32f4xx_hal_adc_ex.o
                                                  Drivers\STM32F4xx_HAL_Driver\stm32f4xx_hal_adc.o
HAL_ADCEx_InjectedGetValue                        Drivers\STM32F4xx_HAL_Driver\stm32f4xx_hal_adc_ex.o
HAL_ADCEx_InjectedPollForConversion               Drivers\STM32F4xx_HAL_Driver\stm32f4xx_hal_adc_ex.o
HAL_ADCEx_InjectedStart                           Drivers\STM32F4xx_HAL_Driver\stm32f4xx_hal_adc_ex.o
HAL_ADCEx_InjectedStart_IT                        Drivers\STM32F4xx_HAL_Driver\stm32f4xx_hal_adc_ex.o
HAL_ADCEx_InjectedStop                            Drivers\STM32F4xx_HAL_Driver\stm32f4xx_hal_adc_ex.o
HAL_ADCEx_InjectedStop_IT                         Drivers\STM32F4xx_HAL_Driver\stm32f4xx_hal_adc_ex.o
HAL_ADCEx_MultiModeConfigChannel                  Drivers\STM32F4xx_HAL_Driver\stm32f4xx_hal_adc_ex.o
HAL_ADCEx_MultiModeGetValue                       Drivers\STM32F4xx_HAL_Driver\stm32f4xx_hal_adc_ex.o
HAL_ADCEx_MultiModeStart_DMA                      Drivers\STM32F4xx_HAL_Driver\stm32f4xx_hal_adc_ex.o
HAL_ADCEx_MultiModeStop_DMA                       Drivers\STM32F4xx_HAL_Driver\stm32f4xx_hal_adc_ex.o
HAL_ADC_AnalogWDGConfig                           Drivers\STM32F4xx_HAL_Driver\stm32f4xx_hal_adc.o
HAL_ADC_ConfigChannel                             Drivers\STM32F4xx_HAL_Driver\stm32f4xx_hal_adc.o
                                                  Application\User\main.o
HAL_ADC_ConvCpltCallback                          Drivers\STM32F4xx_HAL_Driver\stm32f4xx_hal_adc.o
                                                  Drivers\STM32F4xx_HAL_Driver\stm32f4xx_hal_adc_ex.o
HAL_ADC_ConvHalfCpltCallback                      Drivers\STM32F4xx_HAL_Driver\stm32f4xx_hal_adc.o
                                                  Drivers\STM32F4xx_HAL_Driver\stm32f4xx_hal_adc_ex.o
HAL_ADC_DeInit                                    Drivers\STM32F4xx_HAL_Driver\stm32f4xx_hal_adc.o
HAL_ADC_ErrorCallback                             Drivers\STM32F4xx_HAL_Driver\stm32f4xx_hal_adc.o
                                                  Drivers\STM32F4xx_HAL_Driver\stm32f4xx_hal_adc_ex.o
HAL_ADC_GetError                                  Drivers\STM32F4xx_HAL_Driver\stm32f4xx_hal_adc.o
HAL_ADC_GetState                                  Drivers\STM32F4xx_HAL_Driver\stm32f4xx_hal_adc.o
HAL_ADC_GetValue                                  Drivers\STM32F4xx_HAL_Driver\stm32f4xx_hal_adc.o
                                                  Application\User\main.o
HAL_ADC_IRQHandler                                Drivers\STM32F4xx_HAL_Driver\stm32f4xx_hal_adc.o
HAL_ADC_Init                                      Drivers\STM32F4xx_HAL_Driver\stm32f4xx_hal_adc.o
                                                  Application\User\main.o
HAL_ADC_LevelOutOfWindowCallback                  Drivers\STM32F4xx_HAL_Driver\stm32f4xx_hal_adc.o
HAL_ADC_MspDeInit                                 Application\User\stm32f4xx_hal_msp.o
HAL_ADC_MspInit                                   Application\User\stm32f4xx_hal_msp.o
HAL_ADC_PollForConversion                         Drivers\STM32F4xx_HAL_Driver\stm32f4xx_hal_adc.o
                                                  Application\User\main.o
HAL_ADC_PollForEvent                              Drivers\STM32F4xx_HAL_Driver\stm32f4xx_hal_adc.o
HAL_ADC_Start                                     Drivers\STM32F4xx_HAL_Driver\stm32f4xx_hal_adc.o
                                                  Application\User\main.o
HAL_ADC_Start_DMA                                 Drivers\STM32F4xx_HAL_Driver\stm32f4xx_hal_adc.o
HAL_ADC_Start_IT                                  Drivers\STM32F4xx_HAL_Driver\stm32f4xx_hal_adc.o
HAL_ADC_Stop                                      Drivers\STM32F4xx_HAL_Driver\stm32f4xx_hal_adc.o
                                                  Application\User\main.o
HAL_ADC_Stop_DMA                                  Drivers\STM32F4xx_HAL_Driver\stm32f4xx_hal_adc.o
HAL_ADC_Stop_IT                                   Drivers\STM32F4xx_HAL_Driver\stm32f4xx_hal_adc.o
HAL_DBGMCU_DisableDBGSleepMode                    Drivers\STM32F4xx_HAL_Driver\stm32f4xx_hal.o
HAL_DBGMCU_DisableDBGStandbyMode                  Drivers\STM32F4xx_HAL_Driver\stm32f4xx_hal.o
HAL_DBGMCU_DisableDBGStopMode                     Drivers\STM32F4xx_HAL_Driver\stm32f4xx_hal.o
HAL_DBGMCU_EnableDBGSleepMode                     Drivers\STM32F4xx_HAL_Driver\stm32f4xx_hal.o
HAL_DBGMCU_EnableDBGStandbyMode                   Drivers\STM32F4xx_HAL_Driver\stm32f4xx_hal.o
HAL_DBGMCU_EnableDBGStopMode                      Drivers\STM32F4xx_HAL_Driver\stm32f4xx_hal.o
HAL_DMAEx_ChangeMemory                            Drivers\STM32F4xx_HAL_Driver\stm32f4xx_hal_dma_ex.o
HAL_DMAEx_MultiBufferStart                        Drivers\STM32F4xx_HAL_Driver\stm32f4xx_hal_dma_ex.o
HAL_DMAEx_MultiBufferStart_IT                     Drivers\STM32F4xx_HAL_Driver\stm32f4xx_hal_dma_ex.o
HAL_DMA_Abort                                     Drivers\STM32F4xx_HAL_Driver\stm32f4xx_hal_dma.o
                                                  Drivers\STM32F4xx_HAL_Driver\stm32f4xx_hal_adc_ex.o
                                                  Drivers\STM32F4xx_HAL_Driver\stm32f4xx_hal_adc.o
HAL_DMA_DeInit                                    Drivers\STM32F4xx_HAL_Driver\stm32f4xx_hal_dma.o
HAL_DMA_GetError                                  Drivers\STM32F4xx_HAL_Driver\stm32f4xx_hal_dma.o
HAL_DMA_GetState                                  Drivers\STM32F4xx_HAL_Driver\stm32f4xx_hal_dma.o
HAL_DMA_IRQHandler                                Drivers\STM32F4xx_HAL_Driver\stm32f4xx_hal_dma.o
HAL_DMA_Init                                      Drivers\STM32F4xx_HAL_Driver\stm32f4xx_hal_dma.o
HAL_DMA_PollForTransfer                           Drivers\STM32F4xx_HAL_Driver\stm32f4xx_hal_dma.o
HAL_DMA_Start                                     Drivers\STM32F4xx_HAL_Driver\stm32f4xx_hal_dma.o
HAL_DMA_Start_IT                                  Drivers\STM32F4xx_HAL_Driver\stm32f4xx_hal_dma.o
                                                  Drivers\STM32F4xx_HAL_Driver\stm32f4xx_hal_adc_ex.o
                                                  Drivers\STM32F4xx_HAL_Driver\stm32f4xx_hal_adc.o
HAL_DeInit                                        Drivers\STM32F4xx_HAL_Driver\stm32f4xx_hal.o
HAL_Delay                                         Drivers\STM32F4xx_HAL_Driver\stm32f4xx_hal.o
                                                  Application\User\main.o
HAL_DisableCompensationCell                       Drivers\STM32F4xx_HAL_Driver\stm32f4xx_hal.o
HAL_EnableCompensationCell                        Drivers\STM32F4xx_HAL_Driver\stm32f4xx_hal.o
HAL_FLASHEx_Erase                                 Drivers\STM32F4xx_HAL_Driver\stm32f4xx_hal_flash_ex.o
HAL_FLASHEx_Erase_IT                              Drivers\STM32F4xx_HAL_Driver\stm32f4xx_hal_flash_ex.o
HAL_FLASHEx_OBGetConfig                           Drivers\STM32F4xx_HAL_Driver\stm32f4xx_hal_flash_ex.o
HAL_FLASHEx_OBProgram                             Drivers\STM32F4xx_HAL_Driver\stm32f4xx_hal_flash_ex.o
HAL_FLASH_EndOfOperationCallback                  Drivers\STM32F4xx_HAL_Driver\stm32f4xx_hal_flash.o
HAL_FLASH_GetError                                Drivers\STM32F4xx_HAL_Driver\stm32f4xx_hal_flash.o
HAL_FLASH_IRQHandler                              Drivers\STM32F4xx_HAL_Driver\stm32f4xx_hal_flash.o
HAL_FLASH_Lock                                    Drivers\STM32F4xx_HAL_Driver\stm32f4xx_hal_flash.o
HAL_FLASH_OB_Launch                               Drivers\STM32F4xx_HAL_Driver\stm32f4xx_hal_flash.o
HAL_FLASH_OB_Lock                                 Drivers\STM32F4xx_HAL_Driver\stm32f4xx_hal_flash.o
HAL_FLASH_OB_Unlock                               Drivers\STM32F4xx_HAL_Driver\stm32f4xx_hal_flash.o
HAL_FLASH_OperationErrorCallback                  Drivers\STM32F4xx_HAL_Driver\stm32f4xx_hal_flash.o
HAL_FLASH_Program                                 Drivers\STM32F4xx_HAL_Driver\stm32f4xx_hal_flash.o
HAL_FLASH_Program_IT                              Drivers\STM32F4xx_HAL_Driver\stm32f4xx_hal_flash.o
HAL_FLASH_Unlock                                  Drivers\STM32F4xx_HAL_Driver\stm32f4xx_hal_flash.o
HAL_GPIO_DeInit                                   Drivers\STM32F4xx_HAL_Driver\stm32f4xx_hal_gpio.o
                                                  Application\User\stm32f4xx_hal_msp.o
HAL_GPIO_EXTI_Callback                            Drivers\STM32F4xx_HAL_Driver\stm32f4xx_hal_gpio.o
HAL_GPIO_EXTI_IRQHandler                          Drivers\STM32F4xx_HAL_Driver\stm32f4xx_hal_gpio.o
HAL_GPIO_Init                                     Drivers\STM32F4xx_HAL_Driver\stm32f4xx_hal_gpio.o
                                                  Drivers\STM32F4xx_HAL_Driver\stm32f4xx_hal_rcc.o
                                                  Application\User\stm32f4xx_hal_msp.o
HAL_GPIO_LockPin                                  Drivers\STM32F4xx_HAL_Driver\stm32f4xx_hal_gpio.o
HAL_GPIO_ReadPin                                  Drivers\STM32F4xx_HAL_Driver\stm32f4xx_hal_gpio.o
HAL_GPIO_TogglePin                                Drivers\STM32F4xx_HAL_Driver\stm32f4xx_hal_gpio.o
HAL_GPIO_WritePin                                 Drivers\STM32F4xx_HAL_Driver\stm32f4xx_hal_gpio.o
HAL_GetDEVID                                      Drivers\STM32F4xx_HAL_Driver\stm32f4xx_hal.o
HAL_GetHalVersion                                 Drivers\STM32F4xx_HAL_Driver\stm32f4xx_hal.o
HAL_GetREVID                                      Drivers\STM32F4xx_HAL_Driver\stm32f4xx_hal.o
HAL_GetTick                                       Drivers\STM32F4xx_HAL_Driver\stm32f4xx_hal.o
                                                  Drivers\STM32F4xx_HAL_Driver\stm32f4xx_hal_rcc_ex.o
                                                  Drivers\STM32F4xx_HAL_Driver\stm32f4xx_hal_rcc.o
                                                  Drivers\STM32F4xx_HAL_Driver\stm32f4xx_hal_pwr_ex.o
                                                  Drivers\STM32F4xx_HAL_Driver\stm32f4xx_hal_flash.o
                                                  Drivers\STM32F4xx_HAL_Driver\stm32f4xx_hal_dma.o
                                                  Drivers\STM32F4xx_HAL_Driver\stm32f4xx_hal_adc_ex.o
                                                  Drivers\STM32F4xx_HAL_Driver\stm32f4xx_hal_adc.o
HAL_IncTick                                       Drivers\STM32F4xx_HAL_Driver\stm32f4xx_hal.o
                                                  Application\User\stm32f4xx_it.o
HAL_Init                                          Drivers\STM32F4xx_HAL_Driver\stm32f4xx_hal.o
                                                  Application\User\main.o
HAL_InitTick                                      Drivers\STM32F4xx_HAL_Driver\stm32f4xx_hal.o
                                                  Drivers\STM32F4xx_HAL_Driver\stm32f4xx_hal_rcc.o
HAL_MPU_ConfigRegion                              Drivers\STM32F4xx_HAL_Driver\stm32f4xx_hal_cortex.o
HAL_MspDeInit                                     Drivers\STM32F4xx_HAL_Driver\stm32f4xx_hal.o
HAL_MspInit                                       Application\User\stm32f4xx_hal_msp.o
HAL_NVIC_ClearPendingIRQ                          Drivers\STM32F4xx_HAL_Driver\stm32f4xx_hal_cortex.o
HAL_NVIC_DisableIRQ                               Drivers\STM32F4xx_HAL_Driver\stm32f4xx_hal_cortex.o
HAL_NVIC_EnableIRQ                                Drivers\STM32F4xx_HAL_Driver\stm32f4xx_hal_cortex.o
HAL_NVIC_GetActive                                Drivers\STM32F4xx_HAL_Driver\stm32f4xx_hal_cortex.o
HAL_NVIC_GetPendingIRQ                            Drivers\STM32F4xx_HAL_Driver\stm32f4xx_hal_cortex.o
HAL_NVIC_GetPriority                              Drivers\STM32F4xx_HAL_Driver\stm32f4xx_hal_cortex.o
HAL_NVIC_GetPriorityGrouping                      Drivers\STM32F4xx_HAL_Driver\stm32f4xx_hal_cortex.o
HAL_NVIC_SetPendingIRQ                            Drivers\STM32F4xx_HAL_Driver\stm32f4xx_hal_cortex.o
HAL_NVIC_SetPriority                              Drivers\STM32F4xx_HAL_Driver\stm32f4xx_hal_cortex.o
                                                  Drivers\STM32F4xx_HAL_Driver\stm32f4xx_hal.o
                                                  Application\User\stm32f4xx_hal_msp.o
                                                  Application\User\main.o
HAL_NVIC_SetPriorityGrouping                      Drivers\STM32F4xx_HAL_Driver\stm32f4xx_hal_cortex.o
                                                  Drivers\STM32F4xx_HAL_Driver\stm32f4xx_hal.o
                                                  Application\User\stm32f4xx_hal_msp.o
HAL_NVIC_SystemReset                              Drivers\STM32F4xx_HAL_Driver\stm32f4xx_hal_cortex.o
HAL_PWREx_ControlVoltageScaling                   Drivers\STM32F4xx_HAL_Driver\stm32f4xx_hal_pwr_ex.o
HAL_PWREx_DisableBkUpReg                          Drivers\STM32F4xx_HAL_Driver\stm32f4xx_hal_pwr_ex.o
HAL_PWREx_DisableFlashPowerDown                   Drivers\STM32F4xx_HAL_Driver\stm32f4xx_hal_pwr_ex.o
HAL_PWREx_EnableBkUpReg                           Drivers\STM32F4xx_HAL_Driver\stm32f4xx_hal_pwr_ex.o
HAL_PWREx_EnableFlashPowerDown                    Drivers\STM32F4xx_HAL_Driver\stm32f4xx_hal_pwr_ex.o
HAL_PWREx_GetVoltageRange                         Drivers\STM32F4xx_HAL_Driver\stm32f4xx_hal_pwr_ex.o
HAL_PWR_ConfigPVD                                 Drivers\STM32F4xx_HAL_Driver\stm32f4xx_hal_pwr.o
HAL_PWR_DeInit                                    Drivers\STM32F4xx_HAL_Driver\stm32f4xx_hal_pwr.o
HAL_PWR_DisableBkUpAccess                         Drivers\STM32F4xx_HAL_Driver\stm32f4xx_hal_pwr.o
HAL_PWR_DisablePVD                                Drivers\STM32F4xx_HAL_Driver\stm32f4xx_hal_pwr.o
HAL_PWR_DisableSEVOnPend                          Drivers\STM32F4xx_HAL_Driver\stm32f4xx_hal_pwr.o
HAL_PWR_DisableSleepOnExit                        Drivers\STM32F4xx_HAL_Driver\stm32f4xx_hal_pwr.o
HAL_PWR_DisableWakeUpPin                          Drivers\STM32F4xx_HAL_Driver\stm32f4xx_hal_pwr.o
HAL_PWR_EnableBkUpAccess                          Drivers\STM32F4xx_HAL_Driver\stm32f4xx_hal_pwr.o
HAL_PWR_EnablePVD                                 Drivers\STM32F4xx_HAL_Driver\stm32f4xx_hal_pwr.o
HAL_PWR_EnableSEVOnPend                           Drivers\STM32F4xx_HAL_Driver\stm32f4xx_hal_pwr.o
HAL_PWR_EnableSleepOnExit                         Drivers\STM32F4xx_HAL_Driver\stm32f4xx_hal_pwr.o
HAL_PWR_EnableWakeUpPin                           Drivers\STM32F4xx_HAL_Driver\stm32f4xx_hal_pwr.o
HAL_PWR_EnterSLEEPMode                            Drivers\STM32F4xx_HAL_Driver\stm32f4xx_hal_pwr.o
HAL_PWR_EnterSTANDBYMode                          Drivers\STM32F4xx_HAL_Driver\stm32f4xx_hal_pwr.o
HAL_PWR_EnterSTOPMode                             Drivers\STM32F4xx_HAL_Driver\stm32f4xx_hal_pwr.o
HAL_PWR_PVDCallback                               Drivers\STM32F4xx_HAL_Driver\stm32f4xx_hal_pwr.o
HAL_PWR_PVD_IRQHandler                            Drivers\STM32F4xx_HAL_Driver\stm32f4xx_hal_pwr.o
HAL_RCCEx_GetPeriphCLKConfig                      Drivers\STM32F4xx_HAL_Driver\stm32f4xx_hal_rcc_ex.o
HAL_RCCEx_PeriphCLKConfig                         Drivers\STM32F4xx_HAL_Driver\stm32f4xx_hal_rcc_ex.o
HAL_RCC_CSSCallback                               Drivers\STM32F4xx_HAL_Driver\stm32f4xx_hal_rcc.o
HAL_RCC_ClockConfig                               Drivers\STM32F4xx_HAL_Driver\stm32f4xx_hal_rcc.o
                                                  Application\User\main.o
HAL_RCC_DeInit                                    Drivers\STM32F4xx_HAL_Driver\stm32f4xx_hal_rcc_ex.o
                                                  Drivers\STM32F4xx_HAL_Driver\stm32f4xx_hal_rcc.o
HAL_RCC_DisableCSS                                Drivers\STM32F4xx_HAL_Driver\stm32f4xx_hal_rcc.o
HAL_RCC_EnableCSS                                 Drivers\STM32F4xx_HAL_Driver\stm32f4xx_hal_rcc.o
HAL_RCC_GetClockConfig                            Drivers\STM32F4xx_HAL_Driver\stm32f4xx_hal_rcc.o
HAL_RCC_GetHCLKFreq                               Drivers\STM32F4xx_HAL_Driver\stm32f4xx_hal_rcc.o
                                                  Drivers\STM32F4xx_HAL_Driver\stm32f4xx_hal.o
                                                  Application\User\main.o
HAL_RCC_GetOscConfig                              Drivers\STM32F4xx_HAL_Driver\stm32f4xx_hal_rcc.o
HAL_RCC_GetPCLK1Freq                              Drivers\STM32F4xx_HAL_Driver\stm32f4xx_hal_rcc.o
HAL_RCC_GetPCLK2Freq                              Drivers\STM32F4xx_HAL_Driver\stm32f4xx_hal_rcc.o
HAL_RCC_GetSysClockFreq                           Drivers\STM32F4xx_HAL_Driver\stm32f4xx_hal_rcc.o
HAL_RCC_MCOConfig                                 Drivers\STM32F4xx_HAL_Driver\stm32f4xx_hal_rcc.o
HAL_RCC_NMI_IRQHandler                            Drivers\STM32F4xx_HAL_Driver\stm32f4xx_hal_rcc.o
HAL_RCC_OscConfig                                 Drivers\STM32F4xx_HAL_Driver\stm32f4xx_hal_rcc.o
                                                  Application\User\main.o
HAL_ResumeTick                                    Drivers\STM32F4xx_HAL_Driver\stm32f4xx_hal.o
HAL_SYSTICK_CLKSourceConfig                       Drivers\STM32F4xx_HAL_Driver\stm32f4xx_hal_cortex.o
                                                  Application\User\main.o
HAL_SYSTICK_Callback                              Drivers\STM32F4xx_HAL_Driver\stm32f4xx_hal_cortex.o
HAL_SYSTICK_Config                                Drivers\STM32F4xx_HAL_Driver\stm32f4xx_hal_cortex.o
                                                  Drivers\STM32F4xx_HAL_Driver\stm32f4xx_hal.o
                                                  Application\User\main.o
HAL_SYSTICK_IRQHandler                            Drivers\STM32F4xx_HAL_Driver\stm32f4xx_hal_cortex.o
                                                  Application\User\stm32f4xx_it.o
HAL_SuspendTick                                   Drivers\STM32F4xx_HAL_Driver\stm32f4xx_hal.o
HASH_RNG_IRQHandler                               Application\TrueSTUDIO\startup_stm32f407xx.o
HardFault_Handler                                 Application\TrueSTUDIO\startup_stm32f407xx.o
I2C1_ER_IRQHandler                                Application\TrueSTUDIO\startup_stm32f407xx.o
I2C1_EV_IRQHandler                                Application\TrueSTUDIO\startup_stm32f407xx.o
I2C2_ER_IRQHandler                                Application\TrueSTUDIO\startup_stm32f407xx.o
I2C2_EV_IRQHandler                                Application\TrueSTUDIO\startup_stm32f407xx.o
I2C3_ER_IRQHandler                                Application\TrueSTUDIO\startup_stm32f407xx.o
I2C3_EV_IRQHandler                                Application\TrueSTUDIO\startup_stm32f407xx.o
MemManage_Handler                                 Application\TrueSTUDIO\startup_stm32f407xx.o
NMI_Handler                                       Application\TrueSTUDIO\startup_stm32f407xx.o
OTG_FS_IRQHandler                                 Application\TrueSTUDIO\startup_stm32f407xx.o
OTG_FS_WKUP_IRQHandler                            Application\TrueSTUDIO\startup_stm32f407xx.o
OTG_HS_EP1_IN_IRQHandler                          Application\TrueSTUDIO\startup_stm32f407xx.o
OTG_HS_EP1_OUT_IRQHandler                         Application\TrueSTUDIO\startup_stm32f407xx.o
OTG_HS_IRQHandler                                 Application\TrueSTUDIO\startup_stm32f407xx.o
OTG_HS_WKUP_IRQHandler                            Application\TrueSTUDIO\startup_stm32f407xx.o
PVD_IRQHandler                                    Application\TrueSTUDIO\startup_stm32f407xx.o
PendSV_Handler                                    Application\TrueSTUDIO\startup_stm32f407xx.o
RCC_IRQHandler                                    Application\TrueSTUDIO\startup_stm32f407xx.o
RTC_Alarm_IRQHandler                              Application\TrueSTUDIO\startup_stm32f407xx.o
RTC_WKUP_IRQHandler                               Application\TrueSTUDIO\startup_stm32f407xx.o
Reset_Handler                                     Application\TrueSTUDIO\startup_stm32f407xx.o
SDIO_IRQHandler                                   Application\TrueSTUDIO\startup_stm32f407xx.o
SPI1_IRQHandler                                   Application\TrueSTUDIO\startup_stm32f407xx.o
SPI2_IRQHandler                                   Application\TrueSTUDIO\startup_stm32f407xx.o
SPI3_IRQHandler                                   Application\TrueSTUDIO\startup_stm32f407xx.o
SVC_Handler                                       Application\TrueSTUDIO\startup_stm32f407xx.o
SysTick_Handler                                   Application\User\stm32f4xx_it.o
                                                  Application\TrueSTUDIO\startup_stm32f407xx.o
SystemClock_Config                                Application\User\main.o
SystemCoreClock                                   Drivers\CMSIS\system_stm32f4xx.o
                                                  Drivers\STM32F4xx_HAL_Driver\stm32f4xx_hal_rcc.o
                                                  Drivers\STM32F4xx_HAL_Driver\stm32f4xx_hal_adc_ex.o
                                                  Drivers\STM32F4xx_HAL_Driver\stm32f4xx_hal_adc.o
SystemCoreClockUpdate                             Drivers\CMSIS\system_stm32f4xx.o
SystemInit                                        Drivers\CMSIS\system_stm32f4xx.o
                                                  Application\TrueSTUDIO\startup_stm32f407xx.o
TAMP_STAMP_IRQHandler                             Application\TrueSTUDIO\startup_stm32f407xx.o
TIM1_BRK_TIM9_IRQHandler                          Application\TrueSTUDIO\startup_stm32f407xx.o
TIM1_CC_IRQHandler                                Application\TrueSTUDIO\startup_stm32f407xx.o
TIM1_TRG_COM_TIM11_IRQHandler                     Application\TrueSTUDIO\startup_stm32f407xx.o
TIM1_UP_TIM10_IRQHandler                          Application\TrueSTUDIO\startup_stm32f407xx.o
TIM2_IRQHandler                                   Application\TrueSTUDIO\startup_stm32f407xx.o
TIM3_IRQHandler                                   Application\TrueSTUDIO\startup_stm32f407xx.o
TIM4_IRQHandler                                   Application\TrueSTUDIO\startup_stm32f407xx.o
TIM5_IRQHandler                                   Application\TrueSTUDIO\startup_stm32f407xx.o
TIM6_DAC_IRQHandler                               Application\TrueSTUDIO\startup_stm32f407xx.o
TIM7_IRQHandler                                   Application\TrueSTUDIO\startup_stm32f407xx.o
TIM8_BRK_TIM12_IRQHandler                         Application\TrueSTUDIO\startup_stm32f407xx.o
TIM8_CC_IRQHandler                                Application\TrueSTUDIO\startup_stm32f407xx.o
TIM8_TRG_COM_TIM14_IRQHandler                     Application\TrueSTUDIO\startup_stm32f407xx.o
TIM8_UP_TIM13_IRQHandler                          Application\TrueSTUDIO\startup_stm32f407xx.o
UART4_IRQHandler                                  Application\TrueSTUDIO\startup_stm32f407xx.o
UART5_IRQHandler                                  Application\TrueSTUDIO\startup_stm32f407xx.o
USART1_IRQHandler                                 Application\TrueSTUDIO\startup_stm32f407xx.o
USART2_IRQHandler                                 Application\TrueSTUDIO\startup_stm32f407xx.o
USART3_IRQHandler                                 Application\TrueSTUDIO\startup_stm32f407xx.o
USART6_IRQHandler                                 Application\TrueSTUDIO\startup_stm32f407xx.o
UsageFault_Handler                                Application\TrueSTUDIO\startup_stm32f407xx.o
WWDG_IRQHandler                                   Application\TrueSTUDIO\startup_stm32f407xx.o
__deregister_frame_info                           c:/program files (x86)/atollic/truestudio for stm32 9.0.0/armtools/bin/../lib/gcc/arm-atollic-eabi/6.3.1/armv7e-m/fpu/crtbegin.o
__dso_handle                                      c:/program files (x86)/atollic/truestudio for stm32 9.0.0/armtools/bin/../lib/gcc/arm-atollic-eabi/6.3.1/armv7e-m/fpu/crtbegin.o
__init_array_end                                  c:/program files (x86)/atollic/truestudio for stm32 9.0.0/armtools/bin/../lib/gcc/arm-atollic-eabi/6.3.1/../../../../arm-atollic-eabi/lib/armv7e-m/fpu\libc_nano.a(lib_a-init.o)
__init_array_start                                c:/program files (x86)/atollic/truestudio for stm32 9.0.0/armtools/bin/../lib/gcc/arm-atollic-eabi/6.3.1/../../../../arm-atollic-eabi/lib/armv7e-m/fpu\libc_nano.a(lib_a-init.o)
__libc_init_array                                 c:/program files (x86)/atollic/truestudio for stm32 9.0.0/armtools/bin/../lib/gcc/arm-atollic-eabi/6.3.1/../../../../arm-atollic-eabi/lib/armv7e-m/fpu\libc_nano.a(lib_a-init.o)
                                                  Application\TrueSTUDIO\startup_stm32f407xx.o
__preinit_array_end                               c:/program files (x86)/atollic/truestudio for stm32 9.0.0/armtools/bin/../lib/gcc/arm-atollic-eabi/6.3.1/../../../../arm-atollic-eabi/lib/armv7e-m/fpu\libc_nano.a(lib_a-init.o)
__preinit_array_start                             c:/program files (x86)/atollic/truestudio for stm32 9.0.0/armtools/bin/../lib/gcc/arm-atollic-eabi/6.3.1/../../../../arm-atollic-eabi/lib/armv7e-m/fpu\libc_nano.a(lib_a-init.o)
__register_frame_info                             c:/program files (x86)/atollic/truestudio for stm32 9.0.0/armtools/bin/../lib/gcc/arm-atollic-eabi/6.3.1/armv7e-m/fpu/crtbegin.o
_ebss                                             Application\TrueSTUDIO\startup_stm32f407xx.o
_edata                                            Application\TrueSTUDIO\startup_stm32f407xx.o
_estack                                           Application\TrueSTUDIO\startup_stm32f407xx.o
_fini                                             c:/program files (x86)/atollic/truestudio for stm32 9.0.0/armtools/bin/../lib/gcc/arm-atollic-eabi/6.3.1/armv7e-m/fpu/crti.o
_init                                             c:/program files (x86)/atollic/truestudio for stm32 9.0.0/armtools/bin/../lib/gcc/arm-atollic-eabi/6.3.1/armv7e-m/fpu/crti.o
                                                  c:/program files (x86)/atollic/truestudio for stm32 9.0.0/armtools/bin/../lib/gcc/arm-atollic-eabi/6.3.1/../../../../arm-atollic-eabi/lib/armv7e-m/fpu\libc_nano.a(lib_a-init.o)
_sbss                                             Application\TrueSTUDIO\startup_stm32f407xx.o
_sdata                                            Application\TrueSTUDIO\startup_stm32f407xx.o
_sidata                                           Application\TrueSTUDIO\startup_stm32f407xx.o
adcValue                                          Application\User\main.o
g_pfnVectors                                      Application\TrueSTUDIO\startup_stm32f407xx.o
hadc1                                             Application\User\main.o
main                                              Application\User\main.o
                                                  Application\TrueSTUDIO\startup_stm32f407xx.o
pFlash                                            Drivers\STM32F4xx_HAL_Driver\stm32f4xx_hal_flash.o
                                                  Drivers\STM32F4xx_HAL_Driver\stm32f4xx_hal_flash_ex.o
uwTick                                            Drivers\STM32F4xx_HAL_Driver\stm32f4xx_hal.o
