Archive member included to satisfy reference by file (symbol)

c:/program files (x86)/atollic/truestudio for stm32 9.0.0/armtools/bin/../lib/gcc/arm-atollic-eabi/6.3.1/../../../../arm-atollic-eabi/lib/armv7e-m/fpu\libc_nano.a(lib_a-init.o)
                              Application\TrueSTUDIO\startup_stm32f407xx.o (__libc_init_array)

Allocating common symbols
Common symbol       size              file

uwTick              0x4               Drivers\STM32F4xx_HAL_Driver\stm32f4xx_hal.o
pFlash              0x20              Drivers\STM32F4xx_HAL_Driver\stm32f4xx_hal_flash.o

Discarded input sections

 .text          0x00000000        0x0 c:/program files (x86)/atollic/truestudio for stm32 9.0.0/armtools/bin/../lib/gcc/arm-atollic-eabi/6.3.1/armv7e-m/fpu/crti.o
 .data          0x00000000        0x0 c:/program files (x86)/atollic/truestudio for stm32 9.0.0/armtools/bin/../lib/gcc/arm-atollic-eabi/6.3.1/armv7e-m/fpu/crti.o
 .bss           0x00000000        0x0 c:/program files (x86)/atollic/truestudio for stm32 9.0.0/armtools/bin/../lib/gcc/arm-atollic-eabi/6.3.1/armv7e-m/fpu/crti.o
 .data          0x00000000        0x4 c:/program files (x86)/atollic/truestudio for stm32 9.0.0/armtools/bin/../lib/gcc/arm-atollic-eabi/6.3.1/armv7e-m/fpu/crtbegin.o
 .text          0x00000000       0x14 Application\TrueSTUDIO\startup_stm32f407xx.o
 .data          0x00000000        0x0 Application\TrueSTUDIO\startup_stm32f407xx.o
 .bss           0x00000000        0x0 Application\TrueSTUDIO\startup_stm32f407xx.o
 .text          0x00000000        0x0 Application\User\main.o
 .data          0x00000000        0x0 Application\User\main.o
 .bss           0x00000000        0x0 Application\User\main.o
 .text          0x00000000        0x0 Application\User\stm32f4xx_hal_msp.o
 .data          0x00000000        0x0 Application\User\stm32f4xx_hal_msp.o
 .bss           0x00000000        0x0 Application\User\stm32f4xx_hal_msp.o
 .text          0x00000000        0x0 Application\User\stm32f4xx_it.o
 .data          0x00000000        0x0 Application\User\stm32f4xx_it.o
 .bss           0x00000000        0x0 Application\User\stm32f4xx_it.o
 .text          0x00000000        0x0 Drivers\CMSIS\system_stm32f4xx.o
 .data          0x00000000        0x0 Drivers\CMSIS\system_stm32f4xx.o
 .bss           0x00000000        0x0 Drivers\CMSIS\system_stm32f4xx.o
 .text.SystemCoreClockUpdate
                0x00000000       0x74 Drivers\CMSIS\system_stm32f4xx.o
 .rodata.AHBPrescTable
                0x00000000       0x10 Drivers\CMSIS\system_stm32f4xx.o
 .text          0x00000000        0x0 Drivers\STM32F4xx_HAL_Driver\stm32f4xx_hal.o
 .data          0x00000000        0x0 Drivers\STM32F4xx_HAL_Driver\stm32f4xx_hal.o
 .bss           0x00000000        0x0 Drivers\STM32F4xx_HAL_Driver\stm32f4xx_hal.o
 .text.HAL_MspInit
                0x00000000        0x2 Drivers\STM32F4xx_HAL_Driver\stm32f4xx_hal.o
 .text.HAL_MspDeInit
                0x00000000        0x2 Drivers\STM32F4xx_HAL_Driver\stm32f4xx_hal.o
 .text.HAL_DeInit
                0x00000000       0x2c Drivers\STM32F4xx_HAL_Driver\stm32f4xx_hal.o
 .text.HAL_Delay
                0x00000000       0x1a Drivers\STM32F4xx_HAL_Driver\stm32f4xx_hal.o
 .text.HAL_SuspendTick
                0x00000000       0x10 Drivers\STM32F4xx_HAL_Driver\stm32f4xx_hal.o
 .text.HAL_ResumeTick
                0x00000000       0x10 Drivers\STM32F4xx_HAL_Driver\stm32f4xx_hal.o
 .text.HAL_GetHalVersion
                0x00000000        0x8 Drivers\STM32F4xx_HAL_Driver\stm32f4xx_hal.o
 .text.HAL_GetREVID
                0x00000000        0xc Drivers\STM32F4xx_HAL_Driver\stm32f4xx_hal.o
 .text.HAL_GetDEVID
                0x00000000       0x10 Drivers\STM32F4xx_HAL_Driver\stm32f4xx_hal.o
 .text.HAL_DBGMCU_EnableDBGSleepMode
                0x00000000       0x10 Drivers\STM32F4xx_HAL_Driver\stm32f4xx_hal.o
 .text.HAL_DBGMCU_DisableDBGSleepMode
                0x00000000       0x10 Drivers\STM32F4xx_HAL_Driver\stm32f4xx_hal.o
 .text.HAL_DBGMCU_EnableDBGStopMode
                0x00000000       0x10 Drivers\STM32F4xx_HAL_Driver\stm32f4xx_hal.o
 .text.HAL_DBGMCU_DisableDBGStopMode
                0x00000000       0x10 Drivers\STM32F4xx_HAL_Driver\stm32f4xx_hal.o
 .text.HAL_DBGMCU_EnableDBGStandbyMode
                0x00000000       0x10 Drivers\STM32F4xx_HAL_Driver\stm32f4xx_hal.o
 .text.HAL_DBGMCU_DisableDBGStandbyMode
                0x00000000       0x10 Drivers\STM32F4xx_HAL_Driver\stm32f4xx_hal.o
 .text.HAL_EnableCompensationCell
                0x00000000       0x18 Drivers\STM32F4xx_HAL_Driver\stm32f4xx_hal.o
 .text.HAL_DisableCompensationCell
                0x00000000       0x1c Drivers\STM32F4xx_HAL_Driver\stm32f4xx_hal.o
 .text          0x00000000        0x0 Drivers\STM32F4xx_HAL_Driver\stm32f4xx_hal_cortex.o
 .data          0x00000000        0x0 Drivers\STM32F4xx_HAL_Driver\stm32f4xx_hal_cortex.o
 .bss           0x00000000        0x0 Drivers\STM32F4xx_HAL_Driver\stm32f4xx_hal_cortex.o
 .text.HAL_NVIC_DisableIRQ
                0x00000000       0x1c Drivers\STM32F4xx_HAL_Driver\stm32f4xx_hal_cortex.o
 .text.HAL_NVIC_SystemReset
                0x00000000       0x24 Drivers\STM32F4xx_HAL_Driver\stm32f4xx_hal_cortex.o
 .text.HAL_MPU_ConfigRegion
                0x00000000       0x50 Drivers\STM32F4xx_HAL_Driver\stm32f4xx_hal_cortex.o
 .text.HAL_NVIC_GetPriorityGrouping
                0x00000000       0x10 Drivers\STM32F4xx_HAL_Driver\stm32f4xx_hal_cortex.o
 .text.HAL_NVIC_GetPriority
                0x00000000       0x58 Drivers\STM32F4xx_HAL_Driver\stm32f4xx_hal_cortex.o
 .text.HAL_NVIC_SetPendingIRQ
                0x00000000       0x1c Drivers\STM32F4xx_HAL_Driver\stm32f4xx_hal_cortex.o
 .text.HAL_NVIC_GetPendingIRQ
                0x00000000       0x1c Drivers\STM32F4xx_HAL_Driver\stm32f4xx_hal_cortex.o
 .text.HAL_NVIC_ClearPendingIRQ
                0x00000000       0x1c Drivers\STM32F4xx_HAL_Driver\stm32f4xx_hal_cortex.o
 .text.HAL_NVIC_GetActive
                0x00000000       0x1c Drivers\STM32F4xx_HAL_Driver\stm32f4xx_hal_cortex.o
 .text          0x00000000        0x0 Drivers\STM32F4xx_HAL_Driver\stm32f4xx_hal_dma.o
 .data          0x00000000        0x0 Drivers\STM32F4xx_HAL_Driver\stm32f4xx_hal_dma.o
 .bss           0x00000000        0x0 Drivers\STM32F4xx_HAL_Driver\stm32f4xx_hal_dma.o
 .text.DMA_CalcBaseAndBitshift
                0x00000000       0x2c Drivers\STM32F4xx_HAL_Driver\stm32f4xx_hal_dma.o
 .text.HAL_DMA_Init
                0x00000000       0x7c Drivers\STM32F4xx_HAL_Driver\stm32f4xx_hal_dma.o
 .text.HAL_DMA_DeInit
                0x00000000       0x46 Drivers\STM32F4xx_HAL_Driver\stm32f4xx_hal_dma.o
 .text.HAL_DMA_Start
                0x00000000       0x4a Drivers\STM32F4xx_HAL_Driver\stm32f4xx_hal_dma.o
 .text.HAL_DMA_Start_IT
                0x00000000       0x5a Drivers\STM32F4xx_HAL_Driver\stm32f4xx_hal_dma.o
 .text.HAL_DMA_Abort
                0x00000000       0x4c Drivers\STM32F4xx_HAL_Driver\stm32f4xx_hal_dma.o
 .text.HAL_DMA_PollForTransfer
                0x00000000      0x134 Drivers\STM32F4xx_HAL_Driver\stm32f4xx_hal_dma.o
 .text.HAL_DMA_IRQHandler
                0x00000000      0x164 Drivers\STM32F4xx_HAL_Driver\stm32f4xx_hal_dma.o
 .text.HAL_DMA_GetState
                0x00000000        0x6 Drivers\STM32F4xx_HAL_Driver\stm32f4xx_hal_dma.o
 .text.HAL_DMA_GetError
                0x00000000        0x4 Drivers\STM32F4xx_HAL_Driver\stm32f4xx_hal_dma.o
 .rodata.flagBitshiftOffset.8137
                0x00000000        0x8 Drivers\STM32F4xx_HAL_Driver\stm32f4xx_hal_dma.o
 .debug_info    0x00000000     0x1021 Drivers\STM32F4xx_HAL_Driver\stm32f4xx_hal_dma.o
 .debug_abbrev  0x00000000      0x2e3 Drivers\STM32F4xx_HAL_Driver\stm32f4xx_hal_dma.o
 .debug_loc     0x00000000      0x588 Drivers\STM32F4xx_HAL_Driver\stm32f4xx_hal_dma.o
 .debug_aranges
                0x00000000       0x68 Drivers\STM32F4xx_HAL_Driver\stm32f4xx_hal_dma.o
 .debug_ranges  0x00000000       0x58 Drivers\STM32F4xx_HAL_Driver\stm32f4xx_hal_dma.o
 .debug_line    0x00000000      0x567 Drivers\STM32F4xx_HAL_Driver\stm32f4xx_hal_dma.o
 .debug_str     0x00000000      0xae1 Drivers\STM32F4xx_HAL_Driver\stm32f4xx_hal_dma.o
 .comment       0x00000000       0x7d Drivers\STM32F4xx_HAL_Driver\stm32f4xx_hal_dma.o
 .debug_frame   0x00000000      0x120 Drivers\STM32F4xx_HAL_Driver\stm32f4xx_hal_dma.o
 .ARM.attributes
                0x00000000       0x39 Drivers\STM32F4xx_HAL_Driver\stm32f4xx_hal_dma.o
 .text          0x00000000        0x0 Drivers\STM32F4xx_HAL_Driver\stm32f4xx_hal_dma_ex.o
 .data          0x00000000        0x0 Drivers\STM32F4xx_HAL_Driver\stm32f4xx_hal_dma_ex.o
 .bss           0x00000000        0x0 Drivers\STM32F4xx_HAL_Driver\stm32f4xx_hal_dma_ex.o
 .text.HAL_DMAEx_MultiBufferStart
                0x00000000       0x5c Drivers\STM32F4xx_HAL_Driver\stm32f4xx_hal_dma_ex.o
 .text.HAL_DMAEx_MultiBufferStart_IT
                0x00000000       0x84 Drivers\STM32F4xx_HAL_Driver\stm32f4xx_hal_dma_ex.o
 .text.HAL_DMAEx_ChangeMemory
                0x00000000        0xe Drivers\STM32F4xx_HAL_Driver\stm32f4xx_hal_dma_ex.o
 .debug_info    0x00000000      0xd29 Drivers\STM32F4xx_HAL_Driver\stm32f4xx_hal_dma_ex.o
 .debug_abbrev  0x00000000      0x20f Drivers\STM32F4xx_HAL_Driver\stm32f4xx_hal_dma_ex.o
 .debug_loc     0x00000000      0x1ea Drivers\STM32F4xx_HAL_Driver\stm32f4xx_hal_dma_ex.o
 .debug_aranges
                0x00000000       0x30 Drivers\STM32F4xx_HAL_Driver\stm32f4xx_hal_dma_ex.o
 .debug_ranges  0x00000000       0x20 Drivers\STM32F4xx_HAL_Driver\stm32f4xx_hal_dma_ex.o
 .debug_line    0x00000000      0x371 Drivers\STM32F4xx_HAL_Driver\stm32f4xx_hal_dma_ex.o
 .debug_str     0x00000000      0xa10 Drivers\STM32F4xx_HAL_Driver\stm32f4xx_hal_dma_ex.o
 .comment       0x00000000       0x7d Drivers\STM32F4xx_HAL_Driver\stm32f4xx_hal_dma_ex.o
 .debug_frame   0x00000000       0x58 Drivers\STM32F4xx_HAL_Driver\stm32f4xx_hal_dma_ex.o
 .ARM.attributes
                0x00000000       0x39 Drivers\STM32F4xx_HAL_Driver\stm32f4xx_hal_dma_ex.o
 .text          0x00000000        0x0 Drivers\STM32F4xx_HAL_Driver\stm32f4xx_hal_flash.o
 .data          0x00000000        0x0 Drivers\STM32F4xx_HAL_Driver\stm32f4xx_hal_flash.o
 .bss           0x00000000        0x0 Drivers\STM32F4xx_HAL_Driver\stm32f4xx_hal_flash.o
 .text.FLASH_Program_Word
                0x00000000       0x24 Drivers\STM32F4xx_HAL_Driver\stm32f4xx_hal_flash.o
 .text.FLASH_Program_HalfWord
                0x00000000       0x24 Drivers\STM32F4xx_HAL_Driver\stm32f4xx_hal_flash.o
 .text.FLASH_SetErrorCode
                0x00000000       0x8c Drivers\STM32F4xx_HAL_Driver\stm32f4xx_hal_flash.o
 .text.HAL_FLASH_Program_IT
                0x00000000       0x90 Drivers\STM32F4xx_HAL_Driver\stm32f4xx_hal_flash.o
 .text.HAL_FLASH_EndOfOperationCallback
                0x00000000        0x2 Drivers\STM32F4xx_HAL_Driver\stm32f4xx_hal_flash.o
 .text.HAL_FLASH_OperationErrorCallback
                0x00000000        0x2 Drivers\STM32F4xx_HAL_Driver\stm32f4xx_hal_flash.o
 .text.HAL_FLASH_IRQHandler
                0x00000000       0xc8 Drivers\STM32F4xx_HAL_Driver\stm32f4xx_hal_flash.o
 .text.HAL_FLASH_Unlock
                0x00000000       0x24 Drivers\STM32F4xx_HAL_Driver\stm32f4xx_hal_flash.o
 .text.HAL_FLASH_Lock
                0x00000000       0x14 Drivers\STM32F4xx_HAL_Driver\stm32f4xx_hal_flash.o
 .text.HAL_FLASH_OB_Unlock
                0x00000000       0x24 Drivers\STM32F4xx_HAL_Driver\stm32f4xx_hal_flash.o
 .text.HAL_FLASH_OB_Lock
                0x00000000       0x14 Drivers\STM32F4xx_HAL_Driver\stm32f4xx_hal_flash.o
 .text.HAL_FLASH_GetError
                0x00000000        0xc Drivers\STM32F4xx_HAL_Driver\stm32f4xx_hal_flash.o
 .text.FLASH_WaitForLastOperation
                0x00000000       0x5c Drivers\STM32F4xx_HAL_Driver\stm32f4xx_hal_flash.o
 .text.HAL_FLASH_Program
                0x00000000       0xa8 Drivers\STM32F4xx_HAL_Driver\stm32f4xx_hal_flash.o
 .text.HAL_FLASH_OB_Launch
                0x00000000       0x18 Drivers\STM32F4xx_HAL_Driver\stm32f4xx_hal_flash.o
 .debug_info    0x00000000      0xf20 Drivers\STM32F4xx_HAL_Driver\stm32f4xx_hal_flash.o
 .debug_abbrev  0x00000000      0x38b Drivers\STM32F4xx_HAL_Driver\stm32f4xx_hal_flash.o
 .debug_loc     0x00000000      0x2cb Drivers\STM32F4xx_HAL_Driver\stm32f4xx_hal_flash.o
 .debug_aranges
                0x00000000       0x88 Drivers\STM32F4xx_HAL_Driver\stm32f4xx_hal_flash.o
 .debug_ranges  0x00000000       0xa8 Drivers\STM32F4xx_HAL_Driver\stm32f4xx_hal_flash.o
 .debug_line    0x00000000      0x4f5 Drivers\STM32F4xx_HAL_Driver\stm32f4xx_hal_flash.o
 .debug_str     0x00000000      0x9d3 Drivers\STM32F4xx_HAL_Driver\stm32f4xx_hal_flash.o
 .comment       0x00000000       0x7d Drivers\STM32F4xx_HAL_Driver\stm32f4xx_hal_flash.o
 .debug_frame   0x00000000      0x13c Drivers\STM32F4xx_HAL_Driver\stm32f4xx_hal_flash.o
 .ARM.attributes
                0x00000000       0x39 Drivers\STM32F4xx_HAL_Driver\stm32f4xx_hal_flash.o
 COMMON         0x00000000       0x20 Drivers\STM32F4xx_HAL_Driver\stm32f4xx_hal_flash.o
 .text          0x00000000        0x0 Drivers\STM32F4xx_HAL_Driver\stm32f4xx_hal_flash_ex.o
 .data          0x00000000        0x0 Drivers\STM32F4xx_HAL_Driver\stm32f4xx_hal_flash_ex.o
 .bss           0x00000000        0x0 Drivers\STM32F4xx_HAL_Driver\stm32f4xx_hal_flash_ex.o
 .text.FLASH_MassErase.isra.0
                0x00000000       0x24 Drivers\STM32F4xx_HAL_Driver\stm32f4xx_hal_flash_ex.o
 .text.HAL_FLASHEx_OBProgram
                0x00000000       0xb8 Drivers\STM32F4xx_HAL_Driver\stm32f4xx_hal_flash_ex.o
 .text.HAL_FLASHEx_OBGetConfig
                0x00000000       0x48 Drivers\STM32F4xx_HAL_Driver\stm32f4xx_hal_flash_ex.o
 .text.FLASH_Erase_Sector
                0x00000000       0x54 Drivers\STM32F4xx_HAL_Driver\stm32f4xx_hal_flash_ex.o
 .text.HAL_FLASHEx_Erase_IT
                0x00000000       0x60 Drivers\STM32F4xx_HAL_Driver\stm32f4xx_hal_flash_ex.o
 .text.FLASH_FlushCaches
                0x00000000       0x58 Drivers\STM32F4xx_HAL_Driver\stm32f4xx_hal_flash_ex.o
 .text.HAL_FLASHEx_Erase
                0x00000000       0x9c Drivers\STM32F4xx_HAL_Driver\stm32f4xx_hal_flash_ex.o
 .debug_info    0x00000000     0x10af Drivers\STM32F4xx_HAL_Driver\stm32f4xx_hal_flash_ex.o
 .debug_abbrev  0x00000000      0x36c Drivers\STM32F4xx_HAL_Driver\stm32f4xx_hal_flash_ex.o
 .debug_loc     0x00000000      0x3fa Drivers\STM32F4xx_HAL_Driver\stm32f4xx_hal_flash_ex.o
 .debug_aranges
                0x00000000       0x50 Drivers\STM32F4xx_HAL_Driver\stm32f4xx_hal_flash_ex.o
 .debug_ranges  0x00000000       0xd8 Drivers\STM32F4xx_HAL_Driver\stm32f4xx_hal_flash_ex.o
 .debug_line    0x00000000      0x4c8 Drivers\STM32F4xx_HAL_Driver\stm32f4xx_hal_flash_ex.o
 .debug_str     0x00000000      0xa3d Drivers\STM32F4xx_HAL_Driver\stm32f4xx_hal_flash_ex.o
 .comment       0x00000000       0x7d Drivers\STM32F4xx_HAL_Driver\stm32f4xx_hal_flash_ex.o
 .debug_frame   0x00000000       0xa8 Drivers\STM32F4xx_HAL_Driver\stm32f4xx_hal_flash_ex.o
 .ARM.attributes
                0x00000000       0x39 Drivers\STM32F4xx_HAL_Driver\stm32f4xx_hal_flash_ex.o
 .text          0x00000000        0x0 Drivers\STM32F4xx_HAL_Driver\stm32f4xx_hal_flash_ramfunc.o
 .data          0x00000000        0x0 Drivers\STM32F4xx_HAL_Driver\stm32f4xx_hal_flash_ramfunc.o
 .bss           0x00000000        0x0 Drivers\STM32F4xx_HAL_Driver\stm32f4xx_hal_flash_ramfunc.o
 .debug_info    0x00000000      0x8cc Drivers\STM32F4xx_HAL_Driver\stm32f4xx_hal_flash_ramfunc.o
 .debug_abbrev  0x00000000      0x15c Drivers\STM32F4xx_HAL_Driver\stm32f4xx_hal_flash_ramfunc.o
 .debug_aranges
                0x00000000       0x18 Drivers\STM32F4xx_HAL_Driver\stm32f4xx_hal_flash_ramfunc.o
 .debug_line    0x00000000      0x20f Drivers\STM32F4xx_HAL_Driver\stm32f4xx_hal_flash_ramfunc.o
 .debug_str     0x00000000      0x65d Drivers\STM32F4xx_HAL_Driver\stm32f4xx_hal_flash_ramfunc.o
 .comment       0x00000000       0x7d Drivers\STM32F4xx_HAL_Driver\stm32f4xx_hal_flash_ramfunc.o
 .ARM.attributes
                0x00000000       0x39 Drivers\STM32F4xx_HAL_Driver\stm32f4xx_hal_flash_ramfunc.o
 .text          0x00000000        0x0 Drivers\STM32F4xx_HAL_Driver\stm32f4xx_hal_gpio.o
 .data          0x00000000        0x0 Drivers\STM32F4xx_HAL_Driver\stm32f4xx_hal_gpio.o
 .bss           0x00000000        0x0 Drivers\STM32F4xx_HAL_Driver\stm32f4xx_hal_gpio.o
 .text.HAL_GPIO_DeInit
                0x00000000      0x13c Drivers\STM32F4xx_HAL_Driver\stm32f4xx_hal_gpio.o
 .text.HAL_GPIO_ReadPin
                0x00000000        0xc Drivers\STM32F4xx_HAL_Driver\stm32f4xx_hal_gpio.o
 .text.HAL_GPIO_LockPin
                0x00000000       0x2a Drivers\STM32F4xx_HAL_Driver\stm32f4xx_hal_gpio.o
 .text          0x00000000        0x0 Drivers\STM32F4xx_HAL_Driver\stm32f4xx_hal_pwr.o
 .data          0x00000000        0x0 Drivers\STM32F4xx_HAL_Driver\stm32f4xx_hal_pwr.o
 .bss           0x00000000        0x0 Drivers\STM32F4xx_HAL_Driver\stm32f4xx_hal_pwr.o
 .text.HAL_PWR_DeInit
                0x00000000       0x18 Drivers\STM32F4xx_HAL_Driver\stm32f4xx_hal_pwr.o
 .text.HAL_PWR_EnableBkUpAccess
                0x00000000       0x1c Drivers\STM32F4xx_HAL_Driver\stm32f4xx_hal_pwr.o
 .text.HAL_PWR_DisableBkUpAccess
                0x00000000       0x1c Drivers\STM32F4xx_HAL_Driver\stm32f4xx_hal_pwr.o
 .text.HAL_PWR_ConfigPVD
                0x00000000       0x70 Drivers\STM32F4xx_HAL_Driver\stm32f4xx_hal_pwr.o
 .text.HAL_PWR_EnablePVD
                0x00000000       0x1a Drivers\STM32F4xx_HAL_Driver\stm32f4xx_hal_pwr.o
 .text.HAL_PWR_DisablePVD
                0x00000000       0x1a Drivers\STM32F4xx_HAL_Driver\stm32f4xx_hal_pwr.o
 .text.HAL_PWR_EnableWakeUpPin
                0x00000000       0x10 Drivers\STM32F4xx_HAL_Driver\stm32f4xx_hal_pwr.o
 .text.HAL_PWR_DisableWakeUpPin
                0x00000000       0x10 Drivers\STM32F4xx_HAL_Driver\stm32f4xx_hal_pwr.o
 .text.HAL_PWR_EnterSLEEPMode
                0x00000000       0x20 Drivers\STM32F4xx_HAL_Driver\stm32f4xx_hal_pwr.o
 .text.HAL_PWR_EnterSTOPMode
                0x00000000       0x38 Drivers\STM32F4xx_HAL_Driver\stm32f4xx_hal_pwr.o
 .text.HAL_PWR_EnterSTANDBYMode
                0x00000000       0x20 Drivers\STM32F4xx_HAL_Driver\stm32f4xx_hal_pwr.o
 .text.HAL_PWR_PVDCallback
                0x00000000        0x2 Drivers\STM32F4xx_HAL_Driver\stm32f4xx_hal_pwr.o
 .text.HAL_PWR_PVD_IRQHandler
                0x00000000       0x1c Drivers\STM32F4xx_HAL_Driver\stm32f4xx_hal_pwr.o
 .text.HAL_PWR_EnableSleepOnExit
                0x00000000       0x10 Drivers\STM32F4xx_HAL_Driver\stm32f4xx_hal_pwr.o
 .text.HAL_PWR_DisableSleepOnExit
                0x00000000       0x10 Drivers\STM32F4xx_HAL_Driver\stm32f4xx_hal_pwr.o
 .text.HAL_PWR_EnableSEVOnPend
                0x00000000       0x10 Drivers\STM32F4xx_HAL_Driver\stm32f4xx_hal_pwr.o
 .text.HAL_PWR_DisableSEVOnPend
                0x00000000       0x10 Drivers\STM32F4xx_HAL_Driver\stm32f4xx_hal_pwr.o
 .debug_info    0x00000000     0x1084 Drivers\STM32F4xx_HAL_Driver\stm32f4xx_hal_pwr.o
 .debug_abbrev  0x00000000      0x29d Drivers\STM32F4xx_HAL_Driver\stm32f4xx_hal_pwr.o
 .debug_loc     0x00000000       0xd8 Drivers\STM32F4xx_HAL_Driver\stm32f4xx_hal_pwr.o
 .debug_aranges
                0x00000000       0xa0 Drivers\STM32F4xx_HAL_Driver\stm32f4xx_hal_pwr.o
 .debug_ranges  0x00000000       0x90 Drivers\STM32F4xx_HAL_Driver\stm32f4xx_hal_pwr.o
 .debug_line    0x00000000      0x44a Drivers\STM32F4xx_HAL_Driver\stm32f4xx_hal_pwr.o
 .debug_str     0x00000000      0x9ec Drivers\STM32F4xx_HAL_Driver\stm32f4xx_hal_pwr.o
 .comment       0x00000000       0x7d Drivers\STM32F4xx_HAL_Driver\stm32f4xx_hal_pwr.o
 .debug_frame   0x00000000      0x128 Drivers\STM32F4xx_HAL_Driver\stm32f4xx_hal_pwr.o
 .ARM.attributes
                0x00000000       0x39 Drivers\STM32F4xx_HAL_Driver\stm32f4xx_hal_pwr.o
 .text          0x00000000        0x0 Drivers\STM32F4xx_HAL_Driver\stm32f4xx_hal_pwr_ex.o
 .data          0x00000000        0x0 Drivers\STM32F4xx_HAL_Driver\stm32f4xx_hal_pwr_ex.o
 .bss           0x00000000        0x0 Drivers\STM32F4xx_HAL_Driver\stm32f4xx_hal_pwr_ex.o
 .text.HAL_PWREx_EnableBkUpReg
                0x00000000       0x44 Drivers\STM32F4xx_HAL_Driver\stm32f4xx_hal_pwr_ex.o
 .text.HAL_PWREx_DisableBkUpReg
                0x00000000       0x44 Drivers\STM32F4xx_HAL_Driver\stm32f4xx_hal_pwr_ex.o
 .text.HAL_PWREx_EnableFlashPowerDown
                0x00000000       0x1c Drivers\STM32F4xx_HAL_Driver\stm32f4xx_hal_pwr_ex.o
 .text.HAL_PWREx_DisableFlashPowerDown
                0x00000000       0x1c Drivers\STM32F4xx_HAL_Driver\stm32f4xx_hal_pwr_ex.o
 .text.HAL_PWREx_GetVoltageRange
                0x00000000       0x10 Drivers\STM32F4xx_HAL_Driver\stm32f4xx_hal_pwr_ex.o
 .text.HAL_PWREx_ControlVoltageScaling
                0x00000000       0x5c Drivers\STM32F4xx_HAL_Driver\stm32f4xx_hal_pwr_ex.o
 .debug_info    0x00000000      0xd25 Drivers\STM32F4xx_HAL_Driver\stm32f4xx_hal_pwr_ex.o
 .debug_abbrev  0x00000000      0x296 Drivers\STM32F4xx_HAL_Driver\stm32f4xx_hal_pwr_ex.o
 .debug_loc     0x00000000       0xd6 Drivers\STM32F4xx_HAL_Driver\stm32f4xx_hal_pwr_ex.o
 .debug_aranges
                0x00000000       0x48 Drivers\STM32F4xx_HAL_Driver\stm32f4xx_hal_pwr_ex.o
 .debug_ranges  0x00000000       0x68 Drivers\STM32F4xx_HAL_Driver\stm32f4xx_hal_pwr_ex.o
 .debug_line    0x00000000      0x387 Drivers\STM32F4xx_HAL_Driver\stm32f4xx_hal_pwr_ex.o
 .debug_str     0x00000000      0x895 Drivers\STM32F4xx_HAL_Driver\stm32f4xx_hal_pwr_ex.o
 .comment       0x00000000       0x7d Drivers\STM32F4xx_HAL_Driver\stm32f4xx_hal_pwr_ex.o
 .debug_frame   0x00000000       0x98 Drivers\STM32F4xx_HAL_Driver\stm32f4xx_hal_pwr_ex.o
 .ARM.attributes
                0x00000000       0x39 Drivers\STM32F4xx_HAL_Driver\stm32f4xx_hal_pwr_ex.o
 .text          0x00000000        0x0 Drivers\STM32F4xx_HAL_Driver\stm32f4xx_hal_rcc.o
 .data          0x00000000        0x0 Drivers\STM32F4xx_HAL_Driver\stm32f4xx_hal_rcc.o
 .bss           0x00000000        0x0 Drivers\STM32F4xx_HAL_Driver\stm32f4xx_hal_rcc.o
 .text.HAL_RCC_DeInit
                0x00000000        0x2 Drivers\STM32F4xx_HAL_Driver\stm32f4xx_hal_rcc.o
 .text.HAL_RCC_MCOConfig
                0x00000000       0x98 Drivers\STM32F4xx_HAL_Driver\stm32f4xx_hal_rcc.o
 .text.HAL_RCC_EnableCSS
                0x00000000        0xc Drivers\STM32F4xx_HAL_Driver\stm32f4xx_hal_rcc.o
 .text.HAL_RCC_DisableCSS
                0x00000000        0xc Drivers\STM32F4xx_HAL_Driver\stm32f4xx_hal_rcc.o
 .text.HAL_RCC_GetPCLK1Freq
                0x00000000       0x2c Drivers\STM32F4xx_HAL_Driver\stm32f4xx_hal_rcc.o
 .text.HAL_RCC_GetPCLK2Freq
                0x00000000       0x2c Drivers\STM32F4xx_HAL_Driver\stm32f4xx_hal_rcc.o
 .text.HAL_RCC_GetOscConfig
                0x00000000       0xcc Drivers\STM32F4xx_HAL_Driver\stm32f4xx_hal_rcc.o
 .text.HAL_RCC_GetClockConfig
                0x00000000       0x3c Drivers\STM32F4xx_HAL_Driver\stm32f4xx_hal_rcc.o
 .text.HAL_RCC_CSSCallback
                0x00000000        0x2 Drivers\STM32F4xx_HAL_Driver\stm32f4xx_hal_rcc.o
 .text.HAL_RCC_NMI_IRQHandler
                0x00000000       0x20 Drivers\STM32F4xx_HAL_Driver\stm32f4xx_hal_rcc.o
 .text          0x00000000        0x0 Drivers\STM32F4xx_HAL_Driver\stm32f4xx_hal_rcc_ex.o
 .data          0x00000000        0x0 Drivers\STM32F4xx_HAL_Driver\stm32f4xx_hal_rcc_ex.o
 .bss           0x00000000        0x0 Drivers\STM32F4xx_HAL_Driver\stm32f4xx_hal_rcc_ex.o
 .text.HAL_RCC_DeInit
                0x00000000       0x4c Drivers\STM32F4xx_HAL_Driver\stm32f4xx_hal_rcc_ex.o
 .text.HAL_RCCEx_PeriphCLKConfig
                0x00000000      0x13c Drivers\STM32F4xx_HAL_Driver\stm32f4xx_hal_rcc_ex.o
 .text.HAL_RCCEx_GetPeriphCLKConfig
                0x00000000       0x4c Drivers\STM32F4xx_HAL_Driver\stm32f4xx_hal_rcc_ex.o
 .debug_info    0x00000000      0xd71 Drivers\STM32F4xx_HAL_Driver\stm32f4xx_hal_rcc_ex.o
 .debug_abbrev  0x00000000      0x2bb Drivers\STM32F4xx_HAL_Driver\stm32f4xx_hal_rcc_ex.o
 .debug_loc     0x00000000      0x149 Drivers\STM32F4xx_HAL_Driver\stm32f4xx_hal_rcc_ex.o
 .debug_aranges
                0x00000000       0x30 Drivers\STM32F4xx_HAL_Driver\stm32f4xx_hal_rcc_ex.o
 .debug_ranges  0x00000000       0x50 Drivers\STM32F4xx_HAL_Driver\stm32f4xx_hal_rcc_ex.o
 .debug_line    0x00000000      0x3b9 Drivers\STM32F4xx_HAL_Driver\stm32f4xx_hal_rcc_ex.o
 .debug_str     0x00000000      0x8bf Drivers\STM32F4xx_HAL_Driver\stm32f4xx_hal_rcc_ex.o
 .comment       0x00000000       0x7d Drivers\STM32F4xx_HAL_Driver\stm32f4xx_hal_rcc_ex.o
 .debug_frame   0x00000000       0x5c Drivers\STM32F4xx_HAL_Driver\stm32f4xx_hal_rcc_ex.o
 .ARM.attributes
                0x00000000       0x39 Drivers\STM32F4xx_HAL_Driver\stm32f4xx_hal_rcc_ex.o
 .text          0x00000000        0x0 Drivers\STM32F4xx_HAL_Driver\stm32f4xx_hal_rtc.o
 .data          0x00000000        0x0 Drivers\STM32F4xx_HAL_Driver\stm32f4xx_hal_rtc.o
 .bss           0x00000000        0x0 Drivers\STM32F4xx_HAL_Driver\stm32f4xx_hal_rtc.o
 .debug_info    0x00000000      0x8cc Drivers\STM32F4xx_HAL_Driver\stm32f4xx_hal_rtc.o
 .debug_abbrev  0x00000000      0x15c Drivers\STM32F4xx_HAL_Driver\stm32f4xx_hal_rtc.o
 .debug_aranges
                0x00000000       0x18 Drivers\STM32F4xx_HAL_Driver\stm32f4xx_hal_rtc.o
 .debug_line    0x00000000      0x20f Drivers\STM32F4xx_HAL_Driver\stm32f4xx_hal_rtc.o
 .debug_str     0x00000000      0x653 Drivers\STM32F4xx_HAL_Driver\stm32f4xx_hal_rtc.o
 .comment       0x00000000       0x7d Drivers\STM32F4xx_HAL_Driver\stm32f4xx_hal_rtc.o
 .ARM.attributes
                0x00000000       0x39 Drivers\STM32F4xx_HAL_Driver\stm32f4xx_hal_rtc.o
 .text          0x00000000        0x0 Drivers\STM32F4xx_HAL_Driver\stm32f4xx_hal_rtc_ex.o
 .data          0x00000000        0x0 Drivers\STM32F4xx_HAL_Driver\stm32f4xx_hal_rtc_ex.o
 .bss           0x00000000        0x0 Drivers\STM32F4xx_HAL_Driver\stm32f4xx_hal_rtc_ex.o
 .debug_info    0x00000000      0x8cc Drivers\STM32F4xx_HAL_Driver\stm32f4xx_hal_rtc_ex.o
 .debug_abbrev  0x00000000      0x15c Drivers\STM32F4xx_HAL_Driver\stm32f4xx_hal_rtc_ex.o
 .debug_aranges
                0x00000000       0x18 Drivers\STM32F4xx_HAL_Driver\stm32f4xx_hal_rtc_ex.o
 .debug_line    0x00000000      0x20f Drivers\STM32F4xx_HAL_Driver\stm32f4xx_hal_rtc_ex.o
 .debug_str     0x00000000      0x656 Drivers\STM32F4xx_HAL_Driver\stm32f4xx_hal_rtc_ex.o
 .comment       0x00000000       0x7d Drivers\STM32F4xx_HAL_Driver\stm32f4xx_hal_rtc_ex.o
 .ARM.attributes
                0x00000000       0x39 Drivers\STM32F4xx_HAL_Driver\stm32f4xx_hal_rtc_ex.o
 .text          0x00000000        0x0 Drivers\STM32F4xx_HAL_Driver\stm32f4xx_hal_tim.o
 .data          0x00000000        0x0 Drivers\STM32F4xx_HAL_Driver\stm32f4xx_hal_tim.o
 .bss           0x00000000        0x0 Drivers\STM32F4xx_HAL_Driver\stm32f4xx_hal_tim.o
 .debug_info    0x00000000      0x8cc Drivers\STM32F4xx_HAL_Driver\stm32f4xx_hal_tim.o
 .debug_abbrev  0x00000000      0x15c Drivers\STM32F4xx_HAL_Driver\stm32f4xx_hal_tim.o
 .debug_aranges
                0x00000000       0x18 Drivers\STM32F4xx_HAL_Driver\stm32f4xx_hal_tim.o
 .debug_line    0x00000000      0x20f Drivers\STM32F4xx_HAL_Driver\stm32f4xx_hal_tim.o
 .debug_str     0x00000000      0x653 Drivers\STM32F4xx_HAL_Driver\stm32f4xx_hal_tim.o
 .comment       0x00000000       0x7d Drivers\STM32F4xx_HAL_Driver\stm32f4xx_hal_tim.o
 .ARM.attributes
                0x00000000       0x39 Drivers\STM32F4xx_HAL_Driver\stm32f4xx_hal_tim.o
 .text          0x00000000        0x0 Drivers\STM32F4xx_HAL_Driver\stm32f4xx_hal_tim_ex.o
 .data          0x00000000        0x0 Drivers\STM32F4xx_HAL_Driver\stm32f4xx_hal_tim_ex.o
 .bss           0x00000000        0x0 Drivers\STM32F4xx_HAL_Driver\stm32f4xx_hal_tim_ex.o
 .debug_info    0x00000000      0x8cc Drivers\STM32F4xx_HAL_Driver\stm32f4xx_hal_tim_ex.o
 .debug_abbrev  0x00000000      0x15c Drivers\STM32F4xx_HAL_Driver\stm32f4xx_hal_tim_ex.o
 .debug_aranges
                0x00000000       0x18 Drivers\STM32F4xx_HAL_Driver\stm32f4xx_hal_tim_ex.o
 .debug_line    0x00000000      0x20f Drivers\STM32F4xx_HAL_Driver\stm32f4xx_hal_tim_ex.o
 .debug_str     0x00000000      0x656 Drivers\STM32F4xx_HAL_Driver\stm32f4xx_hal_tim_ex.o
 .comment       0x00000000       0x7d Drivers\STM32F4xx_HAL_Driver\stm32f4xx_hal_tim_ex.o
 .ARM.attributes
                0x00000000       0x39 Drivers\STM32F4xx_HAL_Driver\stm32f4xx_hal_tim_ex.o
 .text          0x00000000        0x0 c:/program files (x86)/atollic/truestudio for stm32 9.0.0/armtools/bin/../lib/gcc/arm-atollic-eabi/6.3.1/../../../../arm-atollic-eabi/lib/armv7e-m/fpu\libc_nano.a(lib_a-init.o)
 .data          0x00000000        0x0 c:/program files (x86)/atollic/truestudio for stm32 9.0.0/armtools/bin/../lib/gcc/arm-atollic-eabi/6.3.1/../../../../arm-atollic-eabi/lib/armv7e-m/fpu\libc_nano.a(lib_a-init.o)
 .bss           0x00000000        0x0 c:/program files (x86)/atollic/truestudio for stm32 9.0.0/armtools/bin/../lib/gcc/arm-atollic-eabi/6.3.1/../../../../arm-atollic-eabi/lib/armv7e-m/fpu\libc_nano.a(lib_a-init.o)
 .text          0x00000000        0x0 c:/program files (x86)/atollic/truestudio for stm32 9.0.0/armtools/bin/../lib/gcc/arm-atollic-eabi/6.3.1/armv7e-m/fpu/crtend.o
 .data          0x00000000        0x0 c:/program files (x86)/atollic/truestudio for stm32 9.0.0/armtools/bin/../lib/gcc/arm-atollic-eabi/6.3.1/armv7e-m/fpu/crtend.o
 .bss           0x00000000        0x0 c:/program files (x86)/atollic/truestudio for stm32 9.0.0/armtools/bin/../lib/gcc/arm-atollic-eabi/6.3.1/armv7e-m/fpu/crtend.o
 .eh_frame      0x00000000        0x4 c:/program files (x86)/atollic/truestudio for stm32 9.0.0/armtools/bin/../lib/gcc/arm-atollic-eabi/6.3.1/armv7e-m/fpu/crtend.o
 .ARM.attributes
                0x00000000       0x34 c:/program files (x86)/atollic/truestudio for stm32 9.0.0/armtools/bin/../lib/gcc/arm-atollic-eabi/6.3.1/armv7e-m/fpu/crtend.o
 .text          0x00000000        0x0 c:/program files (x86)/atollic/truestudio for stm32 9.0.0/armtools/bin/../lib/gcc/arm-atollic-eabi/6.3.1/armv7e-m/fpu/crtn.o
 .data          0x00000000        0x0 c:/program files (x86)/atollic/truestudio for stm32 9.0.0/armtools/bin/../lib/gcc/arm-atollic-eabi/6.3.1/armv7e-m/fpu/crtn.o
 .bss           0x00000000        0x0 c:/program files (x86)/atollic/truestudio for stm32 9.0.0/armtools/bin/../lib/gcc/arm-atollic-eabi/6.3.1/armv7e-m/fpu/crtn.o

Memory Configuration

Name             Origin             Length             Attributes
FLASH            0x08000000         0x00100000         xr
RAM              0x20000000         0x00020000         xrw
CCMRAM           0x10000000         0x00010000         rw
*default*        0x00000000         0xffffffff

Linker script and memory map

LOAD c:/program files (x86)/atollic/truestudio for stm32 9.0.0/armtools/bin/../lib/gcc/arm-atollic-eabi/6.3.1/armv7e-m/fpu/crti.o
LOAD c:/program files (x86)/atollic/truestudio for stm32 9.0.0/armtools/bin/../lib/gcc/arm-atollic-eabi/6.3.1/armv7e-m/fpu/crtbegin.o
LOAD Application\TrueSTUDIO\startup_stm32f407xx.o
LOAD Application\User\main.o
LOAD Application\User\stm32f4xx_hal_msp.o
LOAD Application\User\stm32f4xx_it.o
LOAD Drivers\CMSIS\system_stm32f4xx.o
LOAD Drivers\STM32F4xx_HAL_Driver\stm32f4xx_hal.o
LOAD Drivers\STM32F4xx_HAL_Driver\stm32f4xx_hal_cortex.o
LOAD Drivers\STM32F4xx_HAL_Driver\stm32f4xx_hal_dma.o
LOAD Drivers\STM32F4xx_HAL_Driver\stm32f4xx_hal_dma_ex.o
LOAD Drivers\STM32F4xx_HAL_Driver\stm32f4xx_hal_flash.o
LOAD Drivers\STM32F4xx_HAL_Driver\stm32f4xx_hal_flash_ex.o
LOAD Drivers\STM32F4xx_HAL_Driver\stm32f4xx_hal_flash_ramfunc.o
LOAD Drivers\STM32F4xx_HAL_Driver\stm32f4xx_hal_gpio.o
LOAD Drivers\STM32F4xx_HAL_Driver\stm32f4xx_hal_pwr.o
LOAD Drivers\STM32F4xx_HAL_Driver\stm32f4xx_hal_pwr_ex.o
LOAD Drivers\STM32F4xx_HAL_Driver\stm32f4xx_hal_rcc.o
LOAD Drivers\STM32F4xx_HAL_Driver\stm32f4xx_hal_rcc_ex.o
LOAD Drivers\STM32F4xx_HAL_Driver\stm32f4xx_hal_rtc.o
LOAD Drivers\STM32F4xx_HAL_Driver\stm32f4xx_hal_rtc_ex.o
LOAD Drivers\STM32F4xx_HAL_Driver\stm32f4xx_hal_tim.o
LOAD Drivers\STM32F4xx_HAL_Driver\stm32f4xx_hal_tim_ex.o
                0x00000080                malloc_getpagesize_P = 0x80
START GROUP
LOAD c:/program files (x86)/atollic/truestudio for stm32 9.0.0/armtools/bin/../lib/gcc/arm-atollic-eabi/6.3.1/../../../../arm-atollic-eabi/lib/armv7e-m/fpu\libc_nano.a
LOAD c:/program files (x86)/atollic/truestudio for stm32 9.0.0/armtools/bin/../lib/gcc/arm-atollic-eabi/6.3.1/../../../../arm-atollic-eabi/lib/armv7e-m/fpu\libm.a
END GROUP
START GROUP
LOAD c:/program files (x86)/atollic/truestudio for stm32 9.0.0/armtools/bin/../lib/gcc/arm-atollic-eabi/6.3.1/armv7e-m/fpu\libgcc.a
LOAD c:/program files (x86)/atollic/truestudio for stm32 9.0.0/armtools/bin/../lib/gcc/arm-atollic-eabi/6.3.1/../../../../arm-atollic-eabi/lib/armv7e-m/fpu\libc_nano.a
END GROUP
START GROUP
LOAD c:/program files (x86)/atollic/truestudio for stm32 9.0.0/armtools/bin/../lib/gcc/arm-atollic-eabi/6.3.1/armv7e-m/fpu\libgcc.a
LOAD c:/program files (x86)/atollic/truestudio for stm32 9.0.0/armtools/bin/../lib/gcc/arm-atollic-eabi/6.3.1/../../../../arm-atollic-eabi/lib/armv7e-m/fpu\libc_nano.a
LOAD c:/program files (x86)/atollic/truestudio for stm32 9.0.0/armtools/bin/../lib/gcc/arm-atollic-eabi/6.3.1/../../../../arm-atollic-eabi/lib/armv7e-m/fpu\libnosys.a
END GROUP
START GROUP
LOAD c:/program files (x86)/atollic/truestudio for stm32 9.0.0/armtools/bin/../lib/gcc/arm-atollic-eabi/6.3.1/armv7e-m/fpu\libgcc.a
LOAD c:/program files (x86)/atollic/truestudio for stm32 9.0.0/armtools/bin/../lib/gcc/arm-atollic-eabi/6.3.1/../../../../arm-atollic-eabi/lib/armv7e-m/fpu\libc_nano.a
LOAD c:/program files (x86)/atollic/truestudio for stm32 9.0.0/armtools/bin/../lib/gcc/arm-atollic-eabi/6.3.1/../../../../arm-atollic-eabi/lib/armv7e-m/fpu\libnosys.a
END GROUP
LOAD c:/program files (x86)/atollic/truestudio for stm32 9.0.0/armtools/bin/../lib/gcc/arm-atollic-eabi/6.3.1/armv7e-m/fpu/crtend.o
LOAD c:/program files (x86)/atollic/truestudio for stm32 9.0.0/armtools/bin/../lib/gcc/arm-atollic-eabi/6.3.1/armv7e-m/fpu/crtn.o
                0x20020000                _estack = 0x20020000
                0x00000400                _Min_Heap_Size = 0x400
                0x00000200                _Min_Stack_Size = 0x200

.isr_vector     0x08000000      0x188
                0x08000000                . = ALIGN (0x4)
 *(.isr_vector)
 .isr_vector    0x08000000      0x188 Application\TrueSTUDIO\startup_stm32f407xx.o
                0x08000000                g_pfnVectors
                0x08000188                . = ALIGN (0x4)

.text           0x08000188      0xad4
                0x08000188                . = ALIGN (0x4)
 *(.text)
 .text          0x08000188       0x40 c:/program files (x86)/atollic/truestudio for stm32 9.0.0/armtools/bin/../lib/gcc/arm-atollic-eabi/6.3.1/armv7e-m/fpu/crtbegin.o
 *(.text*)
 .text.Reset_Handler
                0x080001c8       0x50 Application\TrueSTUDIO\startup_stm32f407xx.o
                0x080001c8                Reset_Handler
 .text.Default_Handler
                0x08000218        0x2 Application\TrueSTUDIO\startup_stm32f407xx.o
                0x08000218                RTC_Alarm_IRQHandler
                0x08000218                HASH_RNG_IRQHandler
                0x08000218                EXTI2_IRQHandler
                0x08000218                TIM8_CC_IRQHandler
                0x08000218                DebugMon_Handler
                0x08000218                TIM1_CC_IRQHandler
                0x08000218                DMA2_Stream5_IRQHandler
                0x08000218                HardFault_Handler
                0x08000218                DMA1_Stream5_IRQHandler
                0x08000218                PVD_IRQHandler
                0x08000218                SDIO_IRQHandler
                0x08000218                TAMP_STAMP_IRQHandler
                0x08000218                PendSV_Handler
                0x08000218                NMI_Handler
                0x08000218                CAN2_RX1_IRQHandler
                0x08000218                EXTI3_IRQHandler
                0x08000218                TIM8_TRG_COM_TIM14_IRQHandler
                0x08000218                TIM1_UP_TIM10_IRQHandler
                0x08000218                TIM8_UP_TIM13_IRQHandler
                0x08000218                I2C3_ER_IRQHandler
                0x08000218                I2C2_EV_IRQHandler
                0x08000218                DMA1_Stream2_IRQHandler
                0x08000218                CAN1_RX0_IRQHandler
                0x08000218                FPU_IRQHandler
                0x08000218                OTG_HS_WKUP_IRQHandler
                0x08000218                UsageFault_Handler
                0x08000218                CAN2_SCE_IRQHandler
                0x08000218                DMA2_Stream2_IRQHandler
                0x08000218                SPI1_IRQHandler
                0x08000218                TIM6_DAC_IRQHandler
                0x08000218                TIM1_BRK_TIM9_IRQHandler
                0x08000218                DCMI_IRQHandler
                0x08000218                CAN2_RX0_IRQHandler
                0x08000218                DMA2_Stream3_IRQHandler
                0x08000218                USART6_IRQHandler
                0x08000218                USART3_IRQHandler
                0x08000218                CAN1_RX1_IRQHandler
                0x08000218                UART5_IRQHandler
                0x08000218                DMA2_Stream0_IRQHandler
                0x08000218                TIM4_IRQHandler
                0x08000218                I2C1_EV_IRQHandler
                0x08000218                DMA1_Stream6_IRQHandler
                0x08000218                DMA1_Stream1_IRQHandler
                0x08000218                UART4_IRQHandler
                0x08000218                TIM3_IRQHandler
                0x08000218                RCC_IRQHandler
                0x08000218                TIM8_BRK_TIM12_IRQHandler
                0x08000218                Default_Handler
                0x08000218                EXTI15_10_IRQHandler
                0x08000218                ADC_IRQHandler
                0x08000218                DMA1_Stream7_IRQHandler
                0x08000218                TIM7_IRQHandler
                0x08000218                CAN2_TX_IRQHandler
                0x08000218                TIM5_IRQHandler
                0x08000218                DMA2_Stream7_IRQHandler
                0x08000218                I2C3_EV_IRQHandler
                0x08000218                EXTI9_5_IRQHandler
                0x08000218                RTC_WKUP_IRQHandler
                0x08000218                ETH_WKUP_IRQHandler
                0x08000218                SPI2_IRQHandler
                0x08000218                OTG_HS_EP1_IN_IRQHandler
                0x08000218                MemManage_Handler
                0x08000218                DMA1_Stream0_IRQHandler
                0x08000218                CAN1_TX_IRQHandler
                0x08000218                SVC_Handler
                0x08000218                EXTI4_IRQHandler
                0x08000218                FSMC_IRQHandler
                0x08000218                ETH_IRQHandler
                0x08000218                OTG_HS_EP1_OUT_IRQHandler
                0x08000218                WWDG_IRQHandler
                0x08000218                TIM2_IRQHandler
                0x08000218                OTG_FS_WKUP_IRQHandler
                0x08000218                TIM1_TRG_COM_TIM11_IRQHandler
                0x08000218                OTG_HS_IRQHandler
                0x08000218                EXTI1_IRQHandler
                0x08000218                USART2_IRQHandler
                0x08000218                I2C2_ER_IRQHandler
                0x08000218                DMA2_Stream1_IRQHandler
                0x08000218                CAN1_SCE_IRQHandler
                0x08000218                FLASH_IRQHandler
                0x08000218                DMA2_Stream4_IRQHandler
                0x08000218                BusFault_Handler
                0x08000218                USART1_IRQHandler
                0x08000218                OTG_FS_IRQHandler
                0x08000218                SPI3_IRQHandler
                0x08000218                DMA1_Stream4_IRQHandler
                0x08000218                I2C1_ER_IRQHandler
                0x08000218                DMA2_Stream6_IRQHandler
                0x08000218                DMA1_Stream3_IRQHandler
 *fill*         0x0800021a        0x2 
 .text.SystemClock_Config
                0x0800021c       0xa0 Application\User\main.o
                0x0800021c                SystemClock_Config
 .text.startup.main
                0x080002bc       0x8c Application\User\main.o
                0x080002bc                main
 .text.HAL_MspInit
                0x08000348       0x18 Application\User\stm32f4xx_hal_msp.o
                0x08000348                HAL_MspInit
 .text.SysTick_Handler
                0x08000360        0xe Application\User\stm32f4xx_it.o
                0x08000360                SysTick_Handler
 *fill*         0x0800036e        0x2 
 .text.EXTI0_IRQHandler
                0x08000370       0x1c Application\User\stm32f4xx_it.o
                0x08000370                EXTI0_IRQHandler
 .text.SystemInit
                0x0800038c       0x4c Drivers\CMSIS\system_stm32f4xx.o
                0x0800038c                SystemInit
 .text.HAL_InitTick
                0x080003d8       0x24 Drivers\STM32F4xx_HAL_Driver\stm32f4xx_hal.o
                0x080003d8                HAL_InitTick
 .text.HAL_Init
                0x080003fc       0x34 Drivers\STM32F4xx_HAL_Driver\stm32f4xx_hal.o
                0x080003fc                HAL_Init
 .text.HAL_IncTick
                0x08000430       0x10 Drivers\STM32F4xx_HAL_Driver\stm32f4xx_hal.o
                0x08000430                HAL_IncTick
 .text.HAL_GetTick
                0x08000440        0xc Drivers\STM32F4xx_HAL_Driver\stm32f4xx_hal.o
                0x08000440                HAL_GetTick
 .text.HAL_NVIC_SetPriorityGrouping
                0x0800044c       0x24 Drivers\STM32F4xx_HAL_Driver\stm32f4xx_hal_cortex.o
                0x0800044c                HAL_NVIC_SetPriorityGrouping
 .text.HAL_NVIC_SetPriority
                0x08000470       0x68 Drivers\STM32F4xx_HAL_Driver\stm32f4xx_hal_cortex.o
                0x08000470                HAL_NVIC_SetPriority
 .text.HAL_NVIC_EnableIRQ
                0x080004d8       0x18 Drivers\STM32F4xx_HAL_Driver\stm32f4xx_hal_cortex.o
                0x080004d8                HAL_NVIC_EnableIRQ
 .text.HAL_SYSTICK_Config
                0x080004f0       0x2c Drivers\STM32F4xx_HAL_Driver\stm32f4xx_hal_cortex.o
                0x080004f0                HAL_SYSTICK_Config
 .text.HAL_SYSTICK_CLKSourceConfig
                0x0800051c       0x18 Drivers\STM32F4xx_HAL_Driver\stm32f4xx_hal_cortex.o
                0x0800051c                HAL_SYSTICK_CLKSourceConfig
 .text.HAL_SYSTICK_Callback
                0x08000534        0x2 Drivers\STM32F4xx_HAL_Driver\stm32f4xx_hal_cortex.o
                0x08000534                HAL_SYSTICK_Callback
 .text.HAL_SYSTICK_IRQHandler
                0x08000536        0x8 Drivers\STM32F4xx_HAL_Driver\stm32f4xx_hal_cortex.o
                0x08000536                HAL_SYSTICK_IRQHandler
 *fill*         0x0800053e        0x2 
 .text.HAL_GPIO_Init
                0x08000540      0x1cc Drivers\STM32F4xx_HAL_Driver\stm32f4xx_hal_gpio.o
                0x08000540                HAL_GPIO_Init
 .text.HAL_GPIO_WritePin
                0x0800070c        0xa Drivers\STM32F4xx_HAL_Driver\stm32f4xx_hal_gpio.o
                0x0800070c                HAL_GPIO_WritePin
 .text.HAL_GPIO_TogglePin
                0x08000716        0x8 Drivers\STM32F4xx_HAL_Driver\stm32f4xx_hal_gpio.o
                0x08000716                HAL_GPIO_TogglePin
 .text.HAL_GPIO_EXTI_Callback
                0x0800071e        0x2 Drivers\STM32F4xx_HAL_Driver\stm32f4xx_hal_gpio.o
                0x0800071e                HAL_GPIO_EXTI_Callback
 .text.HAL_GPIO_EXTI_IRQHandler
                0x08000720       0x18 Drivers\STM32F4xx_HAL_Driver\stm32f4xx_hal_gpio.o
                0x08000720                HAL_GPIO_EXTI_IRQHandler
 .text.HAL_RCC_OscConfig
                0x08000738      0x2d8 Drivers\STM32F4xx_HAL_Driver\stm32f4xx_hal_rcc.o
                0x08000738                HAL_RCC_OscConfig
 .text.HAL_RCC_ClockConfig
                0x08000a10      0x144 Drivers\STM32F4xx_HAL_Driver\stm32f4xx_hal_rcc.o
                0x08000a10                HAL_RCC_ClockConfig
 .text.HAL_RCC_GetSysClockFreq
                0x08000b54       0x74 Drivers\STM32F4xx_HAL_Driver\stm32f4xx_hal_rcc.o
                0x08000b54                HAL_RCC_GetSysClockFreq
 .text.HAL_RCC_GetHCLKFreq
                0x08000bc8       0x34 Drivers\STM32F4xx_HAL_Driver\stm32f4xx_hal_rcc.o
                0x08000bc8                HAL_RCC_GetHCLKFreq
 .text.__libc_init_array
                0x08000bfc       0x48 c:/program files (x86)/atollic/truestudio for stm32 9.0.0/armtools/bin/../lib/gcc/arm-atollic-eabi/6.3.1/../../../../arm-atollic-eabi/lib/armv7e-m/fpu\libc_nano.a(lib_a-init.o)
                0x08000bfc                __libc_init_array
 *(.glue_7)
 .glue_7        0x08000c44        0x0 linker stubs
 *(.glue_7t)
 .glue_7t       0x08000c44        0x0 linker stubs
 *(.eh_frame)
 .eh_frame      0x08000c44        0x0 c:/program files (x86)/atollic/truestudio for stm32 9.0.0/armtools/bin/../lib/gcc/arm-atollic-eabi/6.3.1/armv7e-m/fpu/crtbegin.o
 *(.init)
 .init          0x08000c44        0x4 c:/program files (x86)/atollic/truestudio for stm32 9.0.0/armtools/bin/../lib/gcc/arm-atollic-eabi/6.3.1/armv7e-m/fpu/crti.o
                0x08000c44                _init
 .init          0x08000c48        0x8 c:/program files (x86)/atollic/truestudio for stm32 9.0.0/armtools/bin/../lib/gcc/arm-atollic-eabi/6.3.1/armv7e-m/fpu/crtn.o
 *(.fini)
 .fini          0x08000c50        0x4 c:/program files (x86)/atollic/truestudio for stm32 9.0.0/armtools/bin/../lib/gcc/arm-atollic-eabi/6.3.1/armv7e-m/fpu/crti.o
                0x08000c50                _fini
 .fini          0x08000c54        0x8 c:/program files (x86)/atollic/truestudio for stm32 9.0.0/armtools/bin/../lib/gcc/arm-atollic-eabi/6.3.1/armv7e-m/fpu/crtn.o
                0x08000c5c                . = ALIGN (0x4)
                0x08000c5c                _etext = .

.vfp11_veneer   0x08000c5c        0x0
 .vfp11_veneer  0x08000c5c        0x0 linker stubs

.v4_bx          0x08000c5c        0x0
 .v4_bx         0x08000c5c        0x0 linker stubs

.iplt           0x08000c5c        0x0
 .iplt          0x08000c5c        0x0 c:/program files (x86)/atollic/truestudio for stm32 9.0.0/armtools/bin/../lib/gcc/arm-atollic-eabi/6.3.1/armv7e-m/fpu/crtbegin.o

.rodata         0x08000c5c       0x10
                0x08000c5c                . = ALIGN (0x4)
 *(.rodata)
 *(.rodata*)
 .rodata.APBAHBPrescTable
                0x08000c5c       0x10 Drivers\STM32F4xx_HAL_Driver\stm32f4xx_hal_rcc.o
                0x08000c5c                APBAHBPrescTable
                0x08000c6c                . = ALIGN (0x4)

.rel.dyn        0x08000c6c        0x0
 .rel.iplt      0x08000c6c        0x0 c:/program files (x86)/atollic/truestudio for stm32 9.0.0/armtools/bin/../lib/gcc/arm-atollic-eabi/6.3.1/armv7e-m/fpu/crtbegin.o

.ARM.extab
 *(.ARM.extab* .gnu.linkonce.armextab.*)

.ARM            0x08000c6c        0x0
                0x08000c6c                __exidx_start = .
 *(.ARM.exidx*)
                0x08000c6c                __exidx_end = .

.preinit_array  0x08000c6c        0x0
                0x08000c6c                PROVIDE (__preinit_array_start, .)
 *(.preinit_array*)
                0x08000c6c                PROVIDE (__preinit_array_end, .)

.init_array     0x08000c6c        0x4
                0x08000c6c                PROVIDE (__init_array_start, .)
 *(SORT(.init_array.*))
 *(.init_array*)
 .init_array    0x08000c6c        0x4 c:/program files (x86)/atollic/truestudio for stm32 9.0.0/armtools/bin/../lib/gcc/arm-atollic-eabi/6.3.1/armv7e-m/fpu/crtbegin.o
                0x08000c70                PROVIDE (__init_array_end, .)

.fini_array     0x08000c70        0x4
                [!provide]                PROVIDE (__fini_array_start, .)
 *(SORT(.fini_array.*))
 *(.fini_array*)
 .fini_array    0x08000c70        0x4 c:/program files (x86)/atollic/truestudio for stm32 9.0.0/armtools/bin/../lib/gcc/arm-atollic-eabi/6.3.1/armv7e-m/fpu/crtbegin.o
                [!provide]                PROVIDE (__fini_array_end, .)
                0x08000c74                _sidata = LOADADDR (.data)

.data           0x20000000        0x4 load address 0x08000c74
                0x20000000                . = ALIGN (0x4)
                0x20000000                _sdata = .
 *(.data)
 *(.data*)
 .data.SystemCoreClock
                0x20000000        0x4 Drivers\CMSIS\system_stm32f4xx.o
                0x20000000                SystemCoreClock
                0x20000004                . = ALIGN (0x4)
                0x20000004                _edata = .
                0x08000c78                _siccmram = LOADADDR (.ccmram)

.igot.plt       0x20000004        0x0 load address 0x08000c78
 .igot.plt      0x20000004        0x0 c:/program files (x86)/atollic/truestudio for stm32 9.0.0/armtools/bin/../lib/gcc/arm-atollic-eabi/6.3.1/armv7e-m/fpu/crtbegin.o

.ccmram         0x10000000        0x0 load address 0x08000c78
                0x10000000                . = ALIGN (0x4)
                0x10000000                _sccmram = .
 *(.ccmram)
 *(.ccmram*)
                0x10000000                . = ALIGN (0x4)
                0x10000000                _eccmram = .
                0x10000000                . = ALIGN (0x4)

.bss            0x20000004       0x20
                0x20000004                _sbss = .
                0x20000004                __bss_start__ = _sbss
 *(.bss)
 .bss           0x20000004       0x1c c:/program files (x86)/atollic/truestudio for stm32 9.0.0/armtools/bin/../lib/gcc/arm-atollic-eabi/6.3.1/armv7e-m/fpu/crtbegin.o
 *(.bss*)
 *(COMMON)
 COMMON         0x20000020        0x4 Drivers\STM32F4xx_HAL_Driver\stm32f4xx_hal.o
                0x20000020                uwTick
                0x20000024                . = ALIGN (0x4)
                0x20000024                _ebss = .
                0x20000024                __bss_end__ = _ebss

._user_heap_stack
                0x20000024      0x600
                0x20000024                . = ALIGN (0x4)
                [!provide]                PROVIDE (end, .)
                [!provide]                PROVIDE (_end, .)
                0x20000424                . = (. + _Min_Heap_Size)
 *fill*         0x20000024      0x400 
                0x20000624                . = (. + _Min_Stack_Size)
 *fill*         0x20000424      0x200 
                0x20000624                . = ALIGN (0x4)

/DISCARD/
 libc.a(*)
 libm.a(*)
 libgcc.a(*)

.ARM.attributes
                0x00000000       0x30
 *(.ARM.attributes)
 .ARM.attributes
                0x00000000       0x22 c:/program files (x86)/atollic/truestudio for stm32 9.0.0/armtools/bin/../lib/gcc/arm-atollic-eabi/6.3.1/armv7e-m/fpu/crti.o
 .ARM.attributes
                0x00000022       0x34 c:/program files (x86)/atollic/truestudio for stm32 9.0.0/armtools/bin/../lib/gcc/arm-atollic-eabi/6.3.1/armv7e-m/fpu/crtbegin.o
 .ARM.attributes
                0x00000056       0x21 Application\TrueSTUDIO\startup_stm32f407xx.o
 .ARM.attributes
                0x00000077       0x39 Application\User\main.o
 .ARM.attributes
                0x000000b0       0x39 Application\User\stm32f4xx_hal_msp.o
 .ARM.attributes
                0x000000e9       0x39 Application\User\stm32f4xx_it.o
 .ARM.attributes
                0x00000122       0x39 Drivers\CMSIS\system_stm32f4xx.o
 .ARM.attributes
                0x0000015b       0x39 Drivers\STM32F4xx_HAL_Driver\stm32f4xx_hal.o
 .ARM.attributes
                0x00000194       0x39 Drivers\STM32F4xx_HAL_Driver\stm32f4xx_hal_cortex.o
 .ARM.attributes
                0x000001cd       0x39 Drivers\STM32F4xx_HAL_Driver\stm32f4xx_hal_gpio.o
 .ARM.attributes
                0x00000206       0x39 Drivers\STM32F4xx_HAL_Driver\stm32f4xx_hal_rcc.o
 .ARM.attributes
                0x0000023f       0x34 c:/program files (x86)/atollic/truestudio for stm32 9.0.0/armtools/bin/../lib/gcc/arm-atollic-eabi/6.3.1/../../../../arm-atollic-eabi/lib/armv7e-m/fpu\libc_nano.a(lib_a-init.o)
 .ARM.attributes
                0x00000273       0x22 c:/program files (x86)/atollic/truestudio for stm32 9.0.0/armtools/bin/../lib/gcc/arm-atollic-eabi/6.3.1/armv7e-m/fpu/crtn.o
OUTPUT(Aula 02.elf elf32-littlearm)

.debug_line     0x00000000     0x202c
 .debug_line    0x00000000       0xb4 Application\TrueSTUDIO\startup_stm32f407xx.o
 .debug_line    0x000000b4      0x33e Application\User\main.o
 .debug_line    0x000003f2      0x29b Application\User\stm32f4xx_hal_msp.o
 .debug_line    0x0000068d      0x2d4 Application\User\stm32f4xx_it.o
 .debug_line    0x00000961      0x2b6 Drivers\CMSIS\system_stm32f4xx.o
 .debug_line    0x00000c17      0x474 Drivers\STM32F4xx_HAL_Driver\stm32f4xx_hal.o
 .debug_line    0x0000108b      0x4ba Drivers\STM32F4xx_HAL_Driver\stm32f4xx_hal_cortex.o
 .debug_line    0x00001545      0x49c Drivers\STM32F4xx_HAL_Driver\stm32f4xx_hal_gpio.o
 .debug_line    0x000019e1      0x64b Drivers\STM32F4xx_HAL_Driver\stm32f4xx_hal_rcc.o

.debug_info     0x00000000     0x804c
 .debug_info    0x00000000       0xcb Application\TrueSTUDIO\startup_stm32f407xx.o
 .debug_info    0x000000cb     0x11a0 Application\User\main.o
 .debug_info    0x0000126b      0xb52 Application\User\stm32f4xx_hal_msp.o
 .debug_info    0x00001dbd      0xa28 Application\User\stm32f4xx_it.o
 .debug_info    0x000027e5      0xce8 Drivers\CMSIS\system_stm32f4xx.o
 .debug_info    0x000034cd     0x1107 Drivers\STM32F4xx_HAL_Driver\stm32f4xx_hal.o
 .debug_info    0x000045d4     0x167f Drivers\STM32F4xx_HAL_Driver\stm32f4xx_hal_cortex.o
 .debug_info    0x00005c53      0xf43 Drivers\STM32F4xx_HAL_Driver\stm32f4xx_hal_gpio.o
 .debug_info    0x00006b96     0x14b6 Drivers\STM32F4xx_HAL_Driver\stm32f4xx_hal_rcc.o

.debug_abbrev   0x00000000     0x14d5
 .debug_abbrev  0x00000000       0x12 Application\TrueSTUDIO\startup_stm32f407xx.o
 .debug_abbrev  0x00000012      0x283 Application\User\main.o
 .debug_abbrev  0x00000295      0x1d3 Application\User\stm32f4xx_hal_msp.o
 .debug_abbrev  0x00000468      0x1e9 Application\User\stm32f4xx_it.o
 .debug_abbrev  0x00000651      0x1db Drivers\CMSIS\system_stm32f4xx.o
 .debug_abbrev  0x0000082c      0x306 Drivers\STM32F4xx_HAL_Driver\stm32f4xx_hal.o
 .debug_abbrev  0x00000b32      0x399 Drivers\STM32F4xx_HAL_Driver\stm32f4xx_hal_cortex.o
 .debug_abbrev  0x00000ecb      0x268 Drivers\STM32F4xx_HAL_Driver\stm32f4xx_hal_gpio.o
 .debug_abbrev  0x00001133      0x3a2 Drivers\STM32F4xx_HAL_Driver\stm32f4xx_hal_rcc.o

.debug_aranges  0x00000000      0x2e8
 .debug_aranges
                0x00000000       0x28 Application\TrueSTUDIO\startup_stm32f407xx.o
 .debug_aranges
                0x00000028       0x28 Application\User\main.o
 .debug_aranges
                0x00000050       0x20 Application\User\stm32f4xx_hal_msp.o
 .debug_aranges
                0x00000070       0x28 Application\User\stm32f4xx_it.o
 .debug_aranges
                0x00000098       0x28 Drivers\CMSIS\system_stm32f4xx.o
 .debug_aranges
                0x000000c0       0xb8 Drivers\STM32F4xx_HAL_Driver\stm32f4xx_hal.o
 .debug_aranges
                0x00000178       0x98 Drivers\STM32F4xx_HAL_Driver\stm32f4xx_hal_cortex.o
 .debug_aranges
                0x00000210       0x58 Drivers\STM32F4xx_HAL_Driver\stm32f4xx_hal_gpio.o
 .debug_aranges
                0x00000268       0x80 Drivers\STM32F4xx_HAL_Driver\stm32f4xx_hal_rcc.o

.debug_ranges   0x00000000      0x480
 .debug_ranges  0x00000000       0x20 Application\TrueSTUDIO\startup_stm32f407xx.o
 .debug_ranges  0x00000020       0x80 Application\User\main.o
 .debug_ranges  0x000000a0       0x10 Application\User\stm32f4xx_hal_msp.o
 .debug_ranges  0x000000b0       0x18 Application\User\stm32f4xx_it.o
 .debug_ranges  0x000000c8       0x18 Drivers\CMSIS\system_stm32f4xx.o
 .debug_ranges  0x000000e0       0xa8 Drivers\STM32F4xx_HAL_Driver\stm32f4xx_hal.o
 .debug_ranges  0x00000188      0x128 Drivers\STM32F4xx_HAL_Driver\stm32f4xx_hal_cortex.o
 .debug_ranges  0x000002b0       0x68 Drivers\STM32F4xx_HAL_Driver\stm32f4xx_hal_gpio.o
 .debug_ranges  0x00000318      0x168 Drivers\STM32F4xx_HAL_Driver\stm32f4xx_hal_rcc.o

.debug_str      0x00000000     0x17f0
 .debug_str     0x00000000      0xe2a Application\User\main.o
                                0xec7 (size before relaxing)
 .debug_str     0x00000e2a       0x4a Application\User\stm32f4xx_hal_msp.o
                                0xb67 (size before relaxing)
 .debug_str     0x00000e74       0x8c Application\User\stm32f4xx_it.o
                                0x6e7 (size before relaxing)
 .debug_str     0x00000f00       0xdf Drivers\CMSIS\system_stm32f4xx.o
                                0x810 (size before relaxing)
 .debug_str     0x00000fdf      0x281 Drivers\STM32F4xx_HAL_Driver\stm32f4xx_hal.o
                                0xf17 (size before relaxing)
 .debug_str     0x00001260      0x317 Drivers\STM32F4xx_HAL_Driver\stm32f4xx_hal_cortex.o
                               0x1067 (size before relaxing)
 .debug_str     0x00001577      0x112 Drivers\STM32F4xx_HAL_Driver\stm32f4xx_hal_gpio.o
                                0x96f (size before relaxing)
 .debug_str     0x00001689      0x167 Drivers\STM32F4xx_HAL_Driver\stm32f4xx_hal_rcc.o
                                0xb3a (size before relaxing)

.comment        0x00000000       0x7c
 .comment       0x00000000       0x7c Application\User\main.o
                                 0x7d (size before relaxing)
 .comment       0x0000007c       0x7d Application\User\stm32f4xx_hal_msp.o
 .comment       0x0000007c       0x7d Application\User\stm32f4xx_it.o
 .comment       0x0000007c       0x7d Drivers\CMSIS\system_stm32f4xx.o
 .comment       0x0000007c       0x7d Drivers\STM32F4xx_HAL_Driver\stm32f4xx_hal.o
 .comment       0x0000007c       0x7d Drivers\STM32F4xx_HAL_Driver\stm32f4xx_hal_cortex.o
 .comment       0x0000007c       0x7d Drivers\STM32F4xx_HAL_Driver\stm32f4xx_hal_gpio.o
 .comment       0x0000007c       0x7d Drivers\STM32F4xx_HAL_Driver\stm32f4xx_hal_rcc.o

.debug_frame    0x00000000      0x610
 .debug_frame   0x00000000       0x4c Application\User\main.o
 .debug_frame   0x0000004c       0x2c Application\User\stm32f4xx_hal_msp.o
 .debug_frame   0x00000078       0x48 Application\User\stm32f4xx_it.o
 .debug_frame   0x000000c0       0x38 Drivers\CMSIS\system_stm32f4xx.o
 .debug_frame   0x000000f8      0x184 Drivers\STM32F4xx_HAL_Driver\stm32f4xx_hal.o
 .debug_frame   0x0000027c      0x138 Drivers\STM32F4xx_HAL_Driver\stm32f4xx_hal_cortex.o
 .debug_frame   0x000003b4       0xd8 Drivers\STM32F4xx_HAL_Driver\stm32f4xx_hal_gpio.o
 .debug_frame   0x0000048c      0x158 Drivers\STM32F4xx_HAL_Driver\stm32f4xx_hal_rcc.o
 .debug_frame   0x000005e4       0x2c c:/program files (x86)/atollic/truestudio for stm32 9.0.0/armtools/bin/../lib/gcc/arm-atollic-eabi/6.3.1/../../../../arm-atollic-eabi/lib/armv7e-m/fpu\libc_nano.a(lib_a-init.o)

.debug_loc      0x00000000      0xf29
 .debug_loc     0x00000000      0x11c Drivers\CMSIS\system_stm32f4xx.o
 .debug_loc     0x0000011c       0x84 Drivers\STM32F4xx_HAL_Driver\stm32f4xx_hal.o
 .debug_loc     0x000001a0      0x4da Drivers\STM32F4xx_HAL_Driver\stm32f4xx_hal_cortex.o
 .debug_loc     0x0000067a      0x3cd Drivers\STM32F4xx_HAL_Driver\stm32f4xx_hal_gpio.o
 .debug_loc     0x00000a47      0x4e2 Drivers\STM32F4xx_HAL_Driver\stm32f4xx_hal_rcc.o

Cross Reference Table

Symbol                                            File
ADC_IRQHandler                                    Application\TrueSTUDIO\startup_stm32f407xx.o
AHBPrescTable                                     Drivers\CMSIS\system_stm32f4xx.o
APBAHBPrescTable                                  Drivers\STM32F4xx_HAL_Driver\stm32f4xx_hal_rcc.o
BusFault_Handler                                  Application\TrueSTUDIO\startup_stm32f407xx.o
CAN1_RX0_IRQHandler                               Application\TrueSTUDIO\startup_stm32f407xx.o
CAN1_RX1_IRQHandler                               Application\TrueSTUDIO\startup_stm32f407xx.o
CAN1_SCE_IRQHandler                               Application\TrueSTUDIO\startup_stm32f407xx.o
CAN1_TX_IRQHandler                                Application\TrueSTUDIO\startup_stm32f407xx.o
CAN2_RX0_IRQHandler                               Application\TrueSTUDIO\startup_stm32f407xx.o
CAN2_RX1_IRQHandler                               Application\TrueSTUDIO\startup_stm32f407xx.o
CAN2_SCE_IRQHandler                               Application\TrueSTUDIO\startup_stm32f407xx.o
CAN2_TX_IRQHandler                                Application\TrueSTUDIO\startup_stm32f407xx.o
DCMI_IRQHandler                                   Application\TrueSTUDIO\startup_stm32f407xx.o
DMA1_Stream0_IRQHandler                           Application\TrueSTUDIO\startup_stm32f407xx.o
DMA1_Stream1_IRQHandler                           Application\TrueSTUDIO\startup_stm32f407xx.o
DMA1_Stream2_IRQHandler                           Application\TrueSTUDIO\startup_stm32f407xx.o
DMA1_Stream3_IRQHandler                           Application\TrueSTUDIO\startup_stm32f407xx.o
DMA1_Stream4_IRQHandler                           Application\TrueSTUDIO\startup_stm32f407xx.o
DMA1_Stream5_IRQHandler                           Application\TrueSTUDIO\startup_stm32f407xx.o
DMA1_Stream6_IRQHandler                           Application\TrueSTUDIO\startup_stm32f407xx.o
DMA1_Stream7_IRQHandler                           Application\TrueSTUDIO\startup_stm32f407xx.o
DMA2_Stream0_IRQHandler                           Application\TrueSTUDIO\startup_stm32f407xx.o
DMA2_Stream1_IRQHandler                           Application\TrueSTUDIO\startup_stm32f407xx.o
DMA2_Stream2_IRQHandler                           Application\TrueSTUDIO\startup_stm32f407xx.o
DMA2_Stream3_IRQHandler                           Application\TrueSTUDIO\startup_stm32f407xx.o
DMA2_Stream4_IRQHandler                           Application\TrueSTUDIO\startup_stm32f407xx.o
DMA2_Stream5_IRQHandler                           Application\TrueSTUDIO\startup_stm32f407xx.o
DMA2_Stream6_IRQHandler                           Application\TrueSTUDIO\startup_stm32f407xx.o
DMA2_Stream7_IRQHandler                           Application\TrueSTUDIO\startup_stm32f407xx.o
DebugMon_Handler                                  Application\TrueSTUDIO\startup_stm32f407xx.o
Default_Handler                                   Application\TrueSTUDIO\startup_stm32f407xx.o
ETH_IRQHandler                                    Application\TrueSTUDIO\startup_stm32f407xx.o
ETH_WKUP_IRQHandler                               Application\TrueSTUDIO\startup_stm32f407xx.o
EXTI0_IRQHandler                                  Application\User\stm32f4xx_it.o
                                                  Application\TrueSTUDIO\startup_stm32f407xx.o
EXTI15_10_IRQHandler                              Application\TrueSTUDIO\startup_stm32f407xx.o
EXTI1_IRQHandler                                  Application\TrueSTUDIO\startup_stm32f407xx.o
EXTI2_IRQHandler                                  Application\TrueSTUDIO\startup_stm32f407xx.o
EXTI3_IRQHandler                                  Application\TrueSTUDIO\startup_stm32f407xx.o
EXTI4_IRQHandler                                  Application\TrueSTUDIO\startup_stm32f407xx.o
EXTI9_5_IRQHandler                                Application\TrueSTUDIO\startup_stm32f407xx.o
FLASH_Erase_Sector                                Drivers\STM32F4xx_HAL_Driver\stm32f4xx_hal_flash_ex.o
                                                  Drivers\STM32F4xx_HAL_Driver\stm32f4xx_hal_flash.o
FLASH_FlushCaches                                 Drivers\STM32F4xx_HAL_Driver\stm32f4xx_hal_flash_ex.o
                                                  Drivers\STM32F4xx_HAL_Driver\stm32f4xx_hal_flash.o
FLASH_IRQHandler                                  Application\TrueSTUDIO\startup_stm32f407xx.o
FLASH_WaitForLastOperation                        Drivers\STM32F4xx_HAL_Driver\stm32f4xx_hal_flash.o
                                                  Drivers\STM32F4xx_HAL_Driver\stm32f4xx_hal_flash_ex.o
FPU_IRQHandler                                    Application\TrueSTUDIO\startup_stm32f407xx.o
FSMC_IRQHandler                                   Application\TrueSTUDIO\startup_stm32f407xx.o
HAL_DBGMCU_DisableDBGSleepMode                    Drivers\STM32F4xx_HAL_Driver\stm32f4xx_hal.o
HAL_DBGMCU_DisableDBGStandbyMode                  Drivers\STM32F4xx_HAL_Driver\stm32f4xx_hal.o
HAL_DBGMCU_DisableDBGStopMode                     Drivers\STM32F4xx_HAL_Driver\stm32f4xx_hal.o
HAL_DBGMCU_EnableDBGSleepMode                     Drivers\STM32F4xx_HAL_Driver\stm32f4xx_hal.o
HAL_DBGMCU_EnableDBGStandbyMode                   Drivers\STM32F4xx_HAL_Driver\stm32f4xx_hal.o
HAL_DBGMCU_EnableDBGStopMode                      Drivers\STM32F4xx_HAL_Driver\stm32f4xx_hal.o
HAL_DMAEx_ChangeMemory                            Drivers\STM32F4xx_HAL_Driver\stm32f4xx_hal_dma_ex.o
HAL_DMAEx_MultiBufferStart                        Drivers\STM32F4xx_HAL_Driver\stm32f4xx_hal_dma_ex.o
HAL_DMAEx_MultiBufferStart_IT                     Drivers\STM32F4xx_HAL_Driver\stm32f4xx_hal_dma_ex.o
HAL_DMA_Abort                                     Drivers\STM32F4xx_HAL_Driver\stm32f4xx_hal_dma.o
HAL_DMA_DeInit                                    Drivers\STM32F4xx_HAL_Driver\stm32f4xx_hal_dma.o
HAL_DMA_GetError                                  Drivers\STM32F4xx_HAL_Driver\stm32f4xx_hal_dma.o
HAL_DMA_GetState                                  Drivers\STM32F4xx_HAL_Driver\stm32f4xx_hal_dma.o
HAL_DMA_IRQHandler                                Drivers\STM32F4xx_HAL_Driver\stm32f4xx_hal_dma.o
HAL_DMA_Init                                      Drivers\STM32F4xx_HAL_Driver\stm32f4xx_hal_dma.o
HAL_DMA_PollForTransfer                           Drivers\STM32F4xx_HAL_Driver\stm32f4xx_hal_dma.o
HAL_DMA_Start                                     Drivers\STM32F4xx_HAL_Driver\stm32f4xx_hal_dma.o
HAL_DMA_Start_IT                                  Drivers\STM32F4xx_HAL_Driver\stm32f4xx_hal_dma.o
HAL_DeInit                                        Drivers\STM32F4xx_HAL_Driver\stm32f4xx_hal.o
HAL_Delay                                         Drivers\STM32F4xx_HAL_Driver\stm32f4xx_hal.o
HAL_DisableCompensationCell                       Drivers\STM32F4xx_HAL_Driver\stm32f4xx_hal.o
HAL_EnableCompensationCell                        Drivers\STM32F4xx_HAL_Driver\stm32f4xx_hal.o
HAL_FLASHEx_Erase                                 Drivers\STM32F4xx_HAL_Driver\stm32f4xx_hal_flash_ex.o
HAL_FLASHEx_Erase_IT                              Drivers\STM32F4xx_HAL_Driver\stm32f4xx_hal_flash_ex.o
HAL_FLASHEx_OBGetConfig                           Drivers\STM32F4xx_HAL_Driver\stm32f4xx_hal_flash_ex.o
HAL_FLASHEx_OBProgram                             Drivers\STM32F4xx_HAL_Driver\stm32f4xx_hal_flash_ex.o
HAL_FLASH_EndOfOperationCallback                  Drivers\STM32F4xx_HAL_Driver\stm32f4xx_hal_flash.o
HAL_FLASH_GetError                                Drivers\STM32F4xx_HAL_Driver\stm32f4xx_hal_flash.o
HAL_FLASH_IRQHandler                              Drivers\STM32F4xx_HAL_Driver\stm32f4xx_hal_flash.o
HAL_FLASH_Lock                                    Drivers\STM32F4xx_HAL_Driver\stm32f4xx_hal_flash.o
HAL_FLASH_OB_Launch                               Drivers\STM32F4xx_HAL_Driver\stm32f4xx_hal_flash.o
HAL_FLASH_OB_Lock                                 Drivers\STM32F4xx_HAL_Driver\stm32f4xx_hal_flash.o
HAL_FLASH_OB_Unlock                               Drivers\STM32F4xx_HAL_Driver\stm32f4xx_hal_flash.o
HAL_FLASH_OperationErrorCallback                  Drivers\STM32F4xx_HAL_Driver\stm32f4xx_hal_flash.o
HAL_FLASH_Program                                 Drivers\STM32F4xx_HAL_Driver\stm32f4xx_hal_flash.o
HAL_FLASH_Program_IT                              Drivers\STM32F4xx_HAL_Driver\stm32f4xx_hal_flash.o
HAL_FLASH_Unlock                                  Drivers\STM32F4xx_HAL_Driver\stm32f4xx_hal_flash.o
HAL_GPIO_DeInit                                   Drivers\STM32F4xx_HAL_Driver\stm32f4xx_hal_gpio.o
HAL_GPIO_EXTI_Callback                            Drivers\STM32F4xx_HAL_Driver\stm32f4xx_hal_gpio.o
HAL_GPIO_EXTI_IRQHandler                          Drivers\STM32F4xx_HAL_Driver\stm32f4xx_hal_gpio.o
                                                  Application\User\stm32f4xx_it.o
HAL_GPIO_Init                                     Drivers\STM32F4xx_HAL_Driver\stm32f4xx_hal_gpio.o
                                                  Drivers\STM32F4xx_HAL_Driver\stm32f4xx_hal_rcc.o
                                                  Application\User\main.o
HAL_GPIO_LockPin                                  Drivers\STM32F4xx_HAL_Driver\stm32f4xx_hal_gpio.o
HAL_GPIO_ReadPin                                  Drivers\STM32F4xx_HAL_Driver\stm32f4xx_hal_gpio.o
HAL_GPIO_TogglePin                                Drivers\STM32F4xx_HAL_Driver\stm32f4xx_hal_gpio.o
                                                  Application\User\stm32f4xx_it.o
HAL_GPIO_WritePin                                 Drivers\STM32F4xx_HAL_Driver\stm32f4xx_hal_gpio.o
                                                  Application\User\main.o
HAL_GetDEVID                                      Drivers\STM32F4xx_HAL_Driver\stm32f4xx_hal.o
HAL_GetHalVersion                                 Drivers\STM32F4xx_HAL_Driver\stm32f4xx_hal.o
HAL_GetREVID                                      Drivers\STM32F4xx_HAL_Driver\stm32f4xx_hal.o
HAL_GetTick                                       Drivers\STM32F4xx_HAL_Driver\stm32f4xx_hal.o
                                                  Drivers\STM32F4xx_HAL_Driver\stm32f4xx_hal_rcc_ex.o
                                                  Drivers\STM32F4xx_HAL_Driver\stm32f4xx_hal_rcc.o
                                                  Drivers\STM32F4xx_HAL_Driver\stm32f4xx_hal_pwr_ex.o
                                                  Drivers\STM32F4xx_HAL_Driver\stm32f4xx_hal_flash.o
                                                  Drivers\STM32F4xx_HAL_Driver\stm32f4xx_hal_dma.o
HAL_IncTick                                       Drivers\STM32F4xx_HAL_Driver\stm32f4xx_hal.o
                                                  Application\User\stm32f4xx_it.o
HAL_Init                                          Drivers\STM32F4xx_HAL_Driver\stm32f4xx_hal.o
                                                  Application\User\main.o
HAL_InitTick                                      Drivers\STM32F4xx_HAL_Driver\stm32f4xx_hal.o
                                                  Drivers\STM32F4xx_HAL_Driver\stm32f4xx_hal_rcc.o
HAL_MPU_ConfigRegion                              Drivers\STM32F4xx_HAL_Driver\stm32f4xx_hal_cortex.o
HAL_MspDeInit                                     Drivers\STM32F4xx_HAL_Driver\stm32f4xx_hal.o
HAL_MspInit                                       Application\User\stm32f4xx_hal_msp.o
HAL_NVIC_ClearPendingIRQ                          Drivers\STM32F4xx_HAL_Driver\stm32f4xx_hal_cortex.o
HAL_NVIC_DisableIRQ                               Drivers\STM32F4xx_HAL_Driver\stm32f4xx_hal_cortex.o
HAL_NVIC_EnableIRQ                                Drivers\STM32F4xx_HAL_Driver\stm32f4xx_hal_cortex.o
                                                  Application\User\main.o
HAL_NVIC_GetActive                                Drivers\STM32F4xx_HAL_Driver\stm32f4xx_hal_cortex.o
HAL_NVIC_GetPendingIRQ                            Drivers\STM32F4xx_HAL_Driver\stm32f4xx_hal_cortex.o
HAL_NVIC_GetPriority                              Drivers\STM32F4xx_HAL_Driver\stm32f4xx_hal_cortex.o
HAL_NVIC_GetPriorityGrouping                      Drivers\STM32F4xx_HAL_Driver\stm32f4xx_hal_cortex.o
HAL_NVIC_SetPendingIRQ                            Drivers\STM32F4xx_HAL_Driver\stm32f4xx_hal_cortex.o
HAL_NVIC_SetPriority                              Drivers\STM32F4xx_HAL_Driver\stm32f4xx_hal_cortex.o
                                                  Drivers\STM32F4xx_HAL_Driver\stm32f4xx_hal.o
                                                  Application\User\stm32f4xx_hal_msp.o
                                                  Application\User\main.o
HAL_NVIC_SetPriorityGrouping                      Drivers\STM32F4xx_HAL_Driver\stm32f4xx_hal_cortex.o
                                                  Drivers\STM32F4xx_HAL_Driver\stm32f4xx_hal.o
                                                  Application\User\stm32f4xx_hal_msp.o
HAL_NVIC_SystemReset                              Drivers\STM32F4xx_HAL_Driver\stm32f4xx_hal_cortex.o
HAL_PWREx_ControlVoltageScaling                   Drivers\STM32F4xx_HAL_Driver\stm32f4xx_hal_pwr_ex.o
HAL_PWREx_DisableBkUpReg                          Drivers\STM32F4xx_HAL_Driver\stm32f4xx_hal_pwr_ex.o
HAL_PWREx_DisableFlashPowerDown                   Drivers\STM32F4xx_HAL_Driver\stm32f4xx_hal_pwr_ex.o
HAL_PWREx_EnableBkUpReg                           Drivers\STM32F4xx_HAL_Driver\stm32f4xx_hal_pwr_ex.o
HAL_PWREx_EnableFlashPowerDown                    Drivers\STM32F4xx_HAL_Driver\stm32f4xx_hal_pwr_ex.o
HAL_PWREx_GetVoltageRange                         Drivers\STM32F4xx_HAL_Driver\stm32f4xx_hal_pwr_ex.o
HAL_PWR_ConfigPVD                                 Drivers\STM32F4xx_HAL_Driver\stm32f4xx_hal_pwr.o
HAL_PWR_DeInit                                    Drivers\STM32F4xx_HAL_Driver\stm32f4xx_hal_pwr.o
HAL_PWR_DisableBkUpAccess                         Drivers\STM32F4xx_HAL_Driver\stm32f4xx_hal_pwr.o
HAL_PWR_DisablePVD                                Drivers\STM32F4xx_HAL_Driver\stm32f4xx_hal_pwr.o
HAL_PWR_DisableSEVOnPend                          Drivers\STM32F4xx_HAL_Driver\stm32f4xx_hal_pwr.o
HAL_PWR_DisableSleepOnExit                        Drivers\STM32F4xx_HAL_Driver\stm32f4xx_hal_pwr.o
HAL_PWR_DisableWakeUpPin                          Drivers\STM32F4xx_HAL_Driver\stm32f4xx_hal_pwr.o
HAL_PWR_EnableBkUpAccess                          Drivers\STM32F4xx_HAL_Driver\stm32f4xx_hal_pwr.o
HAL_PWR_EnablePVD                                 Drivers\STM32F4xx_HAL_Driver\stm32f4xx_hal_pwr.o
HAL_PWR_EnableSEVOnPend                           Drivers\STM32F4xx_HAL_Driver\stm32f4xx_hal_pwr.o
HAL_PWR_EnableSleepOnExit                         Drivers\STM32F4xx_HAL_Driver\stm32f4xx_hal_pwr.o
HAL_PWR_EnableWakeUpPin                           Drivers\STM32F4xx_HAL_Driver\stm32f4xx_hal_pwr.o
HAL_PWR_EnterSLEEPMode                            Drivers\STM32F4xx_HAL_Driver\stm32f4xx_hal_pwr.o
HAL_PWR_EnterSTANDBYMode                          Drivers\STM32F4xx_HAL_Driver\stm32f4xx_hal_pwr.o
HAL_PWR_EnterSTOPMode                             Drivers\STM32F4xx_HAL_Driver\stm32f4xx_hal_pwr.o
HAL_PWR_PVDCallback                               Drivers\STM32F4xx_HAL_Driver\stm32f4xx_hal_pwr.o
HAL_PWR_PVD_IRQHandler                            Drivers\STM32F4xx_HAL_Driver\stm32f4xx_hal_pwr.o
HAL_RCCEx_GetPeriphCLKConfig                      Drivers\STM32F4xx_HAL_Driver\stm32f4xx_hal_rcc_ex.o
HAL_RCCEx_PeriphCLKConfig                         Drivers\STM32F4xx_HAL_Driver\stm32f4xx_hal_rcc_ex.o
HAL_RCC_CSSCallback                               Drivers\STM32F4xx_HAL_Driver\stm32f4xx_hal_rcc.o
HAL_RCC_ClockConfig                               Drivers\STM32F4xx_HAL_Driver\stm32f4xx_hal_rcc.o
                                                  Application\User\main.o
HAL_RCC_DeInit                                    Drivers\STM32F4xx_HAL_Driver\stm32f4xx_hal_rcc_ex.o
                                                  Drivers\STM32F4xx_HAL_Driver\stm32f4xx_hal_rcc.o
HAL_RCC_DisableCSS                                Drivers\STM32F4xx_HAL_Driver\stm32f4xx_hal_rcc.o
HAL_RCC_EnableCSS                                 Drivers\STM32F4xx_HAL_Driver\stm32f4xx_hal_rcc.o
HAL_RCC_GetClockConfig                            Drivers\STM32F4xx_HAL_Driver\stm32f4xx_hal_rcc.o
HAL_RCC_GetHCLKFreq                               Drivers\STM32F4xx_HAL_Driver\stm32f4xx_hal_rcc.o
                                                  Drivers\STM32F4xx_HAL_Driver\stm32f4xx_hal.o
                                                  Application\User\main.o
HAL_RCC_GetOscConfig                              Drivers\STM32F4xx_HAL_Driver\stm32f4xx_hal_rcc.o
HAL_RCC_GetPCLK1Freq                              Drivers\STM32F4xx_HAL_Driver\stm32f4xx_hal_rcc.o
HAL_RCC_GetPCLK2Freq                              Drivers\STM32F4xx_HAL_Driver\stm32f4xx_hal_rcc.o
HAL_RCC_GetSysClockFreq                           Drivers\STM32F4xx_HAL_Driver\stm32f4xx_hal_rcc.o
HAL_RCC_MCOConfig                                 Drivers\STM32F4xx_HAL_Driver\stm32f4xx_hal_rcc.o
HAL_RCC_NMI_IRQHandler                            Drivers\STM32F4xx_HAL_Driver\stm32f4xx_hal_rcc.o
HAL_RCC_OscConfig                                 Drivers\STM32F4xx_HAL_Driver\stm32f4xx_hal_rcc.o
                                                  Application\User\main.o
HAL_ResumeTick                                    Drivers\STM32F4xx_HAL_Driver\stm32f4xx_hal.o
HAL_SYSTICK_CLKSourceConfig                       Drivers\STM32F4xx_HAL_Driver\stm32f4xx_hal_cortex.o
                                                  Application\User\main.o
HAL_SYSTICK_Callback                              Drivers\STM32F4xx_HAL_Driver\stm32f4xx_hal_cortex.o
HAL_SYSTICK_Config                                Drivers\STM32F4xx_HAL_Driver\stm32f4xx_hal_cortex.o
                                                  Drivers\STM32F4xx_HAL_Driver\stm32f4xx_hal.o
                                                  Application\User\main.o
HAL_SYSTICK_IRQHandler                            Drivers\STM32F4xx_HAL_Driver\stm32f4xx_hal_cortex.o
                                                  Application\User\stm32f4xx_it.o
HAL_SuspendTick                                   Drivers\STM32F4xx_HAL_Driver\stm32f4xx_hal.o
HASH_RNG_IRQHandler                               Application\TrueSTUDIO\startup_stm32f407xx.o
HardFault_Handler                                 Application\TrueSTUDIO\startup_stm32f407xx.o
I2C1_ER_IRQHandler                                Application\TrueSTUDIO\startup_stm32f407xx.o
I2C1_EV_IRQHandler                                Application\TrueSTUDIO\startup_stm32f407xx.o
I2C2_ER_IRQHandler                                Application\TrueSTUDIO\startup_stm32f407xx.o
I2C2_EV_IRQHandler                                Application\TrueSTUDIO\startup_stm32f407xx.o
I2C3_ER_IRQHandler                                Application\TrueSTUDIO\startup_stm32f407xx.o
I2C3_EV_IRQHandler                                Application\TrueSTUDIO\startup_stm32f407xx.o
MemManage_Handler                                 Application\TrueSTUDIO\startup_stm32f407xx.o
NMI_Handler                                       Application\TrueSTUDIO\startup_stm32f407xx.o
OTG_FS_IRQHandler                                 Application\TrueSTUDIO\startup_stm32f407xx.o
OTG_FS_WKUP_IRQHandler                            Application\TrueSTUDIO\startup_stm32f407xx.o
OTG_HS_EP1_IN_IRQHandler                          Application\TrueSTUDIO\startup_stm32f407xx.o
OTG_HS_EP1_OUT_IRQHandler                         Application\TrueSTUDIO\startup_stm32f407xx.o
OTG_HS_IRQHandler                                 Application\TrueSTUDIO\startup_stm32f407xx.o
OTG_HS_WKUP_IRQHandler                            Application\TrueSTUDIO\startup_stm32f407xx.o
PVD_IRQHandler                                    Application\TrueSTUDIO\startup_stm32f407xx.o
PendSV_Handler                                    Application\TrueSTUDIO\startup_stm32f407xx.o
RCC_IRQHandler                                    Application\TrueSTUDIO\startup_stm32f407xx.o
RTC_Alarm_IRQHandler                              Application\TrueSTUDIO\startup_stm32f407xx.o
RTC_WKUP_IRQHandler                               Application\TrueSTUDIO\startup_stm32f407xx.o
Reset_Handler                                     Application\TrueSTUDIO\startup_stm32f407xx.o
SDIO_IRQHandler                                   Application\TrueSTUDIO\startup_stm32f407xx.o
SPI1_IRQHandler                                   Application\TrueSTUDIO\startup_stm32f407xx.o
SPI2_IRQHandler                                   Application\TrueSTUDIO\startup_stm32f407xx.o
SPI3_IRQHandler                                   Application\TrueSTUDIO\startup_stm32f407xx.o
SVC_Handler                                       Application\TrueSTUDIO\startup_stm32f407xx.o
SysTick_Handler                                   Application\User\stm32f4xx_it.o
                                                  Application\TrueSTUDIO\startup_stm32f407xx.o
SystemClock_Config                                Application\User\main.o
SystemCoreClock                                   Drivers\CMSIS\system_stm32f4xx.o
                                                  Drivers\STM32F4xx_HAL_Driver\stm32f4xx_hal_rcc.o
SystemCoreClockUpdate                             Drivers\CMSIS\system_stm32f4xx.o
SystemInit                                        Drivers\CMSIS\system_stm32f4xx.o
                                                  Application\TrueSTUDIO\startup_stm32f407xx.o
TAMP_STAMP_IRQHandler                             Application\TrueSTUDIO\startup_stm32f407xx.o
TIM1_BRK_TIM9_IRQHandler                          Application\TrueSTUDIO\startup_stm32f407xx.o
TIM1_CC_IRQHandler                                Application\TrueSTUDIO\startup_stm32f407xx.o
TIM1_TRG_COM_TIM11_IRQHandler                     Application\TrueSTUDIO\startup_stm32f407xx.o
TIM1_UP_TIM10_IRQHandler                          Application\TrueSTUDIO\startup_stm32f407xx.o
TIM2_IRQHandler                                   Application\TrueSTUDIO\startup_stm32f407xx.o
TIM3_IRQHandler                                   Application\TrueSTUDIO\startup_stm32f407xx.o
TIM4_IRQHandler                                   Application\TrueSTUDIO\startup_stm32f407xx.o
TIM5_IRQHandler                                   Application\TrueSTUDIO\startup_stm32f407xx.o
TIM6_DAC_IRQHandler                               Application\TrueSTUDIO\startup_stm32f407xx.o
TIM7_IRQHandler                                   Application\TrueSTUDIO\startup_stm32f407xx.o
TIM8_BRK_TIM12_IRQHandler                         Application\TrueSTUDIO\startup_stm32f407xx.o
TIM8_CC_IRQHandler                                Application\TrueSTUDIO\startup_stm32f407xx.o
TIM8_TRG_COM_TIM14_IRQHandler                     Application\TrueSTUDIO\startup_stm32f407xx.o
TIM8_UP_TIM13_IRQHandler                          Application\TrueSTUDIO\startup_stm32f407xx.o
UART4_IRQHandler                                  Application\TrueSTUDIO\startup_stm32f407xx.o
UART5_IRQHandler                                  Application\TrueSTUDIO\startup_stm32f407xx.o
USART1_IRQHandler                                 Application\TrueSTUDIO\startup_stm32f407xx.o
USART2_IRQHandler                                 Application\TrueSTUDIO\startup_stm32f407xx.o
USART3_IRQHandler                                 Application\TrueSTUDIO\startup_stm32f407xx.o
USART6_IRQHandler                                 Application\TrueSTUDIO\startup_stm32f407xx.o
UsageFault_Handler                                Application\TrueSTUDIO\startup_stm32f407xx.o
WWDG_IRQHandler                                   Application\TrueSTUDIO\startup_stm32f407xx.o
__deregister_frame_info                           c:/program files (x86)/atollic/truestudio for stm32 9.0.0/armtools/bin/../lib/gcc/arm-atollic-eabi/6.3.1/armv7e-m/fpu/crtbegin.o
__dso_handle                                      c:/program files (x86)/atollic/truestudio for stm32 9.0.0/armtools/bin/../lib/gcc/arm-atollic-eabi/6.3.1/armv7e-m/fpu/crtbegin.o
__init_array_end                                  c:/program files (x86)/atollic/truestudio for stm32 9.0.0/armtools/bin/../lib/gcc/arm-atollic-eabi/6.3.1/../../../../arm-atollic-eabi/lib/armv7e-m/fpu\libc_nano.a(lib_a-init.o)
__init_array_start                                c:/program files (x86)/atollic/truestudio for stm32 9.0.0/armtools/bin/../lib/gcc/arm-atollic-eabi/6.3.1/../../../../arm-atollic-eabi/lib/armv7e-m/fpu\libc_nano.a(lib_a-init.o)
__libc_init_array                                 c:/program files (x86)/atollic/truestudio for stm32 9.0.0/armtools/bin/../lib/gcc/arm-atollic-eabi/6.3.1/../../../../arm-atollic-eabi/lib/armv7e-m/fpu\libc_nano.a(lib_a-init.o)
                                                  Application\TrueSTUDIO\startup_stm32f407xx.o
__preinit_array_end                               c:/program files (x86)/atollic/truestudio for stm32 9.0.0/armtools/bin/../lib/gcc/arm-atollic-eabi/6.3.1/../../../../arm-atollic-eabi/lib/armv7e-m/fpu\libc_nano.a(lib_a-init.o)
__preinit_array_start                             c:/program files (x86)/atollic/truestudio for stm32 9.0.0/armtools/bin/../lib/gcc/arm-atollic-eabi/6.3.1/../../../../arm-atollic-eabi/lib/armv7e-m/fpu\libc_nano.a(lib_a-init.o)
__register_frame_info                             c:/program files (x86)/atollic/truestudio for stm32 9.0.0/armtools/bin/../lib/gcc/arm-atollic-eabi/6.3.1/armv7e-m/fpu/crtbegin.o
_ebss                                             Application\TrueSTUDIO\startup_stm32f407xx.o
_edata                                            Application\TrueSTUDIO\startup_stm32f407xx.o
_estack                                           Application\TrueSTUDIO\startup_stm32f407xx.o
_fini                                             c:/program files (x86)/atollic/truestudio for stm32 9.0.0/armtools/bin/../lib/gcc/arm-atollic-eabi/6.3.1/armv7e-m/fpu/crti.o
_init                                             c:/program files (x86)/atollic/truestudio for stm32 9.0.0/armtools/bin/../lib/gcc/arm-atollic-eabi/6.3.1/armv7e-m/fpu/crti.o
                                                  c:/program files (x86)/atollic/truestudio for stm32 9.0.0/armtools/bin/../lib/gcc/arm-atollic-eabi/6.3.1/../../../../arm-atollic-eabi/lib/armv7e-m/fpu\libc_nano.a(lib_a-init.o)
_sbss                                             Application\TrueSTUDIO\startup_stm32f407xx.o
_sdata                                            Application\TrueSTUDIO\startup_stm32f407xx.o
_sidata                                           Application\TrueSTUDIO\startup_stm32f407xx.o
g_pfnVectors                                      Application\TrueSTUDIO\startup_stm32f407xx.o
main                                              Application\User\main.o
                                                  Application\TrueSTUDIO\startup_stm32f407xx.o
pFlash                                            Drivers\STM32F4xx_HAL_Driver\stm32f4xx_hal_flash.o
                                                  Drivers\STM32F4xx_HAL_Driver\stm32f4xx_hal_flash_ex.o
uwTick                                            Drivers\STM32F4xx_HAL_Driver\stm32f4xx_hal.o
